Component: ARM Compiler 5.06 update 6 (build 750) Tool: armlink [4d35ed]

==============================================================================

Section Cross References

    startup_stm32f302x8.o(STACK) refers (Special) to heapauxi.o(.text) for __use_two_region_memory
    startup_stm32f302x8.o(HEAP) refers (Special) to heapauxi.o(.text) for __use_two_region_memory
    startup_stm32f302x8.o(RESET) refers (Special) to heapauxi.o(.text) for __use_two_region_memory
    startup_stm32f302x8.o(RESET) refers to startup_stm32f302x8.o(STACK) for __initial_sp
    startup_stm32f302x8.o(RESET) refers to startup_stm32f302x8.o(.text) for Reset_Handler
    startup_stm32f302x8.o(RESET) refers to stm32_mc_common_it.o(i.HardFault_Handler) for HardFault_Handler
    startup_stm32f302x8.o(RESET) refers to stm32_mc_common_it.o(i.SysTick_Handler) for SysTick_Handler
    startup_stm32f302x8.o(RESET) refers to stm32f30x_mc_it.o(i.ADC1_IRQHandler) for ADC1_IRQHandler
    startup_stm32f302x8.o(RESET) refers to stm32f30x_mc_it.o(i.TIM1_BRK_TIM15_IRQHandler) for TIM1_BRK_TIM15_IRQHandler
    startup_stm32f302x8.o(RESET) refers to stm32f30x_mc_it.o(i.TIM1_UP_TIM16_IRQHandler) for TIM1_UP_TIM16_IRQHandler
    startup_stm32f302x8.o(RESET) refers to stm32_mc_common_it.o(i.TIM2_IRQHandler) for TIM2_IRQHandler
    startup_stm32f302x8.o(RESET) refers to stm32_mc_common_it.o(i.USART2_IRQHandler) for USART2_IRQHandler
    startup_stm32f302x8.o(RESET) refers to stm32_mc_common_it.o(i.EXTI15_10_IRQHandler) for EXTI15_10_IRQHandler
    startup_stm32f302x8.o(.text) refers (Special) to heapauxi.o(.text) for __use_two_region_memory
    startup_stm32f302x8.o(.text) refers to system_stm32f3xx.o(i.SystemInit) for SystemInit
    startup_stm32f302x8.o(.text) refers to __main.o(!!!main) for __main
    startup_stm32f302x8.o(.text) refers to startup_stm32f302x8.o(HEAP) for Heap_Mem
    startup_stm32f302x8.o(.text) refers to startup_stm32f302x8.o(STACK) for Stack_Mem
    main.o(i.MX_ADC1_Init) refers to rt_memclr_w.o(.text) for __aeabi_memclr4
    main.o(i.MX_ADC1_Init) refers to stm32f3xx_hal_adc_ex.o(i.HAL_ADC_Init) for HAL_ADC_Init
    main.o(i.MX_ADC1_Init) refers to stm32f3xx_hal_adc_ex.o(i.HAL_ADCEx_InjectedConfigChannel) for HAL_ADCEx_InjectedConfigChannel
    main.o(i.MX_ADC1_Init) refers to stm32f3xx_hal_adc_ex.o(i.HAL_ADC_ConfigChannel) for HAL_ADC_ConfigChannel
    main.o(i.MX_ADC1_Init) refers to main.o(.bss) for .bss
    main.o(i.MX_GPIO_Init) refers to rt_memclr_w.o(.text) for __aeabi_memclr4
    main.o(i.MX_GPIO_Init) refers to stm32f3xx_hal_gpio.o(i.HAL_GPIO_WritePin) for HAL_GPIO_WritePin
    main.o(i.MX_GPIO_Init) refers to stm32f3xx_hal_gpio.o(i.HAL_GPIO_Init) for HAL_GPIO_Init
    main.o(i.MX_NVIC_Init) refers to stm32f3xx_hal_cortex.o(i.HAL_NVIC_SetPriority) for HAL_NVIC_SetPriority
    main.o(i.MX_NVIC_Init) refers to stm32f3xx_hal_cortex.o(i.HAL_NVIC_EnableIRQ) for HAL_NVIC_EnableIRQ
    main.o(i.MX_TIM1_Init) refers to rt_memclr_w.o(.text) for __aeabi_memclr4
    main.o(i.MX_TIM1_Init) refers to stm32f3xx_hal_tim.o(i.HAL_TIM_PWM_Init) for HAL_TIM_PWM_Init
    main.o(i.MX_TIM1_Init) refers to stm32f3xx_hal_tim_ex.o(i.HAL_TIMEx_MasterConfigSynchronization) for HAL_TIMEx_MasterConfigSynchronization
    main.o(i.MX_TIM1_Init) refers to stm32f3xx_hal_tim.o(i.HAL_TIM_PWM_ConfigChannel) for HAL_TIM_PWM_ConfigChannel
    main.o(i.MX_TIM1_Init) refers to stm32f3xx_hal_tim_ex.o(i.HAL_TIMEx_ConfigBreakDeadTime) for HAL_TIMEx_ConfigBreakDeadTime
    main.o(i.MX_TIM1_Init) refers to stm32f3xx_hal_msp.o(i.HAL_TIM_MspPostInit) for HAL_TIM_MspPostInit
    main.o(i.MX_TIM1_Init) refers to main.o(.bss) for .bss
    main.o(i.MX_TIM2_Init) refers to rt_memclr_w.o(.text) for __aeabi_memclr4
    main.o(i.MX_TIM2_Init) refers to stm32f3xx_hal_tim.o(i.HAL_TIM_Encoder_Init) for HAL_TIM_Encoder_Init
    main.o(i.MX_TIM2_Init) refers to stm32f3xx_hal_tim_ex.o(i.HAL_TIMEx_MasterConfigSynchronization) for HAL_TIMEx_MasterConfigSynchronization
    main.o(i.MX_TIM2_Init) refers to main.o(.bss) for .bss
    main.o(i.MX_USART2_UART_Init) refers to stm32f3xx_hal_uart.o(i.HAL_UART_Init) for HAL_UART_Init
    main.o(i.MX_USART2_UART_Init) refers to main.o(.bss) for .bss
    main.o(i.SystemClock_Config) refers to rt_memclr_w.o(.text) for __aeabi_memclr4
    main.o(i.SystemClock_Config) refers to stm32f3xx_hal_rcc.o(i.HAL_RCC_OscConfig) for HAL_RCC_OscConfig
    main.o(i.SystemClock_Config) refers to stm32f3xx_hal_rcc.o(i.HAL_RCC_ClockConfig) for HAL_RCC_ClockConfig
    main.o(i.SystemClock_Config) refers to stm32f3xx_hal_rcc_ex.o(i.HAL_RCCEx_PeriphCLKConfig) for HAL_RCCEx_PeriphCLKConfig
    main.o(i.SystemClock_Config) refers to stm32f3xx_hal_rcc.o(i.HAL_RCC_EnableCSS) for HAL_RCC_EnableCSS
    main.o(i.main) refers to stm32f3xx_hal.o(i.HAL_Init) for HAL_Init
    main.o(i.main) refers to main.o(i.SystemClock_Config) for SystemClock_Config
    main.o(i.main) refers to main.o(i.MX_GPIO_Init) for MX_GPIO_Init
[...]
    USBWakeUp_RMP_IRQHandler                 0x08000283   Thumb Code     0  startup_stm32f302x8.o(.text)
    USB_HP_CAN_TX_IRQHandler                 0x08000283   Thumb Code     0  startup_stm32f302x8.o(.text)
    USB_HP_IRQHandler                        0x08000283   Thumb Code     0  startup_stm32f302x8.o(.text)
    USB_LP_CAN_RX0_IRQHandler                0x08000283   Thumb Code     0  startup_stm32f302x8.o(.text)
    USB_LP_IRQHandler                        0x08000283   Thumb Code     0  startup_stm32f302x8.o(.text)
    WWDG_IRQHandler                          0x08000283   Thumb Code     0  startup_stm32f302x8.o(.text)
    __user_initial_stackheap                 0x08000285   Thumb Code     0  startup_stm32f302x8.o(.text)
    __aeabi_uldivmod                         0x080002a9   Thumb Code     0  lludivv7m.o(.text)
    _ll_udiv                                 0x080002a9   Thumb Code   238  lludivv7m.o(.text)
    __aeabi_memcpy                           0x08000397   Thumb Code     0  rt_memcpy_v6.o(.text)
    __rt_memcpy                              0x08000397   Thumb Code   138  rt_memcpy_v6.o(.text)
    _memcpy_lastbytes                        0x080003fd   Thumb Code     0  rt_memcpy_v6.o(.text)
    __aeabi_memcpy4                          0x08000421   Thumb Code     0  rt_memcpy_w.o(.text)
    __aeabi_memcpy8                          0x08000421   Thumb Code     0  rt_memcpy_w.o(.text)
    __rt_memcpy_w                            0x08000421   Thumb Code   100  rt_memcpy_w.o(.text)
    _memcpy_lastbytes_aligned                0x08000469   Thumb Code     0  rt_memcpy_w.o(.text)
    __aeabi_memclr4                          0x08000485   Thumb Code     0  rt_memclr_w.o(.text)
    __aeabi_memclr8                          0x08000485   Thumb Code     0  rt_memclr_w.o(.text)
    __rt_memclr_w                            0x08000485   Thumb Code    78  rt_memclr_w.o(.text)
    _memset_w                                0x08000489   Thumb Code     0  rt_memclr_w.o(.text)
    __use_two_region_memory                  0x080004d3   Thumb Code     2  heapauxi.o(.text)
    __rt_heap_escrow$2region                 0x080004d5   Thumb Code     2  heapauxi.o(.text)
    __rt_heap_expand$2region                 0x080004d7   Thumb Code     2  heapauxi.o(.text)
    __user_setup_stackheap                   0x080004d9   Thumb Code    74  sys_stackheap_outer.o(.text)
    exit                                     0x08000523   Thumb Code    18  exit.o(.text)
    __user_libspace                          0x08000535   Thumb Code     8  libspace.o(.text)
    __user_perproc_libspace                  0x08000535   Thumb Code     0  libspace.o(.text)
    __user_perthread_libspace                0x08000535   Thumb Code     0  libspace.o(.text)
    _sys_exit                                0x0800053d   Thumb Code     8  sys_exit.o(.text)
    __I$use$semihosting                      0x08000549   Thumb Code     0  use_no_semi.o(.text)
    __use_no_semihosting_swi                 0x08000549   Thumb Code     2  use_no_semi.o(.text)
    ADC1_IRQHandler                          0x0800054b   Thumb Code    12  stm32f30x_mc_it.o(i.ADC1_IRQHandler)
    __semihosting_library_function           0x0800054b   Thumb Code     0  indicate_semi.o(.text)
    ASPEP_HWDataReceivedIT                   0x0800063d   Thumb Code   140  aspep.o(i.ASPEP_HWDataReceivedIT)
    ASPEP_HWDataTransmittedIT                0x080006cd   Thumb Code   148  aspep.o(i.ASPEP_HWDataTransmittedIT)
    ASPEP_HWReset                            0x08000761   Thumb Code    24  aspep.o(i.ASPEP_HWReset)
    ASPEP_RXframeProcess                     0x08000779   Thumb Code   292  aspep.o(i.ASPEP_RXframeProcess)
    ASPEP_getBuffer                          0x0800096d   Thumb Code    84  aspep.o(i.ASPEP_getBuffer)
    ASPEP_sendBeacon                         0x080009c1   Thumb Code    50  aspep.o(i.ASPEP_sendBeacon)
    ASPEP_sendPacket                         0x080009f3   Thumb Code    78  aspep.o(i.ASPEP_sendPacket)
    ASPEP_sendPing                           0x08000a41   Thumb Code    62  aspep.o(i.ASPEP_sendPing)
    ASPEP_start                              0x08000a7f   Thumb Code    40  aspep.o(i.ASPEP_start)
    Circle_Limitation                        0x08000aa7   Thumb Code    88  circle_limitation.o(i.Circle_Limitation)
    EAC_Exec                                 0x08000b21   Thumb Code    50  enc_align_ctrl.o(i.EAC_Exec)
    EAC_Init                                 0x08000b53   Thumb Code    12  enc_align_ctrl.o(i.EAC_Init)
    EAC_StartAlignment                       0x08000b5f   Thumb Code    82  enc_align_ctrl.o(i.EAC_StartAlignment)
    ENC_CalcAngle                            0x08000bb1   Thumb Code    42  encoder_speed_pos_fdbk.o(i.ENC_CalcAngle)
    ENC_CalcAvrgMecSpeedUnit                 0x08000bdb   Thumb Code   272  encoder_speed_pos_fdbk.o(i.ENC_CalcAvrgMecSpeedUnit)
    ENC_Clear                                0x08000ced   Thumb Code    34  encoder_speed_pos_fdbk.o(i.ENC_Clear)
    ENC_IRQHandler                           0x08000d0f   Thumb Code    12  encoder_speed_pos_fdbk.o(i.ENC_IRQHandler)
    ENC_Init                                 0x08000d1d   Thumb Code   116  encoder_speed_pos_fdbk.o(i.ENC_Init)
    ENC_SetMecAngle                          0x08000d91   Thumb Code    42  encoder_speed_pos_fdbk.o(i.ENC_SetMecAngle)
    EXTI15_10_IRQHandler                     0x08000dbd   Thumb Code    22  stm32_mc_common_it.o(i.EXTI15_10_IRQHandler)
    Error_Handler                            0x08000dd9   Thumb Code     4  main.o(i.Error_Handler)
    FOC_CalcCurrRef                          0x08000ddd   Thumb Code    48  mc_tasks_foc.o(i.FOC_CalcCurrRef)
    FOC_Clear                                0x08000e15   Thumb Code    72  mc_tasks_foc.o(i.FOC_Clear)
    FOC_HighFrequencyTask                    0x08000f39   Thumb Code    40  mc_tasks_foc.o(i.FOC_HighFrequencyTask)
    FOC_Init                                 0x08000f69   Thumb Code   162  mc_tasks_foc.o(i.FOC_Init)
    FOC_InitAdditionalMethods                0x08001059   Thumb Code     2  mc_tasks_foc.o(i.FOC_InitAdditionalMethods)
    HAL_ADCEx_InjectedConfigChannel          0x0800105d   Thumb Code   950  stm32f3xx_hal_adc_ex.o(i.HAL_ADCEx_InjectedConfigChannel)
    HAL_ADC_ConfigChannel                    0x08001429   Thumb Code   794  stm32f3xx_hal_adc_ex.o(i.HAL_ADC_ConfigChannel)
    HAL_ADC_Init                             0x08001755   Thumb Code   426  stm32f3xx_hal_adc_ex.o(i.HAL_ADC_Init)
    HAL_ADC_MspInit                          0x08001915   Thumb Code   140  stm32f3xx_hal_msp.o(i.HAL_ADC_MspInit)
    HAL_DMA_Init                             0x080019ad   Thumb Code    78  stm32f3xx_hal_dma.o(i.HAL_DMA_Init)
    HAL_GPIO_Init                            0x080019fd   Thumb Code   518  stm32f3xx_hal_gpio.o(i.HAL_GPIO_Init)
    HAL_GPIO_WritePin                        0x08001c1d   Thumb Code    10  stm32f3xx_hal_gpio.o(i.HAL_GPIO_WritePin)
    HAL_GetTick                              0x08001c29   Thumb Code     6  stm32f3xx_hal.o(i.HAL_GetTick)
    HAL_IncTick                              0x08001c35   Thumb Code    12  stm32f3xx_hal.o(i.HAL_IncTick)
    HAL_Init                                 0x08001c45   Thumb Code    32  stm32f3xx_hal.o(i.HAL_Init)
    HAL_InitTick                             0x08001c69   Thumb Code    54  stm32f3xx_hal.o(i.HAL_InitTick)
    HAL_MspInit                              0x08001ca9   Thumb Code    44  stm32f3xx_hal_msp.o(i.HAL_MspInit)
    HAL_NVIC_EnableIRQ                       0x08001cd9   Thumb Code    26  stm32f3xx_hal_cortex.o(i.HAL_NVIC_EnableIRQ)
    HAL_NVIC_SetPriority                     0x08001cf5   Thumb Code    60  stm32f3xx_hal_cortex.o(i.HAL_NVIC_SetPriority)
    HAL_NVIC_SetPriorityGrouping             0x08001d35   Thumb Code    26  stm32f3xx_hal_cortex.o(i.HAL_NVIC_SetPriorityGrouping)
    HAL_NVIC_SystemReset                     0x08001d59   Thumb Code    26  stm32f3xx_hal_cortex.o(i.HAL_NVIC_SystemReset)
    HAL_RCCEx_PeriphCLKConfig                0x08001d7d   Thumb Code   486  stm32f3xx_hal_rcc_ex.o(i.HAL_RCCEx_PeriphCLKConfig)
    HAL_RCC_ClockConfig                      0x08001f71   Thumb Code   308  stm32f3xx_hal_rcc.o(i.HAL_RCC_ClockConfig)
    HAL_RCC_EnableCSS                        0x080020b9   Thumb Code    20  stm32f3xx_hal_rcc.o(i.HAL_RCC_EnableCSS)
    HAL_RCC_GetHCLKFreq                      0x080020d1   Thumb Code     6  stm32f3xx_hal_rcc.o(i.HAL_RCC_GetHCLKFreq)
    HAL_RCC_GetPCLK1Freq                     0x080020dd   Thumb Code    34  stm32f3xx_hal_rcc.o(i.HAL_RCC_GetPCLK1Freq)
    HAL_RCC_GetPCLK2Freq                     0x0800210d   Thumb Code    34  stm32f3xx_hal_rcc.o(i.HAL_RCC_GetPCLK2Freq)
    HAL_RCC_GetSysClockFreq                  0x0800213d   Thumb Code    64  stm32f3xx_hal_rcc.o(i.HAL_RCC_GetSysClockFreq)
    HAL_RCC_OscConfig                        0x0800218d   Thumb Code  1480  stm32f3xx_hal_rcc.o(i.HAL_RCC_OscConfig)
    HAL_SYSTICK_Callback                     0x08002755   Thumb Code     2  stm32f3xx_hal_cortex.o(i.HAL_SYSTICK_Callback)
    HAL_SYSTICK_Config                       0x08002757   Thumb Code    40  stm32f3xx_hal_cortex.o(i.HAL_SYSTICK_Config)
    HAL_SYSTICK_IRQHandler                   0x0800277f   Thumb Code     8  stm32f3xx_hal_cortex.o(i.HAL_SYSTICK_IRQHandler)
    HAL_TIMEx_ConfigBreakDeadTime            0x08002789   Thumb Code   126  stm32f3xx_hal_tim_ex.o(i.HAL_TIMEx_ConfigBreakDeadTime)
    HAL_TIMEx_MasterConfigSynchronization    0x0800280d   Thumb Code    98  stm32f3xx_hal_tim_ex.o(i.HAL_TIMEx_MasterConfigSynchronization)
    HAL_TIM_Encoder_Init                     0x08002879   Thumb Code   162  stm32f3xx_hal_tim.o(i.HAL_TIM_Encoder_Init)
    HAL_TIM_Encoder_MspInit                  0x08002921   Thumb Code   126  stm32f3xx_hal_msp.o(i.HAL_TIM_Encoder_MspInit)
    HAL_TIM_MspPostInit                      0x080029a9   Thumb Code    74  stm32f3xx_hal_msp.o(i.HAL_TIM_MspPostInit)
    HAL_TIM_PWM_ConfigChannel                0x080029fd   Thumb Code   292  stm32f3xx_hal_tim.o(i.HAL_TIM_PWM_ConfigChannel)
    HAL_TIM_PWM_Init                         0x08002b21   Thumb Code    98  stm32f3xx_hal_tim.o(i.HAL_TIM_PWM_Init)
    HAL_TIM_PWM_MspInit                      0x08002b85   Thumb Code    92  stm32f3xx_hal_msp.o(i.HAL_TIM_PWM_MspInit)
    HAL_UART_Init                            0x08002be9   Thumb Code   102  stm32f3xx_hal_uart.o(i.HAL_UART_Init)
    HAL_UART_MspInit                         0x08002c51   Thumb Code   164  stm32f3xx_hal_msp.o(i.HAL_UART_MspInit)
    HF_GetIDSize                             0x08002d09   Thumb Code    34  hf_registers.o(i.HF_GetIDSize)
    HF_GetPtrReg                             0x08002d2d   Thumb Code   196  hf_registers.o(i.HF_GetPtrReg)
    HardFault_Handler                        0x08002e01   Thumb Code     6  stm32_mc_common_it.o(i.HardFault_Handler)
    MCI_Clear_Iqdref                         0x0800304d   Thumb Code    16  mc_interface.o(i.MCI_Clear_Iqdref)
    MCI_ExecBufferedCommands                 0x0800305d   Thumb Code   104  mc_interface.o(i.MCI_ExecBufferedCommands)
    MCI_ExecPositionCommand                  0x080030c5   Thumb Code    94  mc_interface.o(i.MCI_ExecPositionCommand)
    MCI_ExecSpeedRamp                        0x08003129   Thumb Code    16  mc_interface.o(i.MCI_ExecSpeedRamp)
    MCI_ExecTorqueRamp                       0x08003139   Thumb Code    18  mc_interface.o(i.MCI_ExecTorqueRamp)
    MCI_FaultAcknowledged                    0x0800314b   Thumb Code    36  mc_interface.o(i.MCI_FaultAcknowledged)
    MCI_FaultProcessing                      0x0800316f   Thumb Code    16  mc_interface.o(i.MCI_FaultProcessing)
    MCI_GetAvrgMecSpeedUnit                  0x0800317f   Thumb Code     8  mc_interface.o(i.MCI_GetAvrgMecSpeedUnit)
    MCI_GetControlMode                       0x08003187   Thumb Code     4  mc_interface.o(i.MCI_GetControlMode)
    MCI_GetCurrentFaults                     0x0800318b   Thumb Code     4  mc_interface.o(i.MCI_GetCurrentFaults)
    MCI_GetCurrentPosition                   0x0800318f   Thumb Code     6  mc_interface.o(i.MCI_GetCurrentPosition)
    MCI_GetFaultState                        0x08003195   Thumb Code    10  mc_interface.o(i.MCI_GetFaultState)
    MCI_GetIab                               0x0800319f   Thumb Code     6  mc_interface.o(i.MCI_GetIab)
    MCI_GetIalphabeta                        0x080031a5   Thumb Code     6  mc_interface.o(i.MCI_GetIalphabeta)
    MCI_GetIqd                               0x080031ab   Thumb Code     6  mc_interface.o(i.MCI_GetIqd)
    MCI_GetIqdref                            0x080031b1   Thumb Code     6  mc_interface.o(i.MCI_GetIqdref)
    MCI_GetLastRampFinalDuration             0x080031b7   Thumb Code     4  mc_interface.o(i.MCI_GetLastRampFinalDuration)
    MCI_GetLastRampFinalSpeed                0x080031bb   Thumb Code     6  mc_interface.o(i.MCI_GetLastRampFinalSpeed)
    MCI_GetLastRampFinalTorque               0x080031c1   Thumb Code     6  mc_interface.o(i.MCI_GetLastRampFinalTorque)
    MCI_GetMecSpeedRefUnit                   0x080031c7   Thumb Code     6  mc_interface.o(i.MCI_GetMecSpeedRefUnit)
    MCI_GetOccurredFaults                    0x080031cd   Thumb Code     4  mc_interface.o(i.MCI_GetOccurredFaults)
    MCI_GetSTMState                          0x080031d1   Thumb Code     4  mc_interface.o(i.MCI_GetSTMState)
    MCI_GetTeref                             0x080031d5   Thumb Code     8  mc_interface.o(i.MCI_GetTeref)
    MCI_GetValphabeta                        0x080031dd   Thumb Code     8  mc_interface.o(i.MCI_GetValphabeta)
    MCI_GetVqd                               0x080031e5   Thumb Code     8  mc_interface.o(i.MCI_GetVqd)
    MCI_SetCurrentReferences                 0x080031ed   Thumb Code    20  mc_interface.o(i.MCI_SetCurrentReferences)
    MCI_StartMotor                           0x08003201   Thumb Code    40  mc_interface.o(i.MCI_StartMotor)
    MCI_StopMotor                            0x08003229   Thumb Code    52  mc_interface.o(i.MCI_StopMotor)
    MCI_StopRamp                             0x0800325d   Thumb Code    10  mc_interface.o(i.MCI_StopRamp)
    MCM_Clarke                               0x08003269   Thumb Code    68  mc_math.o(i.MCM_Clarke)
    MCM_Park                                 0x080032b1   Thumb Code   120  mc_math.o(i.MCM_Park)
    MCM_Rev_Park                             0x0800332d   Thumb Code    52  mc_math.o(i.MCM_Rev_Park)
    MCM_Sqrt                                 0x08003361   Thumb Code    56  mc_math.o(i.MCM_Sqrt)
    MCM_Trig_Functions                       0x08003399   Thumb Code   108  mc_math.o(i.MCM_Trig_Functions)
    MCPA_cfgLog                              0x08003409   Thumb Code   178  mcpa.o(i.MCPA_cfgLog)
    MCPA_dataLog                             0x080034bd   Thumb Code   364  mcpa.o(i.MCPA_dataLog)
    MCP_ReceivedPacket                       0x08003661   Thumb Code   298  mcp.o(i.MCP_ReceivedPacket)
    MC_APP_BootHook                          0x08003795   Thumb Code    18  mc_app_hooks.o(i.MC_APP_BootHook)
    MC_APP_PostMediumFrequencyHook_M1        0x080037b1   Thumb Code    10  mc_app_hooks.o(i.MC_APP_PostMediumFrequencyHook_M1)
    MC_GetSTMStateMotor1                     0x080037c5   Thumb Code     8  mc_api.o(i.MC_GetSTMStateMotor1)
    MC_ProfilerCommand                       0x080037d1   Thumb Code     4  mc_api.o(i.MC_ProfilerCommand)
    MC_RunMotorControlTasks                  0x080037d5   Thumb Code   104  mc_tasks.o(i.MC_RunMotorControlTasks)
    MC_StartMotor1                           0x08003845   Thumb Code     8  mc_api.o(i.MC_StartMotor1)
    MC_StopMotor1                            0x08003851   Thumb Code     8  mc_api.o(i.MC_StopMotor1)
    MCboot                                   0x0800385d   Thumb Code    76  mc_tasks.o(i.MCboot)
    MX_MotorControl_Init                     0x08003a65   Thumb Code    44  motorcontrol.o(i.MX_MotorControl_Init)
    NTC_CalcAvTemp                           0x08003cad   Thumb Code    72  ntc_temperature_sensor.o(i.NTC_CalcAvTemp)
    NTC_GetAvTemp_C                          0x08003cf5   Thumb Code    30  ntc_temperature_sensor.o(i.NTC_GetAvTemp_C)
    NTC_Init                                 0x08003d13   Thumb Code    32  ntc_temperature_sensor.o(i.NTC_Init)
    PID_Controller                           0x08003d33   Thumb Code    60  pid_regulator.o(i.PID_Controller)
    PID_GetKD                                0x08003d6f   Thumb Code     6  pid_regulator.o(i.PID_GetKD)
    PID_GetKDDivisorPOW2                     0x08003d75   Thumb Code     4  pid_regulator.o(i.PID_GetKDDivisorPOW2)
    PID_GetKI                                0x08003d79   Thumb Code     6  pid_regulator.o(i.PID_GetKI)
    PID_GetKIDivisorPOW2                     0x08003d7f   Thumb Code     4  pid_regulator.o(i.PID_GetKIDivisorPOW2)
    PID_GetKP                                0x08003d83   Thumb Code     6  pid_regulator.o(i.PID_GetKP)
    PID_GetKPDivisorPOW2                     0x08003d89   Thumb Code     4  pid_regulator.o(i.PID_GetKPDivisorPOW2)
    PID_HandleInit                           0x08003d8d   Thumb Code    20  pid_regulator.o(i.PID_HandleInit)
    PID_SetIntegralTerm                      0x08003da1   Thumb Code     4  pid_regulator.o(i.PID_SetIntegralTerm)
    PID_SetKD                                0x08003da5   Thumb Code     4  pid_regulator.o(i.PID_SetKD)
    PID_SetKDDivisorPOW2                     0x08003da9   Thumb Code    10  pid_regulator.o(i.PID_SetKDDivisorPOW2)
    PID_SetKI                                0x08003db3   Thumb Code     4  pid_regulator.o(i.PID_SetKI)
    PID_SetKIDivisorPOW2                     0x08003db7   Thumb Code    32  pid_regulator.o(i.PID_SetKIDivisorPOW2)
    PID_SetKP                                0x08003dd7   Thumb Code     4  pid_regulator.o(i.PID_SetKP)
    PID_SetKPDivisorPOW2                     0x08003ddb   Thumb Code    10  pid_regulator.o(i.PID_SetKPDivisorPOW2)
    PID_SetLowerIntegralTermLimit            0x08003de5   Thumb Code     4  pid_regulator.o(i.PID_SetLowerIntegralTermLimit)
    PID_SetUpperIntegralTermLimit            0x08003de9   Thumb Code     4  pid_regulator.o(i.PID_SetUpperIntegralTermLimit)
    PI_Controller                            0x08003ded   Thumb Code   118  pid_regulator.o(i.PI_Controller)
    POT_Clear                                0x08003e69   Thumb Code    30  potentiometer.o(i.POT_Clear)
    POT_Init                                 0x08003e87   Thumb Code    12  potentiometer.o(i.POT_Init)
    POT_TakeMeasurement                      0x08003e93   Thumb Code    50  potentiometer.o(i.POT_TakeMeasurement)
    PQD_CalcElMotorPower                     0x08003ec5   Thumb Code    46  pqd_motor_power_measurement.o(i.PQD_CalcElMotorPower)
    PQD_GetAvrgElMotorPowerW                 0x08003ef3   Thumb Code    44  pqd_motor_power_measurement.o(i.PQD_GetAvrgElMotorPowerW)
    PWMC_CurrentReadingCalibr                0x08003f1f   Thumb Code    48  pwm_curr_fdbk.o(i.PWMC_CurrentReadingCalibr)
    PWMC_DP_Handler                          0x08003f4f   Thumb Code    20  pwm_curr_fdbk.o(i.PWMC_DP_Handler)
    PWMC_IsFaultOccurred                     0x08003f63   Thumb Code    54  pwm_curr_fdbk.o(i.PWMC_IsFaultOccurred)
    PWMC_OVP_Handler                         0x08003f99   Thumb Code    22  pwm_curr_fdbk.o(i.PWMC_OVP_Handler)
    PWMC_SetPhaseVoltage                     0x08003faf   Thumb Code   546  pwm_curr_fdbk.o(i.PWMC_SetPhaseVoltage)
    PWMC_SwitchOffPWM                        0x080041d1   Thumb Code     4  pwm_curr_fdbk.o(i.PWMC_SwitchOffPWM)
    PWMC_SwitchOnPWM                         0x080041d5   Thumb Code     4  pwm_curr_fdbk.o(i.PWMC_SwitchOnPWM)
    R3_1_CurrentReadingPolarization          0x0800427d   Thumb Code   318  r3_1_f30x_pwm_curr_fdbk.o(i.R3_1_CurrentReadingPolarization)
    R3_1_GetOffsetCalib                      0x080043c9   Thumb Code    16  r3_1_f30x_pwm_curr_fdbk.o(i.R3_1_GetOffsetCalib)
    R3_1_GetPhaseCurrents                    0x080043d9   Thumb Code   230  r3_1_f30x_pwm_curr_fdbk.o(i.R3_1_GetPhaseCurrents)
    R3_1_Init                                0x08004535   Thumb Code   264  r3_1_f30x_pwm_curr_fdbk.o(i.R3_1_Init)
    R3_1_RLDetectionModeDisable              0x08004649   Thumb Code   230  r3_1_f30x_pwm_curr_fdbk.o(i.R3_1_RLDetectionModeDisable)
    R3_1_RLDetectionModeEnable               0x08004741   Thumb Code   172  r3_1_f30x_pwm_curr_fdbk.o(i.R3_1_RLDetectionModeEnable)
    R3_1_RLDetectionModeSetDuty              0x080047fd   Thumb Code    58  r3_1_f30x_pwm_curr_fdbk.o(i.R3_1_RLDetectionModeSetDuty)
    R3_1_RLTurnOnLowSidesAndStart            0x0800494b   Thumb Code   164  r3_1_f30x_pwm_curr_fdbk.o(i.R3_1_RLTurnOnLowSidesAndStart)
    R3_1_SetADCSampPointPolarization         0x080049ef   Thumb Code    20  r3_1_f30x_pwm_curr_fdbk.o(i.R3_1_SetADCSampPointPolarization)
    R3_1_SetADCSampPointSectX                0x08004a03   Thumb Code    86  r3_1_f30x_pwm_curr_fdbk.o(i.R3_1_SetADCSampPointSectX)
    R3_1_SetOffsetCalib                      0x08004ad9   Thumb Code    22  r3_1_f30x_pwm_curr_fdbk.o(i.R3_1_SetOffsetCalib)
    R3_1_SwitchOffPWM                        0x08004aef   Thumb Code    62  r3_1_f30x_pwm_curr_fdbk.o(i.R3_1_SwitchOffPWM)
    R3_1_SwitchOnPWM                         0x08004b2d   Thumb Code   202  r3_1_f30x_pwm_curr_fdbk.o(i.R3_1_SwitchOnPWM)
    R3_1_TIMx_UP_IRQHandler                  0x08004ce5   Thumb Code    46  r3_1_f30x_pwm_curr_fdbk.o(i.R3_1_TIMx_UP_IRQHandler)
    R3_1_TurnOnLowSides                      0x08004d13   Thumb Code   116  r3_1_f30x_pwm_curr_fdbk.o(i.R3_1_TurnOnLowSides)
    RCM_ExecNextConv                         0x08004da9   Thumb Code    96  regular_conversion_manager.o(i.RCM_ExecNextConv)
    RCM_ReadOngoingConv                      0x08004e19   Thumb Code    60  regular_conversion_manager.o(i.RCM_ReadOngoingConv)
    RCM_RegisterRegConv                      0x08004e5d   Thumb Code   232  regular_conversion_manager.o(i.RCM_RegisterRegConv)
    REMNG_Init                               0x08004f59   Thumb Code    16  ramp_ext_mngr.o(i.REMNG_Init)
    RI_GetRegCommandParser                   0x08004f69   Thumb Code   114  mcp.o(i.RI_GetRegCommandParser)
    RI_GetRegisterGlobal                     0x08004fe1   Thumb Code   168  sync_registers.o(i.RI_GetRegisterGlobal)
    RI_GetRegisterMotor1                     0x08005095   Thumb Code  1186  sync_registers.o(i.RI_GetRegisterMotor1)
    RI_MovString                             0x0800553d   Thumb Code    48  sync_registers.o(i.RI_MovString)
    RI_SetRegCommandParser                   0x0800556d   Thumb Code   174  mcp.o(i.RI_SetRegCommandParser)
    RI_SetRegisterGlobal                     0x08005621   Thumb Code   178  sync_registers.o(i.RI_SetRegisterGlobal)
    RI_SetRegisterMotor1                     0x080056d5   Thumb Code   930  sync_registers.o(i.RI_SetRegisterMotor1)
    RVBS_CalcAvVbus                          0x08005a91   Thumb Code    88  r_divider_bus_voltage_sensor.o(i.RVBS_CalcAvVbus)
    RVBS_Init                                0x08005ae9   Thumb Code    12  r_divider_bus_voltage_sensor.o(i.RVBS_Init)
    SPDPOT_Init                              0x08005af5   Thumb Code    24  speed_potentiometer.o(i.SPDPOT_Init)
    SPDPOT_Run                               0x08005b0d   Thumb Code   172  speed_potentiometer.o(i.SPDPOT_Run)
    SPD_GetAvrgMecSpeedUnit                  0x08005bb9   Thumb Code     6  speed_pos_fdbk.o(i.SPD_GetAvrgMecSpeedUnit)
    SPD_GetMecAngle                          0x08005bbf   Thumb Code     4  speed_pos_fdbk.o(i.SPD_GetMecAngle)
    SPD_GetS16Speed                          0x08005bc3   Thumb Code     6  speed_pos_fdbk.o(i.SPD_GetS16Speed)
    SPD_IsMecSpeedReliable                   0x08005bc9   Thumb Code    94  speed_pos_fdbk.o(i.SPD_IsMecSpeedReliable)
    STC_CalcTorqueReference                  0x08005c27   Thumb Code    82  speed_torq_ctrl.o(i.STC_CalcTorqueReference)
    STC_Clear                                0x08005c79   Thumb Code    24  speed_torq_ctrl.o(i.STC_Clear)
    STC_ExecRamp                             0x08005c91   Thumb Code   130  speed_torq_ctrl.o(i.STC_ExecRamp)
    STC_ForceSpeedReferenceToCurrentSpeed    0x08005d13   Thumb Code    16  speed_torq_ctrl.o(i.STC_ForceSpeedReferenceToCurrentSpeed)
    STC_GetDefaultIqdref                     0x08005d23   Thumb Code    16  speed_torq_ctrl.o(i.STC_GetDefaultIqdref)
    STC_GetMecSpeedRefUnit                   0x08005d33   Thumb Code     6  speed_torq_ctrl.o(i.STC_GetMecSpeedRefUnit)
    STC_GetMecSpeedRefUnitDefault            0x08005d39   Thumb Code     6  speed_torq_ctrl.o(i.STC_GetMecSpeedRefUnitDefault)
    STC_Init                                 0x08005d3f   Thumb Code    32  speed_torq_ctrl.o(i.STC_Init)
    STC_SetControlMode                       0x08005d5f   Thumb Code     8  speed_torq_ctrl.o(i.STC_SetControlMode)
    STC_SetSpeedSensor                       0x08005d67   Thumb Code     4  speed_torq_ctrl.o(i.STC_SetSpeedSensor)
    SysTick_Handler                          0x08005d6d   Thumb Code    64  stm32_mc_common_it.o(i.SysTick_Handler)
    SystemClock_Config                       0x08005dbd   Thumb Code   126  main.o(i.SystemClock_Config)
    SystemInit                               0x08005e3d   Thumb Code    12  system_stm32f3xx.o(i.SystemInit)
    TC_EncAlignmentCommand                   0x08005e4d   Thumb Code    98  trajectory_ctrl.o(i.TC_EncAlignmentCommand)
    TC_FollowCommand                         0x08005eb9   Thumb Code   128  trajectory_ctrl.o(i.TC_FollowCommand)
    TC_GetAlignmentStatus                    0x08005f3d   Thumb Code     6  trajectory_ctrl.o(i.TC_GetAlignmentStatus)
    TC_GetControlPositionStatus              0x08005f43   Thumb Code     6  trajectory_ctrl.o(i.TC_GetControlPositionStatus)
    TC_GetCurrentPosition                    0x08005f49   Thumb Code    28  trajectory_ctrl.o(i.TC_GetCurrentPosition)
    TC_GetMoveDuration                       0x08005f69   Thumb Code     6  trajectory_ctrl.o(i.TC_GetMoveDuration)
    TC_GetTargetPosition                     0x08005f6f   Thumb Code     6  trajectory_ctrl.o(i.TC_GetTargetPosition)
    TC_IncTick                               0x08005f75   Thumb Code     8  trajectory_ctrl.o(i.TC_IncTick)
    TC_Init                                  0x08005f7d   Thumb Code   102  trajectory_ctrl.o(i.TC_Init)
    TC_MoveCommand                           0x08005fe9   Thumb Code   234  trajectory_ctrl.o(i.TC_MoveCommand)
    TC_MoveExecution                         0x080060d9   Thumb Code   252  trajectory_ctrl.o(i.TC_MoveExecution)
    TC_PositionRegulation                    0x080061d9   Thumb Code   148  trajectory_ctrl.o(i.TC_PositionRegulation)
    TIM1_BRK_TIM15_IRQHandler                0x08006275   Thumb Code    54  stm32f30x_mc_it.o(i.TIM1_BRK_TIM15_IRQHandler)
    TIM1_UP_TIM16_IRQHandler                 0x080062b5   Thumb Code    14  stm32f30x_mc_it.o(i.TIM1_UP_TIM16_IRQHandler)
    TIM2_IRQHandler                          0x080062cd   Thumb Code    34  stm32_mc_common_it.o(i.TIM2_IRQHandler)
    TIM_Base_SetConfig                       0x080062f5   Thumb Code   118  stm32f3xx_hal_tim.o(i.TIM_Base_SetConfig)
    TIM_OC2_SetConfig                        0x08006405   Thumb Code   108  stm32f3xx_hal_tim.o(i.TIM_OC2_SetConfig)
    TSK_ChargeBootCapDelayHasElapsedM1       0x0800663d   Thumb Code    14  mc_tasks.o(i.TSK_ChargeBootCapDelayHasElapsedM1)
    TSK_HardwareFaultTask                    0x08006651   Thumb Code    22  mc_tasks.o(i.TSK_HardwareFaultTask)
    TSK_HighFrequencyTask                    0x0800666d   Thumb Code    36  mc_tasks.o(i.TSK_HighFrequencyTask)
    TSK_MF_StopProcessing                    0x08006699   Thumb Code    58  mc_tasks_foc.o(i.TSK_MF_StopProcessing)
    TSK_MediumFrequencyTaskM1                0x080066e1   Thumb Code   558  mc_tasks_foc.o(i.TSK_MediumFrequencyTaskM1)
    TSK_SafetyTask                           0x08006935   Thumb Code    18  mc_tasks.o(i.TSK_SafetyTask)
    TSK_SafetyTask_PWMOFF                    0x0800694d   Thumb Code   130  mc_tasks.o(i.TSK_SafetyTask_PWMOFF)
    TSK_SetChargeBootCapDelayM1              0x080069f1   Thumb Code     6  mc_tasks.o(i.TSK_SetChargeBootCapDelayM1)
    TSK_SetStopPermanencyTimeM1              0x080069fd   Thumb Code     6  mc_tasks.o(i.TSK_SetStopPermanencyTimeM1)
    TSK_StopPermanencyTimeHasElapsedM1       0x08006a09   Thumb Code    14  mc_tasks.o(i.TSK_StopPermanencyTimeHasElapsedM1)
    UART_AdvFeatureConfig                    0x08006a1d   Thumb Code   200  stm32f3xx_hal_uart.o(i.UART_AdvFeatureConfig)
    UART_CheckIdleState                      0x08006ae5   Thumb Code   168  stm32f3xx_hal_uart.o(i.UART_CheckIdleState)
    UART_SetConfig                           0x08006bd9   Thumb Code   296  stm32f3xx_hal_uart.o(i.UART_SetConfig)
    UART_WaitOnFlagUntilTimeout              0x08006d19   Thumb Code   148  stm32f3xx_hal_uart.o(i.UART_WaitOnFlagUntilTimeout)
    UASPEP_CFG_RECEPTION                     0x08006dad   Thumb Code    58  usart_aspep_driver.o(i.UASPEP_CFG_RECEPTION)
    UASPEP_CFG_TRANSMISSION                  0x08006ded   Thumb Code    50  usart_aspep_driver.o(i.UASPEP_CFG_TRANSMISSION)
    UASPEP_IDLE_ENABLE                       0x08006e25   Thumb Code    26  usart_aspep_driver.o(i.UASPEP_IDLE_ENABLE)
    UASPEP_INIT                              0x08006e3f   Thumb Code    18  usart_aspep_driver.o(i.UASPEP_INIT)
    UASPEP_RX_INIT                           0x08006e51   Thumb Code    74  usart_aspep_driver.o(i.UASPEP_RX_INIT)
    UASPEP_TX_INIT                           0x08006ea1   Thumb Code    74  usart_aspep_driver.o(i.UASPEP_TX_INIT)
    UI_HandleStartStopButton_cb              0x08006ef1   Thumb Code    24  mc_tasks.o(i.UI_HandleStartStopButton_cb)
    USART2_IRQHandler                        0x08006f09   Thumb Code   236  stm32_mc_common_it.o(i.USART2_IRQHandler)
    VBS_GetAvBusVoltage_V                    0x08007005   Thumb Code    10  bus_voltage_sensor.o(i.VBS_GetAvBusVoltage_V)
    VSS_Clear                                0x0800700f   Thumb Code    44  virtual_speed_sensor.o(i.VSS_Clear)
    VSS_Init                                 0x0800703b   Thumb Code     8  virtual_speed_sensor.o(i.VSS_Init)
    VSS_SetMecAcceleration                   0x08007043   Thumb Code   122  virtual_speed_sensor.o(i.VSS_SetMecAcceleration)
    main                                     0x080070dd   Thumb Code    58  main.o(i.main)
    mc_lock_pins                             0x0800711d   Thumb Code   148  mc_tasks.o(i.mc_lock_pins)
    startTimers                              0x080071b9   Thumb Code   114  pwm_common.o(i.startTimers)
    waitForPolarizationEnd                   0x08007239   Thumb Code    56  pwm_common.o(i.waitForPolarizationEnd)
    _fp_init                                 0x08007271   Thumb Code    10  fpinit.o(x$fpl$fpinit)
    __fplib_config_fpu_vfp                   0x08007279   Thumb Code     0  fpinit.o(x$fpl$fpinit)
    __fplib_config_pureend_doubles           0x08007279   Thumb Code     0  fpinit.o(x$fpl$fpinit)
    hSin_Cos_Table                           0x0800727e   Data         512  mc_math.o(.constdata)
    R3_1_ParamsM1                            0x08007488   Data          68  mc_parameters.o(.constdata)
    CTL_BOARD                                0x080074e3   Data          14  mc_configuration_registers.o(.constdata)
    FIRMWARE_NAME                            0x08007502   Data          20  mc_configuration_registers.o(.constdata)
    globalConfig_reg                         0x08007516   Data          10  mc_configuration_registers.o(.constdata)
    AHBPrescTable                            0x080076aa   Data          16  system_stm32f3xx.o(.constdata)
    APBPrescTable                            0x080076ba   Data           8  system_stm32f3xx.o(.constdata)
    Region$$Table$$Base                      0x080076e8   Number         0  anon$$obj.o(Region$$Table)
    Region$$Table$$Limit                     0x08007708   Number         0  anon$$obj.o(Region$$Table)
    pMCI                                     0x20000000   Data           4  motorcontrol.o(.data)
    PQD_MotorPowMeasM1                       0x20000004   Data          16  mc_config.o(.data)
    PIDSpeedHandle_M1                        0x20000014   Data          44  mc_config.o(.data)
    PIDIqHandle_M1                           0x20000040   Data          44  mc_config.o(.data)
    PIDIdHandle_M1                           0x2000006c   Data          44  mc_config.o(.data)
    PID_PosParamsM1                          0x20000098   Data          44  mc_config.o(.data)
    PosCtrlM1                                0x200000c4   Data         112  mc_config.o(.data)
    SpeednTorqCtrlM1                         0x20000134   Data          56  mc_config.o(.data)
    PWM_Handle_M1                            0x2000016c   Data         160  mc_config.o(.data)
    RampExtMngrHFParamsM1                    0x2000020c   Data          24  mc_config.o(.data)
    CircleLimitationM1                       0x20000224   Data           4  mc_config.o(.data)
    pSTC                                     0x20000228   Data           4  mc_config.o(.data)
    pPIDIq                                   0x2000022c   Data           4  mc_config.o(.data)
    pPIDId                                   0x20000230   Data           4  mc_config.o(.data)
    pMPM                                     0x20000234   Data           4  mc_config.o(.data)
    pPosCtrl                                 0x20000238   Data           4  mc_config.o(.data)
    Mci                                      0x2000023c   Data          44  mc_config.o(.data)
    pREMNG                                   0x20000268   Data           4  mc_config.o(.data)
    ENCODER_M1                               0x2000026c   Data         136  mc_config_common.o(.data)
    EncAlignCtrlM1                           0x200002f4   Data          28  mc_config_common.o(.data)
    VirtualSpeedSensorM1                     0x20000310   Data          56  mc_config_common.o(.data)
    TempRegConv_M1                           0x20000348   Data          16  mc_config_common.o(.data)
    TempSensor_M1                            0x20000358   Data          24  mc_config_common.o(.data)
    VbusRegConv_M1                           0x20000370   Data          16  mc_config_common.o(.data)
    BusVoltageSensor_M1                      0x20000380   Data          18  mc_config_common.o(.data)
    PotRegConv_M1                            0x20000394   Data          16  mc_config_common.o(.data)
    SpeedPotentiometer_M1                    0x200003a4   Data          36  mc_config_common.o(.data)
    pEAC                                     0x200003c8   Data           4  mc_config_common.o(.data)
    pwmcHandle                               0x200003cc   Data           4  mc_config_common.o(.data)
    aspepOverUartA                           0x200003e4   Data         116  mcp_config.o(.data)
    MCP_Over_UartA                           0x20000458   Data          16  mcp_config.o(.data)
    MCPA_UART_A                              0x20000468   Data          44  mcp_config.o(.data)
    MCP_UserCallBack                         0x20000494   Data           8  mcp_config.o(.data)
    scaleParams_M1                           0x200004a7   Data          16  mc_parameters.o(.data)
    PWR_BOARD_NAME                           0x200004bc   Data           4  mc_configuration_registers.o(.data)
    FOCConfig_reg                            0x200004c0   Data           4  mc_configuration_registers.o(.data)
    MotorConfig_reg                          0x200004c4   Data           4  mc_configuration_registers.o(.data)
    ApplicationConfig_reg                    0x200004c8   Data           4  mc_configuration_registers.o(.data)
    uwTickFreq                               0x200004cc   Data           1  stm32f3xx_hal.o(.data)
    uwTickPrio                               0x200004d0   Data           4  stm32f3xx_hal.o(.data)
    uwTick                                   0x200004d4   Data           4  stm32f3xx_hal.o(.data)
    SystemCoreClock                          0x200004d8   Data           4  system_stm32f3xx.o(.data)
    GLOBAL_TIMESTAMP                         0x200004dc   Data           4  mcpa.o(.data)
    hadc1                                    0x200004e0   Data          80  main.o(.bss)
    htim1                                    0x20000530   Data          76  main.o(.bss)
    htim2                                    0x2000057c   Data          76  main.o(.bss)
    huart2                                   0x200005c8   Data         136  main.o(.bss)
    hdma_usart2_rx                           0x20000650   Data          68  main.o(.bss)
    hdma_usart2_tx                           0x20000694   Data          68  main.o(.bss)
    FOCVars                                  0x200006d8   Data          34  mc_config.o(.bss)
    SpeedPotentiometer_ValuesBuffer_M1       0x200006fa   Data          32  mc_config_common.o(.bss)
    __libspace_start                         0x200018ac   Data          96  libspace.o(.bss)
    __temporary_stack_top$libspace           0x2000190c   Data           0  libspace.o(.bss)



==============================================================================

Memory Map of the image

  Image Entry point : 0x08000189

  Load Region LR_IROM1 (Base: 0x08000000, Size: 0x00007be8, Max: 0x00010000, ABSOLUTE, COMPRESSED[0x000078d4])

    Execution Region ER_IROM1 (Exec base: 0x08000000, Load base: 0x08000000, Size: 0x00007708, Max: 0x00010000, ABSOLUTE)

    Exec Addr    Load Addr    Size         Type   Attr      Idx    E Section Name        Object

    0x08000000   0x08000000   0x00000188   Data   RO            3    RESET               startup_stm32f302x8.o
    0x08000188   0x08000188   0x00000008   Code   RO         7238  * !!!main             c_w.l(__main.o)
    0x08000190   0x08000190   0x00000034   Code   RO         7407    !!!scatter          c_w.l(__scatter.o)
    0x080001c4   0x080001c4   0x0000005a   Code   RO         7405    !!dczerorl2         c_w.l(__dczerorl2.o)
    0x0800021e   0x0800021e   0x00000002   PAD
    0x08000220   0x08000220   0x0000001c   Code   RO         7409    !!handler_zi        c_w.l(__scatter_zi.o)
    0x0800023c   0x0800023c   0x00000002   Code   RO         7275    .ARM.Collect$$libinit$$00000000  c_w.l(libinit.o)
    0x0800023e   0x0800023e   0x00000004   Code   RO         7287    .ARM.Collect$$libinit$$00000001  c_w.l(libinit2.o)
    0x08000242   0x08000242   0x00000000   Code   RO         7290    .ARM.Collect$$libinit$$00000004  c_w.l(libinit2.o)
    0x08000242   0x08000242   0x00000000   Code   RO         7293    .ARM.Collect$$libinit$$0000000A  c_w.l(libinit2.o)
    0x08000242   0x08000242   0x00000000   Code   RO         7295    .ARM.Collect$$libinit$$0000000C  c_w.l(libinit2.o)
    0x08000242   0x08000242   0x00000000   Code   RO         7297    .ARM.Collect$$libinit$$0000000E  c_w.l(libinit2.o)
    0x08000242   0x08000242   0x00000000   Code   RO         7300    .ARM.Collect$$libinit$$00000011  c_w.l(libinit2.o)
    0x08000242   0x08000242   0x00000000   Code   RO         7302    .ARM.Collect$$libinit$$00000013  c_w.l(libinit2.o)
    0x08000242   0x08000242   0x00000000   Code   RO         7304    .ARM.Collect$$libinit$$00000015  c_w.l(libinit2.o)
    0x08000242   0x08000242   0x00000000   Code   RO         7306    .ARM.Collect$$libinit$$00000017  c_w.l(libinit2.o)
    0x08000242   0x08000242   0x00000000   Code   RO         7308    .ARM.Collect$$libinit$$00000019  c_w.l(libinit2.o)
    0x08000242   0x08000242   0x00000000   Code   RO         7310    .ARM.Collect$$libinit$$0000001B  c_w.l(libinit2.o)
    0x08000242   0x08000242   0x00000000   Code   RO         7312    .ARM.Collect$$libinit$$0000001D  c_w.l(libinit2.o)
    0x08000242   0x08000242   0x00000000   Code   RO         7314    .ARM.Collect$$libinit$$0000001F  c_w.l(libinit2.o)
    0x08000242   0x08000242   0x00000000   Code   RO         7316    .ARM.Collect$$libinit$$00000021  c_w.l(libinit2.o)
    0x08000242   0x08000242   0x00000000   Code   RO         7318    .ARM.Collect$$libinit$$00000023  c_w.l(libinit2.o)
    0x08000242   0x08000242   0x00000000   Code   RO         7320    .ARM.Collect$$libinit$$00000025  c_w.l(libinit2.o)
    0x08000242   0x08000242   0x00000000   Code   RO         7324    .ARM.Collect$$libinit$$0000002C  c_w.l(libinit2.o)
    0x08000242   0x08000242   0x00000000   Code   RO         7326    .ARM.Collect$$libinit$$0000002E  c_w.l(libinit2.o)
    0x08000242   0x08000242   0x00000000   Code   RO         7328    .ARM.Collect$$libinit$$00000030  c_w.l(libinit2.o)
    0x08000242   0x08000242   0x00000000   Code   RO         7330    .ARM.Collect$$libinit$$00000032  c_w.l(libinit2.o)
    0x08000242   0x08000242   0x00000002   Code   RO         7331    .ARM.Collect$$libinit$$00000033  c_w.l(libinit2.o)
    0x08000244   0x08000244   0x00000002   Code   RO         7362    .ARM.Collect$$libshutdown$$00000000  c_w.l(libshutdown.o)
    0x08000246   0x08000246   0x00000000   Code   RO         7388    .ARM.Collect$$libshutdown$$00000002  c_w.l(libshutdown2.o)
    0x08000246   0x08000246   0x00000000   Code   RO         7390    .ARM.Collect$$libshutdown$$00000004  c_w.l(libshutdown2.o)
    0x08000246   0x08000246   0x00000000   Code   RO         7393    .ARM.Collect$$libshutdown$$00000007  c_w.l(libshutdown2.o)
    0x08000246   0x08000246   0x00000000   Code   RO         7396    .ARM.Collect$$libshutdown$$0000000A  c_w.l(libshutdown2.o)
    0x08000246   0x08000246   0x00000000   Code   RO         7398    .ARM.Collect$$libshutdown$$0000000C  c_w.l(libshutdown2.o)
    0x08000246   0x08000246   0x00000000   Code   RO         7401    .ARM.Collect$$libshutdown$$0000000F  c_w.l(libshutdown2.o)
    0x08000246   0x08000246   0x00000002   Code   RO         7402    .ARM.Collect$$libshutdown$$00000010  c_w.l(libshutdown2.o)
    0x08000248   0x08000248   0x00000000   Code   RO         7240    .ARM.Collect$$rtentry$$00000000  c_w.l(__rtentry.o)
    0x08000248   0x08000248   0x00000000   Code   RO         7246    .ARM.Collect$$rtentry$$00000002  c_w.l(__rtentry2.o)
    0x08000248   0x08000248   0x00000006   Code   RO         7258    .ARM.Collect$$rtentry$$00000004  c_w.l(__rtentry4.o)
    0x0800024e   0x0800024e   0x00000000   Code   RO         7248    .ARM.Collect$$rtentry$$00000009  c_w.l(__rtentry2.o)
    0x0800024e   0x0800024e   0x00000004   Code   RO         7249    .ARM.Collect$$rtentry$$0000000A  c_w.l(__rtentry2.o)
    0x08000252   0x08000252   0x00000000   Code   RO         7251    .ARM.Collect$$rtentry$$0000000C  c_w.l(__rtentry2.o)
    0x08000252   0x08000252   0x00000008   Code   RO         7252    .ARM.Collect$$rtentry$$0000000D  c_w.l(__rtentry2.o)
    0x0800025a   0x0800025a   0x00000002   Code   RO         7279    .ARM.Collect$$rtexit$$00000000  c_w.l(rtexit.o)
    0x0800025c   0x0800025c   0x00000000   Code   RO         7335    .ARM.Collect$$rtexit$$00000002  c_w.l(rtexit2.o)
    0x0800025c   0x0800025c   0x00000004   Code   RO         7336    .ARM.Collect$$rtexit$$00000003  c_w.l(rtexit2.o)
    0x08000260   0x08000260   0x00000006   Code   RO         7337    .ARM.Collect$$rtexit$$00000004  c_w.l(rtexit2.o)
    0x08000266   0x08000266   0x00000002   PAD
    0x08000268   0x08000268   0x00000040   Code   RO            4    .text               startup_stm32f302x8.o
    0x080002a8   0x080002a8   0x000000ee   Code   RO         7226    .text               c_w.l(lludivv7m.o)
    0x08000396   0x08000396   0x0000008a   Code   RO         7230    .text               c_w.l(rt_memcpy_v6.o)
    0x08000420   0x08000420   0x00000064   Code   RO         7232    .text               c_w.l(rt_memcpy_w.o)
    0x08000484   0x08000484   0x0000004e   Code   RO         7234    .text               c_w.l(rt_memclr_w.o)
    0x080004d2   0x080004d2   0x00000006   Code   RO         7236    .text               c_w.l(heapauxi.o)
    0x080004d8   0x080004d8   0x0000004a   Code   RO         7262    .text               c_w.l(sys_stackheap_outer.o)
    0x08000522   0x08000522   0x00000012   Code   RO         7264    .text               c_w.l(exit.o)
    0x08000534   0x08000534   0x00000008   Code   RO         7276    .text               c_w.l(libspace.o)
    0x0800053c   0x0800053c   0x0000000c   Code   RO         7332    .text               c_w.l(sys_exit.o)
    0x08000548   0x08000548   0x00000002   Code   RO         7351    .text               c_w.l(use_no_semi.o)
    0x0800054a   0x0800054a   0x00000000   Code   RO         7353    .text               c_w.l(indicate_semi.o)
    0x0800054a   0x0800054a   0x0000000c   Code   RO         2029    i.ADC1_IRQHandler   stm32f30x_mc_it.o
    0x08000556   0x08000556   0x00000002   PAD
    0x08000558   0x08000558   0x0000006a   Code   RO         2771    i.ADC_Disable       stm32f3xx_hal_adc_ex.o
    0x080005c2   0x080005c2   0x0000007a   Code   RO         2370    i.ASPEP_CheckBeacon  aspep.o
    0x0800063c   0x0800063c   0x00000090   Code   RO         2371    i.ASPEP_HWDataReceivedIT  aspep.o
    0x080006cc   0x080006cc   0x00000094   Code   RO         2372    i.ASPEP_HWDataTransmittedIT  aspep.o
    0x08000760   0x08000760   0x00000018   Code   RO         2373    i.ASPEP_HWReset     aspep.o
    0x08000778   0x08000778   0x00000124   Code   RO         2374    i.ASPEP_RXframeProcess  aspep.o
    0x0800089c   0x0800089c   0x000000d0   Code   RO         2375    i.ASPEP_TXframeProcess  aspep.o
    0x0800096c   0x0800096c   0x00000054   Code   RO         2376    i.ASPEP_getBuffer   aspep.o
    0x080009c0   0x080009c0   0x00000032   Code   RO         2377    i.ASPEP_sendBeacon  aspep.o
    0x080009f2   0x080009f2   0x0000004e   Code   RO         2378    i.ASPEP_sendPacket  aspep.o
    0x08000a40   0x08000a40   0x0000003e   Code   RO         2379    i.ASPEP_sendPing    aspep.o
    0x08000a7e   0x08000a7e   0x00000028   Code   RO         2380    i.ASPEP_start       aspep.o
    0x08000aa6   0x08000aa6   0x00000058   Code   RO         6061    i.Circle_Limitation  circle_limitation.o
    0x08000afe   0x08000afe   0x00000002   PAD
    0x08000b00   0x08000b00   0x00000020   Code   RO         3387    i.DMA_CalcBaseAndBitshift  stm32f3xx_hal_dma.o
    0x08000b20   0x08000b20   0x00000032   Code   RO         6118    i.EAC_Exec          enc_align_ctrl.o
    0x08000b52   0x08000b52   0x0000000c   Code   RO         6120    i.EAC_Init          enc_align_ctrl.o
    0x08000b5e   0x08000b5e   0x00000052   Code   RO         6121    i.EAC_StartAlignment  enc_align_ctrl.o
    0x08000bb0   0x08000bb0   0x0000002a   Code   RO         6166    i.ENC_CalcAngle     encoder_speed_pos_fdbk.o
    0x08000bda   0x08000bda   0x00000110   Code   RO         6167    i.ENC_CalcAvrgMecSpeedUnit  encoder_speed_pos_fdbk.o
    0x08000cea   0x08000cea   0x00000002   PAD
    0x08000cec   0x08000cec   0x00000022   Code   RO         6168    i.ENC_Clear         encoder_speed_pos_fdbk.o
    0x08000d0e   0x08000d0e   0x0000000c   Code   RO         6169    i.ENC_IRQHandler    encoder_speed_pos_fdbk.o
    0x08000d1a   0x08000d1a   0x00000002   PAD
    0x08000d1c   0x08000d1c   0x00000074   Code   RO         6170    i.ENC_Init          encoder_speed_pos_fdbk.o
    0x08000d90   0x08000d90   0x0000002a   Code   RO         6171    i.ENC_SetMecAngle   encoder_speed_pos_fdbk.o
    0x08000dba   0x08000dba   0x00000002   PAD
    0x08000dbc   0x08000dbc   0x0000001c   Code   RO         1955    i.EXTI15_10_IRQHandler  stm32_mc_common_it.o
    0x08000dd8   0x08000dd8   0x00000004   Code   RO           13    i.Error_Handler     main.o
    0x08000ddc   0x08000ddc   0x00000038   Code   RO         1114    i.FOC_CalcCurrRef   mc_tasks_foc.o
    0x08000e14   0x08000e14   0x00000058   Code   RO         1115    i.FOC_Clear         mc_tasks_foc.o
    0x08000e6c   0x08000e6c   0x000000cc   Code   RO         1116    i.FOC_CurrControllerM1  mc_tasks_foc.o
    0x08000f38   0x08000f38   0x00000030   Code   RO         1117    i.FOC_HighFrequencyTask  mc_tasks_foc.o
    0x08000f68   0x08000f68   0x000000f0   Code   RO         1118    i.FOC_Init          mc_tasks_foc.o
    0x08001058   0x08001058   0x00000002   Code   RO         1119    i.FOC_InitAdditionalMethods  mc_tasks_foc.o
    0x0800105a   0x0800105a   0x00000002   PAD
    0x0800105c   0x0800105c   0x000003cc   Code   RO         2776    i.HAL_ADCEx_InjectedConfigChannel  stm32f3xx_hal_adc_ex.o
    0x08001428   0x08001428   0x0000032c   Code   RO         2791    i.HAL_ADC_ConfigChannel  stm32f3xx_hal_adc_ex.o
    0x08001754   0x08001754   0x000001c0   Code   RO         2795    i.HAL_ADC_Init      stm32f3xx_hal_adc_ex.o
    0x08001914   0x08001914   0x00000098   Code   RO         2539    i.HAL_ADC_MspInit   stm32f3xx_hal_msp.o
    0x080019ac   0x080019ac   0x0000004e   Code   RO         3395    i.HAL_DMA_Init      stm32f3xx_hal_dma.o
    0x080019fa   0x080019fa   0x00000002   PAD
    0x080019fc   0x080019fc   0x00000220   Code   RO         3324    i.HAL_GPIO_Init     stm32f3xx_hal_gpio.o
    0x08001c1c   0x08001c1c   0x0000000a   Code   RO         3328    i.HAL_GPIO_WritePin  stm32f3xx_hal_gpio.o
    0x08001c26   0x08001c26   0x00000002   PAD
    0x08001c28   0x08001c28   0x0000000c   Code   RO         3012    i.HAL_GetTick       stm32f3xx_hal.o
    0x08001c34   0x08001c34   0x00000010   Code   RO         3018    i.HAL_IncTick       stm32f3xx_hal.o
    0x08001c44   0x08001c44   0x00000024   Code   RO         3019    i.HAL_Init          stm32f3xx_hal.o
    0x08001c68   0x08001c68   0x00000040   Code   RO         3020    i.HAL_InitTick      stm32f3xx_hal.o
    0x08001ca8   0x08001ca8   0x00000030   Code   RO         2540    i.HAL_MspInit       stm32f3xx_hal_msp.o
    0x08001cd8   0x08001cd8   0x0000001a   Code   RO         3489    i.HAL_NVIC_EnableIRQ  stm32f3xx_hal_cortex.o
    0x08001cf2   0x08001cf2   0x00000002   PAD
    0x08001cf4   0x08001cf4   0x00000040   Code   RO         3495    i.HAL_NVIC_SetPriority  stm32f3xx_hal_cortex.o
    0x08001d34   0x08001d34   0x00000024   Code   RO         3496    i.HAL_NVIC_SetPriorityGrouping  stm32f3xx_hal_cortex.o
    0x08001d58   0x08001d58   0x00000024   Code   RO         3497    i.HAL_NVIC_SystemReset  stm32f3xx_hal_cortex.o
    0x08001d7c   0x08001d7c   0x000001f4   Code   RO         3281    i.HAL_RCCEx_PeriphCLKConfig  stm32f3xx_hal_rcc_ex.o
    0x08001f70   0x08001f70   0x00000148   Code   RO         3176    i.HAL_RCC_ClockConfig  stm32f3xx_hal_rcc.o
    0x080020b8   0x080020b8   0x00000018   Code   RO         3179    i.HAL_RCC_EnableCSS  stm32f3xx_hal_rcc.o
    0x080020d0   0x080020d0   0x0000000c   Code   RO         3181    i.HAL_RCC_GetHCLKFreq  stm32f3xx_hal_rcc.o
    0x080020dc   0x080020dc   0x00000030   Code   RO         3183    i.HAL_RCC_GetPCLK1Freq  stm32f3xx_hal_rcc.o
    0x0800210c   0x0800210c   0x00000030   Code   RO         3184    i.HAL_RCC_GetPCLK2Freq  stm32f3xx_hal_rcc.o
    0x0800213c   0x0800213c   0x00000050   Code   RO         3185    i.HAL_RCC_GetSysClockFreq  stm32f3xx_hal_rcc.o
    0x0800218c   0x0800218c   0x000005c8   Code   RO         3188    i.HAL_RCC_OscConfig  stm32f3xx_hal_rcc.o
    0x08002754   0x08002754   0x00000002   Code   RO         3499    i.HAL_SYSTICK_Callback  stm32f3xx_hal_cortex.o
    0x08002756   0x08002756   0x00000028   Code   RO         3500    i.HAL_SYSTICK_Config  stm32f3xx_hal_cortex.o
    0x0800277e   0x0800277e   0x00000008   Code   RO         3501    i.HAL_SYSTICK_IRQHandler  stm32f3xx_hal_cortex.o
    0x08002786   0x08002786   0x00000002   PAD
    0x08002788   0x08002788   0x00000084   Code   RO         5248    i.HAL_TIMEx_ConfigBreakDeadTime  stm32f3xx_hal_tim_ex.o
    0x0800280c   0x0800280c   0x0000006c   Code   RO         5265    i.HAL_TIMEx_MasterConfigSynchronization  stm32f3xx_hal_tim_ex.o
    0x08002878   0x08002878   0x000000a8   Code   RO         4551    i.HAL_TIM_Encoder_Init  stm32f3xx_hal_tim.o
    0x08002920   0x08002920   0x00000088   Code   RO         2542    i.HAL_TIM_Encoder_MspInit  stm32f3xx_hal_msp.o
    0x080029a8   0x080029a8   0x00000054   Code   RO         2543    i.HAL_TIM_MspPostInit  stm32f3xx_hal_msp.o
    0x080029fc   0x080029fc   0x00000124   Code   RO         4602    i.HAL_TIM_PWM_ConfigChannel  stm32f3xx_hal_tim.o
    0x08002b20   0x08002b20   0x00000062   Code   RO         4605    i.HAL_TIM_PWM_Init  stm32f3xx_hal_tim.o
    0x08002b82   0x08002b82   0x00000002   PAD
    0x08002b84   0x08002b84   0x00000064   Code   RO         2545    i.HAL_TIM_PWM_MspInit  stm32f3xx_hal_msp.o
    0x08002be8   0x08002be8   0x00000066   Code   RO         5552    i.HAL_UART_Init     stm32f3xx_hal_uart.o
    0x08002c4e   0x08002c4e   0x00000002   PAD
    0x08002c50   0x08002c50   0x000000b8   Code   RO         2547    i.HAL_UART_MspInit  stm32f3xx_hal_msp.o
    0x08002d08   0x08002d08   0x00000022   Code   RO         2093    i.HF_GetIDSize      hf_registers.o
    0x08002d2a   0x08002d2a   0x00000002   PAD
    0x08002d2c   0x08002d2c   0x000000d4   Code   RO         2094    i.HF_GetPtrReg      hf_registers.o
    0x08002e00   0x08002e00   0x00000006   Code   RO         1956    i.HardFault_Handler  stm32_mc_common_it.o
    0x08002e06   0x08002e06   0x0000000a   Code   RO         1424    i.LL_ADC_REG_ReadConversionData12L  regular_conversion_manager.o
    0x08002e10   0x08002e10   0x00000030   Code   RO         1425    i.LL_ADC_REG_SetSequencerRanks  regular_conversion_manager.o
    0x08002e40   0x08002e40   0x00000010   Code   RO         1957    i.LL_DMA_ClearFlag_TC  stm32_mc_common_it.o
    0x08002e50   0x08002e50   0x00000018   Code   RO         2263    i.LL_DMA_EnableChannel  usart_aspep_driver.o
    0x08002e68   0x08002e68   0x0000001c   Code   RO         2264    i.LL_DMA_SetDataLength  usart_aspep_driver.o
    0x08002e84   0x08002e84   0x00000012   Code   RO          996    i.LL_GPIO_LockPin   mc_tasks.o
    0x08002e96   0x08002e96   0x00000002   PAD
    0x08002e98   0x08002e98   0x00000070   Code   RO         6172    i.LL_TIM_IC_SetFilter  encoder_speed_pos_fdbk.o
    0x08002f08   0x08002f08   0x00000068   Code   RO         6947    i.LL_TIM_OC_DisablePreload  r3_1_f30x_pwm_curr_fdbk.o
    0x08002f70   0x08002f70   0x00000068   Code   RO         6948    i.LL_TIM_OC_EnablePreload  r3_1_f30x_pwm_curr_fdbk.o
    0x08002fd8   0x08002fd8   0x00000074   Code   RO         6949    i.LL_TIM_OC_SetMode  r3_1_f30x_pwm_curr_fdbk.o
    0x0800304c   0x0800304c   0x00000010   Code   RO         1548    i.MCI_Clear_Iqdref  mc_interface.o
    0x0800305c   0x0800305c   0x00000068   Code   RO         1549    i.MCI_ExecBufferedCommands  mc_interface.o
    0x080030c4   0x080030c4   0x00000064   Code   RO         1550    i.MCI_ExecPositionCommand  mc_interface.o
    0x08003128   0x08003128   0x00000010   Code   RO         1551    i.MCI_ExecSpeedRamp  mc_interface.o
    0x08003138   0x08003138   0x00000012   Code   RO         1553    i.MCI_ExecTorqueRamp  mc_interface.o
    0x0800314a   0x0800314a   0x00000024   Code   RO         1555    i.MCI_FaultAcknowledged  mc_interface.o
    0x0800316e   0x0800316e   0x00000010   Code   RO         1556    i.MCI_FaultProcessing  mc_interface.o
    0x0800317e   0x0800317e   0x00000008   Code   RO         1558    i.MCI_GetAvrgMecSpeedUnit  mc_interface.o
    0x08003186   0x08003186   0x00000004   Code   RO         1561    i.MCI_GetControlMode  mc_interface.o
    0x0800318a   0x0800318a   0x00000004   Code   RO         1564    i.MCI_GetCurrentFaults  mc_interface.o
    0x0800318e   0x0800318e   0x00000006   Code   RO         1565    i.MCI_GetCurrentPosition  mc_interface.o
    0x08003194   0x08003194   0x0000000a   Code   RO         1567    i.MCI_GetFaultState  mc_interface.o
    0x0800319e   0x0800319e   0x00000006   Code   RO         1568    i.MCI_GetIab        mc_interface.o
    0x080031a4   0x080031a4   0x00000006   Code   RO         1570    i.MCI_GetIalphabeta  mc_interface.o
    0x080031aa   0x080031aa   0x00000006   Code   RO         1572    i.MCI_GetIqd        mc_interface.o
    0x080031b0   0x080031b0   0x00000006   Code   RO         1574    i.MCI_GetIqdref     mc_interface.o
    0x080031b6   0x080031b6   0x00000004   Code   RO         1576    i.MCI_GetLastRampFinalDuration  mc_interface.o
    0x080031ba   0x080031ba   0x00000006   Code   RO         1577    i.MCI_GetLastRampFinalSpeed  mc_interface.o
    0x080031c0   0x080031c0   0x00000006   Code   RO         1579    i.MCI_GetLastRampFinalTorque  mc_interface.o
    0x080031c6   0x080031c6   0x00000006   Code   RO         1581    i.MCI_GetMecSpeedRefUnit  mc_interface.o
    0x080031cc   0x080031cc   0x00000004   Code   RO         1584    i.MCI_GetOccurredFaults  mc_interface.o
    0x080031d0   0x080031d0   0x00000004   Code   RO         1587    i.MCI_GetSTMState   mc_interface.o
    0x080031d4   0x080031d4   0x00000008   Code   RO         1590    i.MCI_GetTeref      mc_interface.o
    0x080031dc   0x080031dc   0x00000008   Code   RO         1592    i.MCI_GetValphabeta  mc_interface.o
    0x080031e4   0x080031e4   0x00000008   Code   RO         1593    i.MCI_GetVqd        mc_interface.o
    0x080031ec   0x080031ec   0x00000014   Code   RO         1598    i.MCI_SetCurrentReferences  mc_interface.o
    0x08003200   0x08003200   0x00000028   Code   RO         1600    i.MCI_StartMotor    mc_interface.o
    0x08003228   0x08003228   0x00000034   Code   RO         1603    i.MCI_StopMotor     mc_interface.o
    0x0800325c   0x0800325c   0x0000000a   Code   RO         1604    i.MCI_StopRamp      mc_interface.o
    0x08003266   0x08003266   0x00000002   PAD
    0x08003268   0x08003268   0x00000048   Code   RO         1491    i.MCM_Clarke        mc_math.o
    0x080032b0   0x080032b0   0x0000007c   Code   RO         1492    i.MCM_Park          mc_math.o
    0x0800332c   0x0800332c   0x00000034   Code   RO         1493    i.MCM_Rev_Park      mc_math.o
    0x08003360   0x08003360   0x00000038   Code   RO         1494    i.MCM_Sqrt          mc_math.o
    0x08003398   0x08003398   0x00000070   Code   RO         1495    i.MCM_Trig_Functions  mc_math.o
    0x08003408   0x08003408   0x000000b2   Code   RO         7144    i.MCPA_cfgLog       mcpa.o
    0x080034ba   0x080034ba   0x00000002   PAD
    0x080034bc   0x080034bc   0x00000170   Code   RO         7145    i.MCPA_dataLog      mcpa.o
    0x0800362c   0x0800362c   0x00000034   Code   RO         7147    i.MCPA_stopDataLog  mcpa.o
    0x08003660   0x08003660   0x00000134   Code   RO         2220    i.MCP_ReceivedPacket  mcp.o
    0x08003794   0x08003794   0x0000001c   Code   RO         2454    i.MC_APP_BootHook   mc_app_hooks.o
    0x080037b0   0x080037b0   0x00000014   Code   RO         2455    i.MC_APP_PostMediumFrequencyHook_M1  mc_app_hooks.o
    0x080037c4   0x080037c4   0x0000000c   Code   RO          545    i.MC_GetSTMStateMotor1  mc_api.o
    0x080037d0   0x080037d0   0x00000004   Code   RO          553    i.MC_ProfilerCommand  mc_api.o
    0x080037d4   0x080037d4   0x00000070   Code   RO          997    i.MC_RunMotorControlTasks  mc_tasks.o
    0x08003844   0x08003844   0x0000000c   Code   RO          563    i.MC_StartMotor1    mc_api.o
    0x08003850   0x08003850   0x0000000c   Code   RO          565    i.MC_StopMotor1     mc_api.o
    0x0800385c   0x0800385c   0x00000070   Code   RO          998    i.MCboot            mc_tasks.o
    0x080038cc   0x080038cc   0x00000100   Code   RO           14    i.MX_ADC1_Init      main.o
    0x080039cc   0x080039cc   0x00000098   Code   RO           15    i.MX_GPIO_Init      main.o
    0x08003a64   0x08003a64   0x00000034   Code   RO          340    i.MX_MotorControl_Init  motorcontrol.o
    0x08003a98   0x08003a98   0x00000076   Code   RO           16    i.MX_NVIC_Init      main.o
    0x08003b0e   0x08003b0e   0x00000002   PAD
    0x08003b10   0x08003b10   0x000000f8   Code   RO           17    i.MX_TIM1_Init      main.o
    0x08003c08   0x08003c08   0x0000006c   Code   RO           18    i.MX_TIM2_Init      main.o
    0x08003c74   0x08003c74   0x00000038   Code   RO           19    i.MX_USART2_UART_Init  main.o
    0x08003cac   0x08003cac   0x00000048   Code   RO         6338    i.NTC_CalcAvTemp    ntc_temperature_sensor.o
    0x08003cf4   0x08003cf4   0x0000001e   Code   RO         6339    i.NTC_GetAvTemp_C   ntc_temperature_sensor.o
    0x08003d12   0x08003d12   0x00000020   Code   RO         6340    i.NTC_Init          ntc_temperature_sensor.o
    0x08003d32   0x08003d32   0x0000003c   Code   RO         6419    i.PID_Controller    pid_regulator.o
    0x08003d6e   0x08003d6e   0x00000006   Code   RO         6422    i.PID_GetKD         pid_regulator.o
    0x08003d74   0x08003d74   0x00000004   Code   RO         6424    i.PID_GetKDDivisorPOW2  pid_regulator.o
    0x08003d78   0x08003d78   0x00000006   Code   RO         6425    i.PID_GetKI         pid_regulator.o
    0x08003d7e   0x08003d7e   0x00000004   Code   RO         6427    i.PID_GetKIDivisorPOW2  pid_regulator.o
    0x08003d82   0x08003d82   0x00000006   Code   RO         6428    i.PID_GetKP         pid_regulator.o
    0x08003d88   0x08003d88   0x00000004   Code   RO         6430    i.PID_GetKPDivisorPOW2  pid_regulator.o
    0x08003d8c   0x08003d8c   0x00000014   Code   RO         6431    i.PID_HandleInit    pid_regulator.o
    0x08003da0   0x08003da0   0x00000004   Code   RO         6432    i.PID_SetIntegralTerm  pid_regulator.o
    0x08003da4   0x08003da4   0x00000004   Code   RO         6433    i.PID_SetKD         pid_regulator.o
    0x08003da8   0x08003da8   0x0000000a   Code   RO         6434    i.PID_SetKDDivisorPOW2  pid_regulator.o
    0x08003db2   0x08003db2   0x00000004   Code   RO         6435    i.PID_SetKI         pid_regulator.o
    0x08003db6   0x08003db6   0x00000020   Code   RO         6436    i.PID_SetKIDivisorPOW2  pid_regulator.o
    0x08003dd6   0x08003dd6   0x00000004   Code   RO         6437    i.PID_SetKP         pid_regulator.o
    0x08003dda   0x08003dda   0x0000000a   Code   RO         6438    i.PID_SetKPDivisorPOW2  pid_regulator.o
    0x08003de4   0x08003de4   0x00000004   Code   RO         6439    i.PID_SetLowerIntegralTermLimit  pid_regulator.o
    0x08003de8   0x08003de8   0x00000004   Code   RO         6441    i.PID_SetUpperIntegralTermLimit  pid_regulator.o
    0x08003dec   0x08003dec   0x0000007c   Code   RO         6442    i.PI_Controller     pid_regulator.o
    0x08003e68   0x08003e68   0x0000001e   Code   RO         7191    i.POT_Clear         potentiometer.o
    0x08003e86   0x08003e86   0x0000000c   Code   RO         7192    i.POT_Init          potentiometer.o
    0x08003e92   0x08003e92   0x00000032   Code   RO         7193    i.POT_TakeMeasurement  potentiometer.o
    0x08003ec4   0x08003ec4   0x0000002e   Code   RO         6581    i.PQD_CalcElMotorPower  pqd_motor_power_measurement.o
    0x08003ef2   0x08003ef2   0x0000002c   Code   RO         6583    i.PQD_GetAvrgElMotorPowerW  pqd_motor_power_measurement.o
    0x08003f1e   0x08003f1e   0x00000030   Code   RO         1217    i.PWMC_CurrentReadingCalibr  pwm_curr_fdbk.o
    0x08003f4e   0x08003f4e   0x00000014   Code   RO         1220    i.PWMC_DP_Handler   pwm_curr_fdbk.o
    0x08003f62   0x08003f62   0x00000036   Code   RO         1223    i.PWMC_IsFaultOccurred  pwm_curr_fdbk.o
    0x08003f98   0x08003f98   0x00000016   Code   RO         1227    i.PWMC_OVP_Handler  pwm_curr_fdbk.o
    0x08003fae   0x08003fae   0x00000222   Code   RO         1243    i.PWMC_SetPhaseVoltage  pwm_curr_fdbk.o
    0x080041d0   0x080041d0   0x00000004   Code   RO         1244    i.PWMC_SwitchOffPWM  pwm_curr_fdbk.o
    0x080041d4   0x080041d4   0x00000004   Code   RO         1245    i.PWMC_SwitchOnPWM  pwm_curr_fdbk.o
    0x080041d8   0x080041d8   0x000000a4   Code   RO         6950    i.R3_1_ADCxInit     r3_1_f30x_pwm_curr_fdbk.o
    0x0800427c   0x0800427c   0x0000014c   Code   RO         6951    i.R3_1_CurrentReadingPolarization  r3_1_f30x_pwm_curr_fdbk.o
    0x080043c8   0x080043c8   0x00000010   Code   RO         6952    i.R3_1_GetOffsetCalib  r3_1_f30x_pwm_curr_fdbk.o
    0x080043d8   0x080043d8   0x000000ec   Code   RO         6953    i.R3_1_GetPhaseCurrents  r3_1_f30x_pwm_curr_fdbk.o
    0x080044c4   0x080044c4   0x0000003c   Code   RO         6955    i.R3_1_HFCurrentsPolarizationAB  r3_1_f30x_pwm_curr_fdbk.o
    0x08004500   0x08004500   0x00000034   Code   RO         6956    i.R3_1_HFCurrentsPolarizationC  r3_1_f30x_pwm_curr_fdbk.o
    0x08004534   0x08004534   0x00000114   Code   RO         6957    i.R3_1_Init         r3_1_f30x_pwm_curr_fdbk.o
    0x08004648   0x08004648   0x000000f8   Code   RO         6958    i.R3_1_RLDetectionModeDisable  r3_1_f30x_pwm_curr_fdbk.o
    0x08004740   0x08004740   0x000000bc   Code   RO         6959    i.R3_1_RLDetectionModeEnable  r3_1_f30x_pwm_curr_fdbk.o
    0x080047fc   0x080047fc   0x0000003a   Code   RO         6960    i.R3_1_RLDetectionModeSetDuty  r3_1_f30x_pwm_curr_fdbk.o
    0x08004836   0x08004836   0x00000002   PAD
    0x08004838   0x08004838   0x00000034   Code   RO         6961    i.R3_1_RLGetPhaseCurrents  r3_1_f30x_pwm_curr_fdbk.o
    0x0800486c   0x0800486c   0x0000009a   Code   RO         6962    i.R3_1_RLSwitchOnPWM  r3_1_f30x_pwm_curr_fdbk.o
    0x08004906   0x08004906   0x00000044   Code   RO         6963    i.R3_1_RLTurnOnLowSides  r3_1_f30x_pwm_curr_fdbk.o
    0x0800494a   0x0800494a   0x000000a4   Code   RO         6964    i.R3_1_RLTurnOnLowSidesAndStart  r3_1_f30x_pwm_curr_fdbk.o
    0x080049ee   0x080049ee   0x00000014   Code   RO         6965    i.R3_1_SetADCSampPointPolarization  r3_1_f30x_pwm_curr_fdbk.o
    0x08004a02   0x08004a02   0x00000056   Code   RO         6966    i.R3_1_SetADCSampPointSectX  r3_1_f30x_pwm_curr_fdbk.o
    0x08004a58   0x08004a58   0x00000080   Code   RO         6968    i.R3_1_SetAOReferenceVoltage  r3_1_f30x_pwm_curr_fdbk.o
    0x08004ad8   0x08004ad8   0x00000016   Code   RO         6969    i.R3_1_SetOffsetCalib  r3_1_f30x_pwm_curr_fdbk.o
    0x08004aee   0x08004aee   0x0000003e   Code   RO         6970    i.R3_1_SwitchOffPWM  r3_1_f30x_pwm_curr_fdbk.o
    0x08004b2c   0x08004b2c   0x000000ca   Code   RO         6971    i.R3_1_SwitchOnPWM  r3_1_f30x_pwm_curr_fdbk.o
    0x08004bf6   0x08004bf6   0x000000ee   Code   RO         6972    i.R3_1_TIMxInit     r3_1_f30x_pwm_curr_fdbk.o
    0x08004ce4   0x08004ce4   0x0000002e   Code   RO         6973    i.R3_1_TIMx_UP_IRQHandler  r3_1_f30x_pwm_curr_fdbk.o
    0x08004d12   0x08004d12   0x00000074   Code   RO         6974    i.R3_1_TurnOnLowSides  r3_1_f30x_pwm_curr_fdbk.o
    0x08004d86   0x08004d86   0x00000022   Code   RO         6975    i.R3_1_WriteTIMRegisters  r3_1_f30x_pwm_curr_fdbk.o
    0x08004da8   0x08004da8   0x00000070   Code   RO         1426    i.RCM_ExecNextConv  regular_conversion_manager.o
    0x08004e18   0x08004e18   0x00000044   Code   RO         1428    i.RCM_ReadOngoingConv  regular_conversion_manager.o
    0x08004e5c   0x08004e5c   0x000000fc   Code   RO         1429    i.RCM_RegisterRegConv  regular_conversion_manager.o
    0x08004f58   0x08004f58   0x00000010   Code   RO         6650    i.REMNG_Init        ramp_ext_mngr.o
    0x08004f68   0x08004f68   0x00000078   Code   RO         2222    i.RI_GetRegCommandParser  mcp.o
    0x08004fe0   0x08004fe0   0x000000b4   Code   RO         2127    i.RI_GetRegisterGlobal  sync_registers.o
    0x08005094   0x08005094   0x000004a8   Code   RO         2128    i.RI_GetRegisterMotor1  sync_registers.o
    0x0800553c   0x0800553c   0x00000030   Code   RO         2129    i.RI_MovString      sync_registers.o
    0x0800556c   0x0800556c   0x000000b4   Code   RO         2223    i.RI_SetRegCommandParser  mcp.o
    0x08005620   0x08005620   0x000000b2   Code   RO         2130    i.RI_SetRegisterGlobal  sync_registers.o
    0x080056d2   0x080056d2   0x00000002   PAD
    0x080056d4   0x080056d4   0x000003bc   Code   RO         2131    i.RI_SetRegisterMotor1  sync_registers.o
    0x08005a90   0x08005a90   0x00000058   Code   RO         6617    i.RVBS_CalcAvVbus   r_divider_bus_voltage_sensor.o
    0x08005ae8   0x08005ae8   0x0000000c   Code   RO         6618    i.RVBS_Init         r_divider_bus_voltage_sensor.o
    0x08005af4   0x08005af4   0x00000018   Code   RO         2484    i.SPDPOT_Init       speed_potentiometer.o
    0x08005b0c   0x08005b0c   0x000000ac   Code   RO         2485    i.SPDPOT_Run        speed_potentiometer.o
    0x08005bb8   0x08005bb8   0x00000006   Code   RO         6803    i.SPD_GetAvrgMecSpeedUnit  speed_pos_fdbk.o
    0x08005bbe   0x08005bbe   0x00000004   Code   RO         6806    i.SPD_GetMecAngle   speed_pos_fdbk.o
    0x08005bc2   0x08005bc2   0x00000006   Code   RO         6807    i.SPD_GetS16Speed   speed_pos_fdbk.o
    0x08005bc8   0x08005bc8   0x0000005e   Code   RO         6808    i.SPD_IsMecSpeedReliable  speed_pos_fdbk.o
    0x08005c26   0x08005c26   0x00000052   Code   RO          378    i.STC_CalcTorqueReference  speed_torq_ctrl.o
    0x08005c78   0x08005c78   0x00000018   Code   RO          379    i.STC_Clear         speed_torq_ctrl.o
    0x08005c90   0x08005c90   0x00000082   Code   RO          380    i.STC_ExecRamp      speed_torq_ctrl.o
    0x08005d12   0x08005d12   0x00000010   Code   RO          381    i.STC_ForceSpeedReferenceToCurrentSpeed  speed_torq_ctrl.o
    0x08005d22   0x08005d22   0x00000010   Code   RO          382    i.STC_GetDefaultIqdref  speed_torq_ctrl.o
    0x08005d32   0x08005d32   0x00000006   Code   RO          384    i.STC_GetMecSpeedRefUnit  speed_torq_ctrl.o
    0x08005d38   0x08005d38   0x00000006   Code   RO          385    i.STC_GetMecSpeedRefUnitDefault  speed_torq_ctrl.o
    0x08005d3e   0x08005d3e   0x00000020   Code   RO          387    i.STC_Init          speed_torq_ctrl.o
    0x08005d5e   0x08005d5e   0x00000008   Code   RO          388    i.STC_SetControlMode  speed_torq_ctrl.o
    0x08005d66   0x08005d66   0x00000004   Code   RO          389    i.STC_SetSpeedSensor  speed_torq_ctrl.o
    0x08005d6a   0x08005d6a   0x00000002   PAD
    0x08005d6c   0x08005d6c   0x00000050   Code   RO         1958    i.SysTick_Handler   stm32_mc_common_it.o
    0x08005dbc   0x08005dbc   0x0000007e   Code   RO           20    i.SystemClock_Config  main.o
    0x08005e3a   0x08005e3a   0x00000002   PAD
    0x08005e3c   0x08005e3c   0x00000010   Code   RO         5994    i.SystemInit        system_stm32f3xx.o
    0x08005e4c   0x08005e4c   0x0000006c   Code   RO         6230    i.TC_EncAlignmentCommand  trajectory_ctrl.o
    0x08005eb8   0x08005eb8   0x00000084   Code   RO         6232    i.TC_FollowCommand  trajectory_ctrl.o
    0x08005f3c   0x08005f3c   0x00000006   Code   RO         6233    i.TC_GetAlignmentStatus  trajectory_ctrl.o
    0x08005f42   0x08005f42   0x00000006   Code   RO         6234    i.TC_GetControlPositionStatus  trajectory_ctrl.o
    0x08005f48   0x08005f48   0x00000020   Code   RO         6236    i.TC_GetCurrentPosition  trajectory_ctrl.o
    0x08005f68   0x08005f68   0x00000006   Code   RO         6237    i.TC_GetMoveDuration  trajectory_ctrl.o
    0x08005f6e   0x08005f6e   0x00000006   Code   RO         6238    i.TC_GetTargetPosition  trajectory_ctrl.o
    0x08005f74   0x08005f74   0x00000008   Code   RO         6239    i.TC_IncTick        trajectory_ctrl.o
    0x08005f7c   0x08005f7c   0x0000006c   Code   RO         6240    i.TC_Init           trajectory_ctrl.o
    0x08005fe8   0x08005fe8   0x000000f0   Code   RO         6241    i.TC_MoveCommand    trajectory_ctrl.o
    0x080060d8   0x080060d8   0x00000100   Code   RO         6242    i.TC_MoveExecution  trajectory_ctrl.o
    0x080061d8   0x080061d8   0x0000009c   Code   RO         6243    i.TC_PositionRegulation  trajectory_ctrl.o
    0x08006274   0x08006274   0x00000040   Code   RO         2030    i.TIM1_BRK_TIM15_IRQHandler  stm32f30x_mc_it.o
    0x080062b4   0x080062b4   0x00000018   Code   RO         2031    i.TIM1_UP_TIM16_IRQHandler  stm32f30x_mc_it.o
    0x080062cc   0x080062cc   0x00000028   Code   RO         1959    i.TIM2_IRQHandler   stm32_mc_common_it.o
    0x080062f4   0x080062f4   0x00000088   Code   RO         4623    i.TIM_Base_SetConfig  stm32f3xx_hal_tim.o
    0x0800637c   0x0800637c   0x00000088   Code   RO         4636    i.TIM_OC1_SetConfig  stm32f3xx_hal_tim.o
    0x08006404   0x08006404   0x00000080   Code   RO         4637    i.TIM_OC2_SetConfig  stm32f3xx_hal_tim.o
    0x08006484   0x08006484   0x00000080   Code   RO         4638    i.TIM_OC3_SetConfig  stm32f3xx_hal_tim.o
    0x08006504   0x08006504   0x0000006c   Code   RO         4639    i.TIM_OC4_SetConfig  stm32f3xx_hal_tim.o
    0x08006570   0x08006570   0x00000064   Code   RO         4640    i.TIM_OC5_SetConfig  stm32f3xx_hal_tim.o
    0x080065d4   0x080065d4   0x00000068   Code   RO         4641    i.TIM_OC6_SetConfig  stm32f3xx_hal_tim.o
    0x0800663c   0x0800663c   0x00000014   Code   RO          999    i.TSK_ChargeBootCapDelayHasElapsedM1  mc_tasks.o
    0x08006650   0x08006650   0x0000001c   Code   RO         1000    i.TSK_HardwareFaultTask  mc_tasks.o
    0x0800666c   0x0800666c   0x0000002c   Code   RO         1001    i.TSK_HighFrequencyTask  mc_tasks.o
    0x08006698   0x08006698   0x00000048   Code   RO         1120    i.TSK_MF_StopProcessing  mc_tasks_foc.o
    0x080066e0   0x080066e0   0x00000254   Code   RO         1121    i.TSK_MediumFrequencyTaskM1  mc_tasks_foc.o
    0x08006934   0x08006934   0x00000018   Code   RO         1002    i.TSK_SafetyTask    mc_tasks.o
    0x0800694c   0x0800694c   0x000000a4   Code   RO         1003    i.TSK_SafetyTask_PWMOFF  mc_tasks.o
    0x080069f0   0x080069f0   0x0000000c   Code   RO         1004    i.TSK_SetChargeBootCapDelayM1  mc_tasks.o
    0x080069fc   0x080069fc   0x0000000c   Code   RO         1005    i.TSK_SetStopPermanencyTimeM1  mc_tasks.o
    0x08006a08   0x08006a08   0x00000014   Code   RO         1006    i.TSK_StopPermanencyTimeHasElapsedM1  mc_tasks.o
    0x08006a1c   0x08006a1c   0x000000c8   Code   RO         5566    i.UART_AdvFeatureConfig  stm32f3xx_hal_uart.o
    0x08006ae4   0x08006ae4   0x000000a8   Code   RO         5567    i.UART_CheckIdleState  stm32f3xx_hal_uart.o
    0x08006b8c   0x08006b8c   0x0000004c   Code   RO         5578    i.UART_EndRxTransfer  stm32f3xx_hal_uart.o
    0x08006bd8   0x08006bd8   0x00000140   Code   RO         5582    i.UART_SetConfig    stm32f3xx_hal_uart.o
    0x08006d18   0x08006d18   0x00000094   Code   RO         5587    i.UART_WaitOnFlagUntilTimeout  stm32f3xx_hal_uart.o
    0x08006dac   0x08006dac   0x00000040   Code   RO         2265    i.UASPEP_CFG_RECEPTION  usart_aspep_driver.o
    0x08006dec   0x08006dec   0x00000038   Code   RO         2266    i.UASPEP_CFG_TRANSMISSION  usart_aspep_driver.o
    0x08006e24   0x08006e24   0x0000001a   Code   RO         2267    i.UASPEP_IDLE_ENABLE  usart_aspep_driver.o
    0x08006e3e   0x08006e3e   0x00000012   Code   RO         2268    i.UASPEP_INIT       usart_aspep_driver.o
    0x08006e50   0x08006e50   0x00000050   Code   RO         2269    i.UASPEP_RX_INIT    usart_aspep_driver.o
    0x08006ea0   0x08006ea0   0x00000050   Code   RO         2270    i.UASPEP_TX_INIT    usart_aspep_driver.o
    0x08006ef0   0x08006ef0   0x00000018   Code   RO         1007    i.UI_HandleStartStopButton_cb  mc_tasks.o
    0x08006f08   0x08006f08   0x000000fc   Code   RO         1960    i.USART2_IRQHandler  stm32_mc_common_it.o
    0x08007004   0x08007004   0x0000000a   Code   RO         6031    i.VBS_GetAvBusVoltage_V  bus_voltage_sensor.o
    0x0800700e   0x0800700e   0x0000002c   Code   RO         6865    i.VSS_Clear         virtual_speed_sensor.o
    0x0800703a   0x0800703a   0x00000008   Code   RO         6867    i.VSS_Init          virtual_speed_sensor.o
    0x08007042   0x08007042   0x0000007a   Code   RO         6871    i.VSS_SetMecAcceleration  virtual_speed_sensor.o
    0x080070bc   0x080070bc   0x00000020   Code   RO         3502    i.__NVIC_SetPriority  stm32f3xx_hal_cortex.o
    0x080070dc   0x080070dc   0x00000040   Code   RO           21    i.main              main.o
    0x0800711c   0x0800711c   0x0000009c   Code   RO         1008    i.mc_lock_pins      mc_tasks.o
    0x080071b8   0x080071b8   0x00000080   Code   RO          474    i.startTimers       pwm_common.o
    0x08007238   0x08007238   0x00000038   Code   RO          475    i.waitForPolarizationEnd  pwm_common.o
    0x08007270   0x08007270   0x0000000a   Code   RO         7347    x$fpl$fpinit        fz_wm.l(fpinit.o)
    0x0800727a   0x0800727a   0x00000002   PAD
    0x0800727c   0x0800727c   0x00000002   Data   RO         1009    .constdata          mc_tasks.o
    0x0800727e   0x0800727e   0x00000200   Data   RO         1497    .constdata          mc_math.o
    0x0800747e   0x0800747e   0x00000007   Data   RO         1961    .constdata          stm32_mc_common_it.o
    0x08007485   0x08007485   0x00000003   PAD
    0x08007488   0x08007488   0x00000044   Data   RO         2071    .constdata          mc_parameters.o
    0x080074cc   0x080074cc   0x00000010   Data   RO         2224    .constdata          mcp.o
    0x080074dc   0x080074dc   0x00000007   Data   RO         2271    .constdata          usart_aspep_driver.o
    0x080074e3   0x080074e3   0x0000000e   Data   RO         2335    .constdata          mc_configuration_registers.o
    0x080074f1   0x080074f1   0x00000011   Data   RO         2336    .constdata          mc_configuration_registers.o
    0x08007502   0x08007502   0x00000014   Data   RO         2337    .constdata          mc_configuration_registers.o
    0x08007516   0x08007516   0x0000000a   Data   RO         2338    .constdata          mc_configuration_registers.o
    0x08007520   0x08007520   0x00000010   Data   RO         2339    .constdata          mc_configuration_registers.o
    0x08007530   0x08007530   0x0000003c   Data   RO         2340    .constdata          mc_configuration_registers.o
    0x0800756c   0x0800756c   0x0000000e   Data   RO         2341    .constdata          mc_configuration_registers.o
    0x0800757a   0x0800757a   0x00000110   Data   RO         2381    .constdata          aspep.o
    0x0800768a   0x0800768a   0x00000020   Data   RO         3189    .constdata          stm32f3xx_hal_rcc.o
    0x080076aa   0x080076aa   0x00000010   Data   RO         5995    .constdata          system_stm32f3xx.o
    0x080076ba   0x080076ba   0x00000008   Data   RO         5996    .constdata          system_stm32f3xx.o
    0x080076c2   0x080076c2   0x00000012   Data   RO         6173    .constdata          encoder_speed_pos_fdbk.o
    0x080076d4   0x080076d4   0x00000012   Data   RO         6976    .constdata          r3_1_f30x_pwm_curr_fdbk.o
    0x080076e6   0x080076e6   0x00000002   PAD
    0x080076e8   0x080076e8   0x00000020   Data   RO         7403    Region$$Table       anon$$obj.o


    Execution Region RW_IRAM1 (Exec base: 0x20000000, Load base: 0x08007708, Size: 0x00001f10, Max: 0x00004000, ABSOLUTE, COMPRESSED[0x000001cc])

    Exec Addr    Load Addr    Size         Type   Attr      Idx    E Section Name        Object

    0x20000000   COMPRESSED   0x00000004   Data   RW          341    .data               motorcontrol.o
    0x20000004   COMPRESSED   0x00000010   Data   RW          868    .data               mc_config.o
    0x20000014   COMPRESSED   0x0000002c   Data   RW          869    .data               mc_config.o
    0x20000040   COMPRESSED   0x0000002c   Data   RW          870    .data               mc_config.o
    0x2000006c   COMPRESSED   0x0000002c   Data   RW          871    .data               mc_config.o
    0x20000098   COMPRESSED   0x0000002c   Data   RW          872    .data               mc_config.o
    0x200000c4   COMPRESSED   0x00000070   Data   RW          873    .data               mc_config.o
    0x20000134   COMPRESSED   0x00000038   Data   RW          874    .data               mc_config.o
    0x2000016c   COMPRESSED   0x000000a0   Data   RW          875    .data               mc_config.o
    0x2000020c   COMPRESSED   0x00000018   Data   RW          876    .data               mc_config.o
    0x20000224   COMPRESSED   0x00000004   Data   RW          877    .data               mc_config.o
    0x20000228   COMPRESSED   0x00000004   Data   RW          878    .data               mc_config.o
    0x2000022c   COMPRESSED   0x00000004   Data   RW          880    .data               mc_config.o
    0x20000230   COMPRESSED   0x00000004   Data   RW          881    .data               mc_config.o
    0x20000234   COMPRESSED   0x00000004   Data   RW          882    .data               mc_config.o
    0x20000238   COMPRESSED   0x00000004   Data   RW          883    .data               mc_config.o
    0x2000023c   COMPRESSED   0x0000002c   Data   RW          884    .data               mc_config.o
    0x20000268   COMPRESSED   0x00000004   Data   RW          885    .data               mc_config.o
    0x2000026c   COMPRESSED   0x00000088   Data   RW          915    .data               mc_config_common.o
    0x200002f4   COMPRESSED   0x0000001c   Data   RW          916    .data               mc_config_common.o
    0x20000310   COMPRESSED   0x00000038   Data   RW          917    .data               mc_config_common.o
    0x20000348   COMPRESSED   0x00000010   Data   RW          918    .data               mc_config_common.o
    0x20000358   COMPRESSED   0x00000018   Data   RW          919    .data               mc_config_common.o
    0x20000370   COMPRESSED   0x00000010   Data   RW          920    .data               mc_config_common.o
    0x20000380   COMPRESSED   0x00000012   Data   RW          921    .data               mc_config_common.o
    0x20000392   COMPRESSED   0x00000002   PAD
    0x20000394   COMPRESSED   0x00000010   Data   RW          922    .data               mc_config_common.o
    0x200003a4   COMPRESSED   0x00000024   Data   RW          923    .data               mc_config_common.o
    0x200003c8   COMPRESSED   0x00000004   Data   RW          924    .data               mc_config_common.o
    0x200003cc   COMPRESSED   0x00000004   Data   RW          925    .data               mc_config_common.o
    0x200003d0   COMPRESSED   0x00000014   Data   RW          958    .data               mcp_config.o
    0x200003e4   COMPRESSED   0x00000074   Data   RW          959    .data               mcp_config.o
    0x20000458   COMPRESSED   0x00000010   Data   RW          960    .data               mcp_config.o
    0x20000468   COMPRESSED   0x0000002c   Data   RW          961    .data               mcp_config.o
    0x20000494   COMPRESSED   0x00000008   Data   RW          962    .data               mcp_config.o
    0x2000049c   COMPRESSED   0x00000008   Data   RW         1010    .data               mc_tasks.o
    0x200004a4   COMPRESSED   0x00000002   Data   RW         1432    .data               regular_conversion_manager.o
    0x200004a6   COMPRESSED   0x00000001   Data   RW         1962    .data               stm32_mc_common_it.o
    0x200004a7   COMPRESSED   0x00000010   Data   RW         2072    .data               mc_parameters.o
    0x200004b7   COMPRESSED   0x00000001   PAD
    0x200004b8   COMPRESSED   0x00000002   Data   RW         2095    .data               hf_registers.o
    0x200004ba   COMPRESSED   0x00000002   PAD
    0x200004bc   COMPRESSED   0x00000004   Data   RW         2342    .data               mc_configuration_registers.o
    0x200004c0   COMPRESSED   0x00000004   Data   RW         2343    .data               mc_configuration_registers.o
    0x200004c4   COMPRESSED   0x00000004   Data   RW         2344    .data               mc_configuration_registers.o
    0x200004c8   COMPRESSED   0x00000004   Data   RW         2345    .data               mc_configuration_registers.o
    0x200004cc   COMPRESSED   0x0000000c   Data   RW         3026    .data               stm32f3xx_hal.o
    0x200004d8   COMPRESSED   0x00000004   Data   RW         5997    .data               system_stm32f3xx.o
    0x200004dc   COMPRESSED   0x00000004   Data   RW         7148    .data               mcpa.o
    0x200004e0        -       0x00000170   Zero   RW           22    .bss                main.o
    0x20000650        -       0x00000044   Zero   RW           23    .bss                main.o
    0x20000694        -       0x00000044   Zero   RW           24    .bss                main.o
    0x200006d8        -       0x00000022   Zero   RW          867    .bss                mc_config.o
    0x200006fa        -       0x00000020   Zero   RW          914    .bss                mc_config_common.o
    0x2000071a   COMPRESSED   0x00000002   PAD
    0x2000071c        -       0x00000086   Zero   RW          950    .bss                mcp_config.o
    0x200007a2   COMPRESSED   0x00000002   PAD
    0x200007a4        -       0x00000082   Zero   RW          951    .bss                mcp_config.o
    0x20000826   COMPRESSED   0x00000002   PAD
    0x20000828        -       0x00000806   Zero   RW          952    .bss                mcp_config.o
    0x2000102e   COMPRESSED   0x00000002   PAD
    0x20001030        -       0x00000806   Zero   RW          953    .bss                mcp_config.o
    0x20001836   COMPRESSED   0x00000002   PAD
    0x20001838        -       0x00000028   Zero   RW          954    .bss                mcp_config.o
    0x20001860        -       0x00000028   Zero   RW          955    .bss                mcp_config.o
    0x20001888        -       0x0000000a   Zero   RW          956    .bss                mcp_config.o
    0x20001892        -       0x0000000a   Zero   RW          957    .bss                mcp_config.o
    0x2000189c        -       0x00000010   Zero   RW         1431    .bss                regular_conversion_manager.o
    0x200018ac        -       0x00000060   Zero   RW         7277    .bss                c_w.l(libspace.o)
    0x2000190c   COMPRESSED   0x00000004   PAD
    0x20001910        -       0x00000200   Zero   RW            2    HEAP                startup_stm32f302x8.o
    0x20001b10        -       0x00000400   Zero   RW            1    STACK               startup_stm32f302x8.o


==============================================================================

Image component sizes


      Code (inc. data)   RO Data    RW Data    ZI Data      Debug   Object Name

      1252         12        272          0          0       9527   aspep.o
        10          0          0          0          0        656   bus_voltage_sensor.o
        88          0          0          0          0       1640   circle_limitation.o
         0          0          0          0          0       4004   digital_output.o
       144          0          0          0          0       4383   enc_align_ctrl.o
       630          4         18          0          0      37893   encoder_speed_pos_fdbk.o
       246         16          0          2          0       1982   hf_registers.o
      1132         42          0          0        504     596234   main.o
        40         12          0          0          0       4737   mc_api.o
        48         20          0          0          0       1018   mc_app_hooks.o
         0          0          0        616         34       1566   mc_config.o
         0          0          0        354         32       1176   mc_config_common.o
         0          0        151         16          0       3643   mc_configuration_registers.o
       538          6          0          0          0      23418   mc_interface.o
       416         12        512          0          0       6308   mc_math.o
         0          0         68         16          0        271   mc_parameters.o
       746        130          2          8          0      13595   mc_tasks.o
      1306        186          0          0          0      11761   mc_tasks_foc.o
       608         30         16          0          0       4151   mcp.o
         0          0          0        204       4472       4552   mcp_config.o
       598          4          0          4          0       4304   mcpa.o
        52          8          0          4          0       1058   motorcontrol.o
       134          0          0          0          0       2770   ntc_temperature_sensor.o
       310          6          0          0          0      12246   pid_regulator.o
        92          0          0          0          0       2385   potentiometer.o
        90          0          0          0          0       1934   pqd_motor_power_measurement.o
       184         14          0          0          0      35811   pwm_common.o
       698          0          0          0          0       5762   pwm_curr_fdbk.o
      3346        122         18          0          0     126113   r3_1_f30x_pwm_curr_fdbk.o
       100          0          0          0          0       2170   r_divider_bus_voltage_sensor.o
        16          0          0          0          0       1021   ramp_ext_mngr.o
       490         44          0          2         16      50287   regular_conversion_manager.o
       110          0          0          0          0       3463   speed_pos_fdbk.o
       196          0          0          0          0       4379   speed_potentiometer.o
       324          0          0          0          0       6774   speed_torq_ctrl.o
        64         26        392          0       1536        848   startup_stm32f302x8.o
       422         44          7          1          0      69743   stm32_mc_common_it.o
       100         20          0          0          0      77121   stm32f30x_mc_it.o
       128         24          0         12          0      11537   stm32f3xx_hal.o
      2338         62          0          0          0       6045   stm32f3xx_hal_adc_ex.o
       244         24          0          0          0      34030   stm32f3xx_hal_cortex.o
       110         10          0          0          0       1627   stm32f3xx_hal_dma.o
       554         26          0          0          0       2288   stm32f3xx_hal_gpio.o
       704         64          0          0          0       4741   stm32f3xx_hal_msp.o
      2020         86         32          0          0       6792   stm32f3xx_hal_rcc.o
       500         14          0          0          0       1568   stm32f3xx_hal_rcc_ex.o
      1398        150          0          0          0       9285   stm32f3xx_hal_tim.o
       240         16          0          0          0       2288   stm32f3xx_hal_tim_ex.o
      1014         44          0          0          0       5793   stm32f3xx_hal_uart.o
      2554        114          0          0          0      15499   sync_registers.o
        16          4         24          4          0       1119   system_stm32f3xx.o
      1064         42          0          0          0       9989   trajectory_ctrl.o
       376         36          7          0          0      35534   usart_aspep_driver.o
       174          0          0          0          0       2212   virtual_speed_sensor.o

    ----------------------------------------------------------------------
     28006       1474       1556       1248       6604    1291051   Object Totals
         0          0         32          0          0          0   (incl. Generated)
        42          0          5          5         10          0   (incl. Padding)

    ----------------------------------------------------------------------

      Code (inc. data)   RO Data    RW Data    ZI Data      Debug   Library Member Name

        90          0          0          0          0          0   __dczerorl2.o
         8          0          0          0          0         68   __main.o
         0          0          0          0          0          0   __rtentry.o
        12          0          0          0          0          0   __rtentry2.o
         6          0          0          0          0          0   __rtentry4.o
        52          8          0          0          0          0   __scatter.o
        28          0          0          0          0          0   __scatter_zi.o
        18          0          0          0          0         80   exit.o
         6          0          0          0          0        152   heapauxi.o
         0          0          0          0          0          0   indicate_semi.o
         2          0          0          0          0          0   libinit.o
         6          0          0          0          0          0   libinit2.o
         2          0          0          0          0          0   libshutdown.o
         2          0          0          0          0          0   libshutdown2.o
         8          4          0          0         96         68   libspace.o
       238          0          0          0          0        100   lludivv7m.o
        78          0          0          0          0         80   rt_memclr_w.o
       138          0          0          0          0         68   rt_memcpy_v6.o
       100          0          0          0          0         80   rt_memcpy_w.o
         2          0          0          0          0          0   rtexit.o
        10          0          0          0          0          0   rtexit2.o
        12          4          0          0          0         68   sys_exit.o
        74          0          0          0          0         80   sys_stackheap_outer.o
         2          0          0          0          0         68   use_no_semi.o
        10          0          0          0          0        116   fpinit.o

    ----------------------------------------------------------------------
       910         16          0          0        100       1028   Library Totals
         6          0          0          0          4          0   (incl. Padding)

    ----------------------------------------------------------------------

      Code (inc. data)   RO Data    RW Data    ZI Data      Debug   Library Name

       894         16          0          0         96        912   c_w.l
        10          0          0          0          0        116   fz_wm.l

    ----------------------------------------------------------------------
       910         16          0          0        100       1028   Library Totals

    ----------------------------------------------------------------------

==============================================================================


      Code (inc. data)   RO Data    RW Data    ZI Data      Debug   

     28916       1490       1556       1248       6704    1265015   Grand Totals
     28916       1490       1556        460       6704    1265015   ELF Image Totals (compressed)
     28916       1490       1556        460          0          0   ROM Totals

==============================================================================

    Total RO  Size (Code + RO Data)                30472 (  29.76kB)
    Total RW  Size (RW Data + ZI Data)              7952 (   7.77kB)
    Total ROM Size (Code + RO Data + RW Data)      30932 (  30.21kB)

==============================================================================

