<html>
<body>
<pre>
<h1>µVision Build Log</h1>
<h2>Tool Versions:</h2>
IDE-Version: ¦ÌVision V5.30.0.0
Copyright (C) 2020 ARM Ltd and ARM Germany GmbH. All rights reserved.
License Information: lu priestyoyo@live.com, l, LIC=KRMW3-AE6XG-9UR4U-S1RRS-DWAZH-N728G
 
Tool Versions:
Toolchain:       MDK-ARM Plus  Version: 5.30.0.0
Toolchain Path:  D:\development\Keil_v5_30\ARM\ARMCC\Bin
C Compiler:      Armcc.exe V5.06 update 6 (build 750)
Assembler:       Armasm.exe V5.06 update 6 (build 750)
Linker/Locator:  ArmLink.exe V5.06 update 6 (build 750)
Library Manager: ArmAr.exe V5.06 update 6 (build 750)
Hex Converter:   FromElf.exe V5.06 update 6 (build 750)
CPU DLL:         SARMCM3.DLL V5.30.0.0
Dialog DLL:      DCM.DLL V1.17.3.0
Target DLL:      STLink\ST-LINKIII-KEIL_SWO.dll V3.0.7.0
Dialog DLL:      TCM.DLL V1.42.0.0
 
<h2>Project:</h2>
E:\workspace\stm32\foc_gimble\foc_gimble\MDK-ARM\foc_gimble.uvprojx
Project File Date:  03/30/2026

<h2>Output:</h2>
*** Using Compiler 'V5.06 update 6 (build 750)', folder: 'D:\development\Keil_v5_30\ARM\ARMCC\Bin'
Build target 'foc_gimble'
assembling startup_stm32f302x8.s...
compiling stm32f3xx_hal.c...
compiling stm32f3xx_hal_adc.c...
compiling stm32f3xx_hal_rcc.c...
compiling stm32f3xx_hal_adc_ex.c...
compiling pwm_common.c...
compiling mc_config_common.c...
compiling mc_math.c...
compiling mcp_config.c...
compiling mc_config.c...
compiling mcp.c...
compiling usart_aspep_driver.c...
compiling main.c...
compiling stm32f3xx_it.c...
compiling motorcontrol.c...
compiling stm32f30x_mc_it.c...
compiling mc_configuration_registers.c...
compiling stm32f3xx_hal_dma.c...
compiling mc_api.c...
compiling stm32f3xx_hal_rcc_ex.c...
compiling stm32f3xx_hal_msp.c...
compiling mc_tasks.c...
compiling sync_registers.c...
compiling speed_torq_ctrl.c...
compiling mc_interface.c...
compiling pwm_curr_fdbk.c...
compiling speed_potentiometer.c...
compiling stm32f3xx_hal_gpio.c...
compiling regular_conversion_manager.c...
compiling mc_parameters.c...
compiling mc_app_hooks.c...
compiling stm32_mc_common_it.c...
compiling mc_tasks_foc.c...
compiling aspep.c...
compiling stm32f3xx_hal_cortex.c...
compiling hf_registers.c...
compiling stm32f3xx_hal_pwr.c...
compiling stm32f3xx_hal_pwr_ex.c...
compiling stm32f3xx_hal_flash.c...
compiling stm32f3xx_hal_flash_ex.c...
compiling stm32f3xx_hal_exti.c...
compiling stm32f3xx_hal_i2c_ex.c...
compiling system_stm32f3xx.c...
compiling stm32f3xx_hal_uart_ex.c...
compiling stm32f3xx_hal_tim_ex.c...
compiling stm32f3xx_hal_i2c.c...
compiling stm32f3xx_hal_uart.c...
compiling stm32f3xx_hal_tim.c...
compiling bus_voltage_sensor.c...
compiling circle_limitation.c...
compiling enc_align_ctrl.c...
compiling ntc_temperature_sensor.c...
compiling encoder_speed_pos_fdbk.c...
compiling digital_output.c...
compiling open_loop.c...
compiling trajectory_ctrl.c...
compiling pid_regulator.c...
compiling r_divider_bus_voltage_sensor.c...
compiling pqd_motor_power_measurement.c...
compiling ramp_ext_mngr.c...
compiling speed_pos_fdbk.c...
compiling revup_ctrl.c...
compiling potentiometer.c...
compiling virtual_speed_sensor.c...
compiling mcpa.c...
compiling r3_1_f30x_pwm_curr_fdbk.c...
linking...
Program Size: Code=28916 RO-data=1556 RW-data=1248 ZI-data=6704  
FromELF: creating hex file...
"foc_gimble\foc_gimble.axf" - 0 Error(s), 0 Warning(s).

<h2>Software Packages used:</h2>

Package Vendor: ARM
                http://www.keil.com/pack/ARM.CMSIS.5.7.0.pack
                ARM.CMSIS.5.7.0
                CMSIS (Cortex Microcontroller Software Interface Standard)
   * Component: CORE Version: 5.4.0

Package Vendor: Keil
                https://www.keil.com/pack/Keil.STM32F3xx_DFP.3.1.0.pack
                Keil.STM32F3xx_DFP.3.1.0
                STMicroelectronics STM32F3 Series Device Support

<h2>Collection of Component include folders:</h2>
  .\RTE\_foc_gimble
  D:\development\Keil_v5_30\PACK\ARM\CMSIS\5.7.0\CMSIS\Core\Include

<h2>Collection of Component Files used:</h2>

   * Component: ARM::CMSIS:CORE:5.4.0
Build Time Elapsed:  00:00:31
</pre>
</body>
</html>
