<!doctype html public "-//w3c//dtd html 4.0 transitional//en">
<html><head>
<title>Static Call Graph - [foc_gimble\foc_gimble.axf]</title></head>
<body><HR>
<H1>Static Call Graph for image foc_gimble\foc_gimble.axf</H1><HR>
<BR><P>#&#060CALLGRAPH&#062# ARM Linker, 5060750: Last Updated: Mon Mar 30 19:43:41 2026
<BR><P>
<H3>Maximum Stack Usage =        304 bytes + Unknown(Functions without stacksize, Cycles, Untraceable Function Pointers)</H3><H3>
Call chain for Maximum Stack Depth:</H3>
__rt_entry_main &rArr; main &rArr; MX_ADC1_Init &rArr; HAL_ADC_Init &rArr; HAL_ADC_MspInit &rArr; HAL_GPIO_Init
<P>
<H3>
Functions with no stack information
</H3><UL>
 <LI><a href="#[72]">__user_initial_stackheap</a>
</UL>
</UL>
<P>
<H3>
Mutually Recursive functions
</H3> <LI><a href="#[17]">NMI_Handler</a>&nbsp;&nbsp;&nbsp;&rArr;&nbsp;&nbsp;&nbsp;<a href="#[17]">NMI_Handler</a><BR>
 <LI><a href="#[19]">MemManage_Handler</a>&nbsp;&nbsp;&nbsp;&rArr;&nbsp;&nbsp;&nbsp;<a href="#[19]">MemManage_Handler</a><BR>
 <LI><a href="#[1a]">BusFault_Handler</a>&nbsp;&nbsp;&nbsp;&rArr;&nbsp;&nbsp;&nbsp;<a href="#[1a]">BusFault_Handler</a><BR>
 <LI><a href="#[1b]">UsageFault_Handler</a>&nbsp;&nbsp;&nbsp;&rArr;&nbsp;&nbsp;&nbsp;<a href="#[1b]">UsageFault_Handler</a><BR>
 <LI><a href="#[1c]">SVC_Handler</a>&nbsp;&nbsp;&nbsp;&rArr;&nbsp;&nbsp;&nbsp;<a href="#[1c]">SVC_Handler</a><BR>
 <LI><a href="#[1d]">DebugMon_Handler</a>&nbsp;&nbsp;&nbsp;&rArr;&nbsp;&nbsp;&nbsp;<a href="#[1d]">DebugMon_Handler</a><BR>
 <LI><a href="#[1e]">PendSV_Handler</a>&nbsp;&nbsp;&nbsp;&rArr;&nbsp;&nbsp;&nbsp;<a href="#[1e]">PendSV_Handler</a><BR>
 <LI><a href="#[35]">CAN_RX1_IRQHandler</a>&nbsp;&nbsp;&nbsp;&rArr;&nbsp;&nbsp;&nbsp;<a href="#[35]">CAN_RX1_IRQHandler</a><BR>
 <LI><a href="#[15b]">UART_EndRxTransfer</a>&nbsp;&nbsp;&nbsp;&rArr;&nbsp;&nbsp;&nbsp;<a href="#[15b]">UART_EndRxTransfer</a><BR>
</UL>
<P>
<H3>
Function Pointers
</H3><UL>
 <LI><a href="#[32]">ADC1_IRQHandler</a> from stm32f30x_mc_it.o(i.ADC1_IRQHandler) referenced from startup_stm32f302x8.o(RESET)
 <LI><a href="#[11]">ASPEP_RXframeProcess</a> from aspep.o(i.ASPEP_RXframeProcess) referenced 2 times from mcp_config.o(.data)
 <LI><a href="#[f]">ASPEP_getBuffer</a> from aspep.o(i.ASPEP_getBuffer) referenced 2 times from mcp_config.o(.data)
 <LI><a href="#[10]">ASPEP_sendPacket</a> from aspep.o(i.ASPEP_sendPacket) referenced 2 times from mcp_config.o(.data)
 <LI><a href="#[1a]">BusFault_Handler</a> from startup_stm32f302x8.o(.text) referenced from startup_stm32f302x8.o(RESET)
 <LI><a href="#[35]">CAN_RX1_IRQHandler</a> from startup_stm32f302x8.o(.text) referenced from startup_stm32f302x8.o(RESET)
 <LI><a href="#[36]">CAN_SCE_IRQHandler</a> from startup_stm32f302x8.o(.text) referenced from startup_stm32f302x8.o(RESET)
 <LI><a href="#[4a]">COMP2_IRQHandler</a> from startup_stm32f302x8.o(.text) referenced from startup_stm32f302x8.o(RESET)
 <LI><a href="#[4b]">COMP4_6_IRQHandler</a> from startup_stm32f302x8.o(.text) referenced from startup_stm32f302x8.o(RESET)
 <LI><a href="#[2b]">DMA1_Channel1_IRQHandler</a> from startup_stm32f302x8.o(.text) referenced from startup_stm32f302x8.o(RESET)
 <LI><a href="#[2c]">DMA1_Channel2_IRQHandler</a> from startup_stm32f302x8.o(.text) referenced from startup_stm32f302x8.o(RESET)
 <LI><a href="#[2d]">DMA1_Channel3_IRQHandler</a> from startup_stm32f302x8.o(.text) referenced from startup_stm32f302x8.o(RESET)
 <LI><a href="#[2e]">DMA1_Channel4_IRQHandler</a> from startup_stm32f302x8.o(.text) referenced from startup_stm32f302x8.o(RESET)
 <LI><a href="#[2f]">DMA1_Channel5_IRQHandler</a> from startup_stm32f302x8.o(.text) referenced from startup_stm32f302x8.o(RESET)
 <LI><a href="#[30]">DMA1_Channel6_IRQHandler</a> from startup_stm32f302x8.o(.text) referenced from startup_stm32f302x8.o(RESET)
 <LI><a href="#[31]">DMA1_Channel7_IRQHandler</a> from startup_stm32f302x8.o(.text) referenced from startup_stm32f302x8.o(RESET)
 <LI><a href="#[1d]">DebugMon_Handler</a> from startup_stm32f302x8.o(.text) referenced from startup_stm32f302x8.o(RESET)
 <LI><a href="#[26]">EXTI0_IRQHandler</a> from startup_stm32f302x8.o(.text) referenced from startup_stm32f302x8.o(RESET)
 <LI><a href="#[45]">EXTI15_10_IRQHandler</a> from stm32_mc_common_it.o(i.EXTI15_10_IRQHandler) referenced from startup_stm32f302x8.o(RESET)
 <LI><a href="#[27]">EXTI1_IRQHandler</a> from startup_stm32f302x8.o(.text) referenced from startup_stm32f302x8.o(RESET)
 <LI><a href="#[28]">EXTI2_TSC_IRQHandler</a> from startup_stm32f302x8.o(.text) referenced from startup_stm32f302x8.o(RESET)
 <LI><a href="#[29]">EXTI3_IRQHandler</a> from startup_stm32f302x8.o(.text) referenced from startup_stm32f302x8.o(RESET)
 <LI><a href="#[2a]">EXTI4_IRQHandler</a> from startup_stm32f302x8.o(.text) referenced from startup_stm32f302x8.o(RESET)
 <LI><a href="#[37]">EXTI9_5_IRQHandler</a> from startup_stm32f302x8.o(.text) referenced from startup_stm32f302x8.o(RESET)
 <LI><a href="#[24]">FLASH_IRQHandler</a> from startup_stm32f302x8.o(.text) referenced from startup_stm32f302x8.o(RESET)
 <LI><a href="#[51]">FPU_IRQHandler</a> from startup_stm32f302x8.o(.text) referenced from startup_stm32f302x8.o(RESET)
 <LI><a href="#[18]">HardFault_Handler</a> from stm32_mc_common_it.o(i.HardFault_Handler) referenced from startup_stm32f302x8.o(RESET)
 <LI><a href="#[3e]">I2C1_ER_IRQHandler</a> from startup_stm32f302x8.o(.text) referenced from startup_stm32f302x8.o(RESET)
 <LI><a href="#[3d]">I2C1_EV_IRQHandler</a> from startup_stm32f302x8.o(.text) referenced from startup_stm32f302x8.o(RESET)
 <LI><a href="#[40]">I2C2_ER_IRQHandler</a> from startup_stm32f302x8.o(.text) referenced from startup_stm32f302x8.o(RESET)
 <LI><a href="#[3f]">I2C2_EV_IRQHandler</a> from startup_stm32f302x8.o(.text) referenced from startup_stm32f302x8.o(RESET)
 <LI><a href="#[4d]">I2C3_ER_IRQHandler</a> from startup_stm32f302x8.o(.text) referenced from startup_stm32f302x8.o(RESET)
 <LI><a href="#[4c]">I2C3_EV_IRQHandler</a> from startup_stm32f302x8.o(.text) referenced from startup_stm32f302x8.o(RESET)
 <LI><a href="#[19]">MemManage_Handler</a> from startup_stm32f302x8.o(.text) referenced from startup_stm32f302x8.o(RESET)
 <LI><a href="#[17]">NMI_Handler</a> from startup_stm32f302x8.o(.text) referenced from startup_stm32f302x8.o(RESET)
 <LI><a href="#[21]">PVD_IRQHandler</a> from startup_stm32f302x8.o(.text) referenced from startup_stm32f302x8.o(RESET)
 <LI><a href="#[1e]">PendSV_Handler</a> from startup_stm32f302x8.o(.text) referenced from startup_stm32f302x8.o(RESET)
 <LI><a href="#[6]">R3_1_CurrentReadingPolarization</a> from r3_1_f30x_pwm_curr_fdbk.o(i.R3_1_CurrentReadingPolarization) referenced 2 times from mc_config.o(.data)
 <LI><a href="#[e]">R3_1_GetOffsetCalib</a> from r3_1_f30x_pwm_curr_fdbk.o(i.R3_1_GetOffsetCalib) referenced 2 times from mc_config.o(.data)
 <LI><a href="#[3]">R3_1_GetPhaseCurrents</a> from r3_1_f30x_pwm_curr_fdbk.o(i.R3_1_GetPhaseCurrents) referenced 2 times from mc_config.o(.data)
 <LI><a href="#[3]">R3_1_GetPhaseCurrents</a> from r3_1_f30x_pwm_curr_fdbk.o(i.R3_1_GetPhaseCurrents) referenced from r3_1_f30x_pwm_curr_fdbk.o(i.R3_1_RLDetectionModeDisable)
 <LI><a href="#[54]">R3_1_HFCurrentsPolarizationAB</a> from r3_1_f30x_pwm_curr_fdbk.o(i.R3_1_HFCurrentsPolarizationAB) referenced from r3_1_f30x_pwm_curr_fdbk.o(i.R3_1_CurrentReadingPolarization)
 <LI><a href="#[56]">R3_1_HFCurrentsPolarizationC</a> from r3_1_f30x_pwm_curr_fdbk.o(i.R3_1_HFCurrentsPolarizationC) referenced from r3_1_f30x_pwm_curr_fdbk.o(i.R3_1_CurrentReadingPolarization)
 <LI><a href="#[a]">R3_1_RLDetectionModeDisable</a> from r3_1_f30x_pwm_curr_fdbk.o(i.R3_1_RLDetectionModeDisable) referenced 2 times from mc_config.o(.data)
 <LI><a href="#[9]">R3_1_RLDetectionModeEnable</a> from r3_1_f30x_pwm_curr_fdbk.o(i.R3_1_RLDetectionModeEnable) referenced 2 times from mc_config.o(.data)
 <LI><a href="#[b]">R3_1_RLDetectionModeSetDuty</a> from r3_1_f30x_pwm_curr_fdbk.o(i.R3_1_RLDetectionModeSetDuty) referenced 2 times from mc_config.o(.data)
 <LI><a href="#[57]">R3_1_RLGetPhaseCurrents</a> from r3_1_f30x_pwm_curr_fdbk.o(i.R3_1_RLGetPhaseCurrents) referenced from r3_1_f30x_pwm_curr_fdbk.o(i.R3_1_RLDetectionModeEnable)
 <LI><a href="#[59]">R3_1_RLSwitchOnPWM</a> from r3_1_f30x_pwm_curr_fdbk.o(i.R3_1_RLSwitchOnPWM) referenced from r3_1_f30x_pwm_curr_fdbk.o(i.R3_1_RLDetectionModeEnable)
 <LI><a href="#[58]">R3_1_RLTurnOnLowSides</a> from r3_1_f30x_pwm_curr_fdbk.o(i.R3_1_RLTurnOnLowSides) referenced from r3_1_f30x_pwm_curr_fdbk.o(i.R3_1_RLDetectionModeEnable)
 <LI><a href="#[c]">R3_1_RLTurnOnLowSidesAndStart</a> from r3_1_f30x_pwm_curr_fdbk.o(i.R3_1_RLTurnOnLowSidesAndStart) referenced 2 times from mc_config.o(.data)
 <LI><a href="#[55]">R3_1_SetADCSampPointPolarization</a> from r3_1_f30x_pwm_curr_fdbk.o(i.R3_1_SetADCSampPointPolarization) referenced from r3_1_f30x_pwm_curr_fdbk.o(i.R3_1_CurrentReadingPolarization)
 <LI><a href="#[8]">R3_1_SetADCSampPointSectX</a> from r3_1_f30x_pwm_curr_fdbk.o(i.R3_1_SetADCSampPointSectX) referenced 2 times from mc_config.o(.data)
 <LI><a href="#[d]">R3_1_SetOffsetCalib</a> from r3_1_f30x_pwm_curr_fdbk.o(i.R3_1_SetOffsetCalib) referenced 2 times from mc_config.o(.data)
 <LI><a href="#[4]">R3_1_SwitchOffPWM</a> from r3_1_f30x_pwm_curr_fdbk.o(i.R3_1_SwitchOffPWM) referenced 2 times from mc_config.o(.data)
 <LI><a href="#[4]">R3_1_SwitchOffPWM</a> from r3_1_f30x_pwm_curr_fdbk.o(i.R3_1_SwitchOffPWM) referenced from r3_1_f30x_pwm_curr_fdbk.o(i.R3_1_RLDetectionModeDisable)
 <LI><a href="#[4]">R3_1_SwitchOffPWM</a> from r3_1_f30x_pwm_curr_fdbk.o(i.R3_1_SwitchOffPWM) referenced from r3_1_f30x_pwm_curr_fdbk.o(i.R3_1_RLDetectionModeEnable)
 <LI><a href="#[5]">R3_1_SwitchOnPWM</a> from r3_1_f30x_pwm_curr_fdbk.o(i.R3_1_SwitchOnPWM) referenced 2 times from mc_config.o(.data)
 <LI><a href="#[5]">R3_1_SwitchOnPWM</a> from r3_1_f30x_pwm_curr_fdbk.o(i.R3_1_SwitchOnPWM) referenced from r3_1_f30x_pwm_curr_fdbk.o(i.R3_1_RLDetectionModeDisable)
 <LI><a href="#[7]">R3_1_TurnOnLowSides</a> from r3_1_f30x_pwm_curr_fdbk.o(i.R3_1_TurnOnLowSides) referenced 2 times from mc_config.o(.data)
 <LI><a href="#[7]">R3_1_TurnOnLowSides</a> from r3_1_f30x_pwm_curr_fdbk.o(i.R3_1_TurnOnLowSides) referenced from r3_1_f30x_pwm_curr_fdbk.o(i.R3_1_RLDetectionModeDisable)
 <LI><a href="#[25]">RCC_IRQHandler</a> from startup_stm32f302x8.o(.text) referenced from startup_stm32f302x8.o(RESET)
 <LI><a href="#[5c]">RI_GetRegisterGlobal</a> from sync_registers.o(i.RI_GetRegisterGlobal) referenced from mcp.o(.constdata)
 <LI><a href="#[5d]">RI_GetRegisterMotor1</a> from sync_registers.o(i.RI_GetRegisterMotor1) referenced from mcp.o(.constdata)
 <LI><a href="#[5a]">RI_SetRegisterGlobal</a> from sync_registers.o(i.RI_SetRegisterGlobal) referenced from mcp.o(.constdata)
 <LI><a href="#[5b]">RI_SetRegisterMotor1</a> from sync_registers.o(i.RI_SetRegisterMotor1) referenced from mcp.o(.constdata)
 <LI><a href="#[46]">RTC_Alarm_IRQHandler</a> from startup_stm32f302x8.o(.text) referenced from startup_stm32f302x8.o(RESET)
 <LI><a href="#[23]">RTC_WKUP_IRQHandler</a> from startup_stm32f302x8.o(.text) referenced from startup_stm32f302x8.o(RESET)
 <LI><a href="#[16]">Reset_Handler</a> from startup_stm32f302x8.o(.text) referenced from startup_stm32f302x8.o(RESET)
 <LI><a href="#[41]">SPI2_IRQHandler</a> from startup_stm32f302x8.o(.text) referenced from startup_stm32f302x8.o(RESET)
 <LI><a href="#[48]">SPI3_IRQHandler</a> from startup_stm32f302x8.o(.text) referenced from startup_stm32f302x8.o(RESET)
 <LI><a href="#[1c]">SVC_Handler</a> from startup_stm32f302x8.o(.text) referenced from startup_stm32f302x8.o(RESET)
 <LI><a href="#[1f]">SysTick_Handler</a> from stm32_mc_common_it.o(i.SysTick_Handler) referenced from startup_stm32f302x8.o(RESET)
 <LI><a href="#[52]">SystemInit</a> from system_stm32f3xx.o(i.SystemInit) referenced from startup_stm32f302x8.o(.text)
 <LI><a href="#[22]">TAMP_STAMP_IRQHandler</a> from startup_stm32f302x8.o(.text) referenced from startup_stm32f302x8.o(RESET)
 <LI><a href="#[38]">TIM1_BRK_TIM15_IRQHandler</a> from stm32f30x_mc_it.o(i.TIM1_BRK_TIM15_IRQHandler) referenced from startup_stm32f302x8.o(RESET)
 <LI><a href="#[3b]">TIM1_CC_IRQHandler</a> from startup_stm32f302x8.o(.text) referenced from startup_stm32f302x8.o(RESET)
 <LI><a href="#[3a]">TIM1_TRG_COM_TIM17_IRQHandler</a> from startup_stm32f302x8.o(.text) referenced from startup_stm32f302x8.o(RESET)
 <LI><a href="#[39]">TIM1_UP_TIM16_IRQHandler</a> from stm32f30x_mc_it.o(i.TIM1_UP_TIM16_IRQHandler) referenced from startup_stm32f302x8.o(RESET)
 <LI><a href="#[3c]">TIM2_IRQHandler</a> from stm32_mc_common_it.o(i.TIM2_IRQHandler) referenced from startup_stm32f302x8.o(RESET)
 <LI><a href="#[49]">TIM6_DAC_IRQHandler</a> from startup_stm32f302x8.o(.text) referenced from startup_stm32f302x8.o(RESET)
 <LI><a href="#[14]">UASPEP_CFG_RECEPTION</a> from usart_aspep_driver.o(i.UASPEP_CFG_RECEPTION) referenced 2 times from mcp_config.o(.data)
 <LI><a href="#[15]">UASPEP_CFG_TRANSMISSION</a> from usart_aspep_driver.o(i.UASPEP_CFG_TRANSMISSION) referenced 2 times from mcp_config.o(.data)
 <LI><a href="#[13]">UASPEP_IDLE_ENABLE</a> from usart_aspep_driver.o(i.UASPEP_IDLE_ENABLE) referenced 2 times from mcp_config.o(.data)
 <LI><a href="#[12]">UASPEP_INIT</a> from usart_aspep_driver.o(i.UASPEP_INIT) referenced 2 times from mcp_config.o(.data)
 <LI><a href="#[42]">USART1_IRQHandler</a> from startup_stm32f302x8.o(.text) referenced from startup_stm32f302x8.o(RESET)
 <LI><a href="#[43]">USART2_IRQHandler</a> from stm32_mc_common_it.o(i.USART2_IRQHandler) referenced from startup_stm32f302x8.o(RESET)
 <LI><a href="#[44]">USART3_IRQHandler</a> from startup_stm32f302x8.o(.text) referenced from startup_stm32f302x8.o(RESET)
 <LI><a href="#[47]">USBWakeUp_IRQHandler</a> from startup_stm32f302x8.o(.text) referenced from startup_stm32f302x8.o(RESET)
 <LI><a href="#[50]">USBWakeUp_RMP_IRQHandler</a> from startup_stm32f302x8.o(.text) referenced from startup_stm32f302x8.o(RESET)
 <LI><a href="#[33]">USB_HP_CAN_TX_IRQHandler</a> from startup_stm32f302x8.o(.text) referenced from startup_stm32f302x8.o(RESET)
 <LI><a href="#[4e]">USB_HP_IRQHandler</a> from startup_stm32f302x8.o(.text) referenced from startup_stm32f302x8.o(RESET)
 <LI><a href="#[34]">USB_LP_CAN_RX0_IRQHandler</a> from startup_stm32f302x8.o(.text) referenced from startup_stm32f302x8.o(RESET)
 <LI><a href="#[4f]">USB_LP_IRQHandler</a> from startup_stm32f302x8.o(.text) referenced from startup_stm32f302x8.o(RESET)
 <LI><a href="#[1b]">UsageFault_Handler</a> from startup_stm32f302x8.o(.text) referenced from startup_stm32f302x8.o(RESET)
 <LI><a href="#[20]">WWDG_IRQHandler</a> from startup_stm32f302x8.o(.text) referenced from startup_stm32f302x8.o(RESET)
 <LI><a href="#[5e]">__main</a> from __main.o(!!!main) referenced from startup_stm32f302x8.o(.text)
</UL>
<P>
<H3>
Global Symbols
</H3>
<P><STRONG><a name="[5e]"></a>__main</STRONG> (Thumb, 8 bytes, Stack size 0 bytes, __main.o(!!!main))
<BR><BR>[Calls]<UL><LI><a href="#[5f]">&gt;&gt;</a>&nbsp;&nbsp;&nbsp;__scatterload
<LI><a href="#[60]">&gt;&gt;</a>&nbsp;&nbsp;&nbsp;__rt_entry
</UL>

<P><STRONG><a name="[5f]"></a>__scatterload</STRONG> (Thumb, 0 bytes, Stack size unknown bytes, __scatter.o(!!!scatter))
<BR><BR>[Called By]<UL><LI><a href="#[5e]">&gt;&gt;</a>&nbsp;&nbsp;&nbsp;__main
</UL>

<P><STRONG><a name="[61]"></a>__scatterload_rt2</STRONG> (Thumb, 44 bytes, Stack size unknown bytes, __scatter.o(!!!scatter), UNUSED)
<BR><BR>[Calls]<UL><LI><a href="#[60]">&gt;&gt;</a>&nbsp;&nbsp;&nbsp;__rt_entry
</UL>

<P><STRONG><a name="[166]"></a>__scatterload_rt2_thumb_only</STRONG> (Thumb, 0 bytes, Stack size unknown bytes, __scatter.o(!!!scatter), UNUSED)

<P><STRONG><a name="[167]"></a>__scatterload_null</STRONG> (Thumb, 0 bytes, Stack size unknown bytes, __scatter.o(!!!scatter), UNUSED)

<P><STRONG><a name="[168]"></a>__decompress</STRONG> (Thumb, 90 bytes, Stack size unknown bytes, __dczerorl2.o(!!dczerorl2), UNUSED)

<P><STRONG><a name="[169]"></a>__decompress1</STRONG> (Thumb, 0 bytes, Stack size unknown bytes, __dczerorl2.o(!!dczerorl2), UNUSED)

<P><STRONG><a name="[16a]"></a>__scatterload_zeroinit</STRONG> (Thumb, 28 bytes, Stack size unknown bytes, __scatter_zi.o(!!handler_zi), UNUSED)

<P><STRONG><a name="[67]"></a>__rt_lib_init</STRONG> (Thumb, 0 bytes, Stack size unknown bytes, libinit.o(.ARM.Collect$$libinit$$00000000))
<BR><BR>[Called By]<UL><LI><a href="#[66]">&gt;&gt;</a>&nbsp;&nbsp;&nbsp;__rt_entry_li
</UL>

<P><STRONG><a name="[62]"></a>__rt_lib_init_fp_1</STRONG> (Thumb, 0 bytes, Stack size unknown bytes, libinit2.o(.ARM.Collect$$libinit$$00000001))
<BR><BR>[Calls]<UL><LI><a href="#[63]">&gt;&gt;</a>&nbsp;&nbsp;&nbsp;_fp_init
</UL>

<P><STRONG><a name="[16b]"></a>__rt_lib_init_alloca_1</STRONG> (Thumb, 0 bytes, Stack size unknown bytes, libinit2.o(.ARM.Collect$$libinit$$0000002E))

<P><STRONG><a name="[16c]"></a>__rt_lib_init_argv_1</STRONG> (Thumb, 0 bytes, Stack size unknown bytes, libinit2.o(.ARM.Collect$$libinit$$0000002C))

<P><STRONG><a name="[16d]"></a>__rt_lib_init_atexit_1</STRONG> (Thumb, 0 bytes, Stack size unknown bytes, libinit2.o(.ARM.Collect$$libinit$$0000001B))

<P><STRONG><a name="[16e]"></a>__rt_lib_init_clock_1</STRONG> (Thumb, 0 bytes, Stack size unknown bytes, libinit2.o(.ARM.Collect$$libinit$$00000021))

<P><STRONG><a name="[16f]"></a>__rt_lib_init_cpp_1</STRONG> (Thumb, 0 bytes, Stack size unknown bytes, libinit2.o(.ARM.Collect$$libinit$$00000032))

<P><STRONG><a name="[170]"></a>__rt_lib_init_exceptions_1</STRONG> (Thumb, 0 bytes, Stack size unknown bytes, libinit2.o(.ARM.Collect$$libinit$$00000030))

<P><STRONG><a name="[171]"></a>__rt_lib_init_fp_trap_1</STRONG> (Thumb, 0 bytes, Stack size unknown bytes, libinit2.o(.ARM.Collect$$libinit$$0000001F))

<P><STRONG><a name="[172]"></a>__rt_lib_init_getenv_1</STRONG> (Thumb, 0 bytes, Stack size unknown bytes, libinit2.o(.ARM.Collect$$libinit$$00000023))

<P><STRONG><a name="[173]"></a>__rt_lib_init_heap_1</STRONG> (Thumb, 0 bytes, Stack size unknown bytes, libinit2.o(.ARM.Collect$$libinit$$0000000A))

<P><STRONG><a name="[174]"></a>__rt_lib_init_lc_collate_1</STRONG> (Thumb, 0 bytes, Stack size unknown bytes, libinit2.o(.ARM.Collect$$libinit$$00000011))

<P><STRONG><a name="[175]"></a>__rt_lib_init_lc_ctype_1</STRONG> (Thumb, 0 bytes, Stack size unknown bytes, libinit2.o(.ARM.Collect$$libinit$$00000013))

<P><STRONG><a name="[176]"></a>__rt_lib_init_lc_monetary_1</STRONG> (Thumb, 0 bytes, Stack size unknown bytes, libinit2.o(.ARM.Collect$$libinit$$00000015))

<P><STRONG><a name="[177]"></a>__rt_lib_init_lc_numeric_1</STRONG> (Thumb, 0 bytes, Stack size unknown bytes, libinit2.o(.ARM.Collect$$libinit$$00000017))

<P><STRONG><a name="[178]"></a>__rt_lib_init_lc_time_1</STRONG> (Thumb, 0 bytes, Stack size unknown bytes, libinit2.o(.ARM.Collect$$libinit$$00000019))

<P><STRONG><a name="[179]"></a>__rt_lib_init_preinit_1</STRONG> (Thumb, 0 bytes, Stack size unknown bytes, libinit2.o(.ARM.Collect$$libinit$$00000004))

<P><STRONG><a name="[17a]"></a>__rt_lib_init_rand_1</STRONG> (Thumb, 0 bytes, Stack size unknown bytes, libinit2.o(.ARM.Collect$$libinit$$0000000E))

<P><STRONG><a name="[17b]"></a>__rt_lib_init_return</STRONG> (Thumb, 0 bytes, Stack size unknown bytes, libinit2.o(.ARM.Collect$$libinit$$00000033))

<P><STRONG><a name="[17c]"></a>__rt_lib_init_signal_1</STRONG> (Thumb, 0 bytes, Stack size unknown bytes, libinit2.o(.ARM.Collect$$libinit$$0000001D))

<P><STRONG><a name="[17d]"></a>__rt_lib_init_stdio_1</STRONG> (Thumb, 0 bytes, Stack size unknown bytes, libinit2.o(.ARM.Collect$$libinit$$00000025))

<P><STRONG><a name="[17e]"></a>__rt_lib_init_user_alloc_1</STRONG> (Thumb, 0 bytes, Stack size unknown bytes, libinit2.o(.ARM.Collect$$libinit$$0000000C))

<P><STRONG><a name="[6c]"></a>__rt_lib_shutdown</STRONG> (Thumb, 0 bytes, Stack size unknown bytes, libshutdown.o(.ARM.Collect$$libshutdown$$00000000))
<BR><BR>[Called By]<UL><LI><a href="#[6b]">&gt;&gt;</a>&nbsp;&nbsp;&nbsp;__rt_exit_ls
</UL>

<P><STRONG><a name="[17f]"></a>__rt_lib_shutdown_cpp_1</STRONG> (Thumb, 0 bytes, Stack size unknown bytes, libshutdown2.o(.ARM.Collect$$libshutdown$$00000002))

<P><STRONG><a name="[180]"></a>__rt_lib_shutdown_fp_trap_1</STRONG> (Thumb, 0 bytes, Stack size unknown bytes, libshutdown2.o(.ARM.Collect$$libshutdown$$00000007))

<P><STRONG><a name="[181]"></a>__rt_lib_shutdown_heap_1</STRONG> (Thumb, 0 bytes, Stack size unknown bytes, libshutdown2.o(.ARM.Collect$$libshutdown$$0000000F))

<P><STRONG><a name="[182]"></a>__rt_lib_shutdown_return</STRONG> (Thumb, 0 bytes, Stack size unknown bytes, libshutdown2.o(.ARM.Collect$$libshutdown$$00000010))

<P><STRONG><a name="[183]"></a>__rt_lib_shutdown_signal_1</STRONG> (Thumb, 0 bytes, Stack size unknown bytes, libshutdown2.o(.ARM.Collect$$libshutdown$$0000000A))

<P><STRONG><a name="[184]"></a>__rt_lib_shutdown_stdio_1</STRONG> (Thumb, 0 bytes, Stack size unknown bytes, libshutdown2.o(.ARM.Collect$$libshutdown$$00000004))

<P><STRONG><a name="[185]"></a>__rt_lib_shutdown_user_alloc_1</STRONG> (Thumb, 0 bytes, Stack size unknown bytes, libshutdown2.o(.ARM.Collect$$libshutdown$$0000000C))

<P><STRONG><a name="[60]"></a>__rt_entry</STRONG> (Thumb, 0 bytes, Stack size unknown bytes, __rtentry.o(.ARM.Collect$$rtentry$$00000000))
<BR><BR>[Called By]<UL><LI><a href="#[61]">&gt;&gt;</a>&nbsp;&nbsp;&nbsp;__scatterload_rt2
<LI><a href="#[5e]">&gt;&gt;</a>&nbsp;&nbsp;&nbsp;__main
</UL>

<P><STRONG><a name="[186]"></a>__rt_entry_presh_1</STRONG> (Thumb, 0 bytes, Stack size unknown bytes, __rtentry2.o(.ARM.Collect$$rtentry$$00000002))

<P><STRONG><a name="[64]"></a>__rt_entry_sh</STRONG> (Thumb, 0 bytes, Stack size unknown bytes, __rtentry4.o(.ARM.Collect$$rtentry$$00000004))
<BR><BR>[Stack]<UL><LI>Max Depth = 8 + Unknown Stack Size
<LI>Call Chain = __rt_entry_sh &rArr; __user_setup_stackheap
</UL>
<BR>[Calls]<UL><LI><a href="#[65]">&gt;&gt;</a>&nbsp;&nbsp;&nbsp;__user_setup_stackheap
</UL>

<P><STRONG><a name="[66]"></a>__rt_entry_li</STRONG> (Thumb, 0 bytes, Stack size unknown bytes, __rtentry2.o(.ARM.Collect$$rtentry$$0000000A))
<BR><BR>[Calls]<UL><LI><a href="#[67]">&gt;&gt;</a>&nbsp;&nbsp;&nbsp;__rt_lib_init
</UL>

<P><STRONG><a name="[187]"></a>__rt_entry_postsh_1</STRONG> (Thumb, 0 bytes, Stack size unknown bytes, __rtentry2.o(.ARM.Collect$$rtentry$$00000009))

<P><STRONG><a name="[68]"></a>__rt_entry_main</STRONG> (Thumb, 0 bytes, Stack size unknown bytes, __rtentry2.o(.ARM.Collect$$rtentry$$0000000D))
<BR><BR>[Stack]<UL><LI>Max Depth = 304 + Unknown Stack Size
<LI>Call Chain = __rt_entry_main &rArr; main &rArr; MX_ADC1_Init &rArr; HAL_ADC_Init &rArr; HAL_ADC_MspInit &rArr; HAL_GPIO_Init
</UL>
<BR>[Calls]<UL><LI><a href="#[69]">&gt;&gt;</a>&nbsp;&nbsp;&nbsp;main
<LI><a href="#[6a]">&gt;&gt;</a>&nbsp;&nbsp;&nbsp;exit
</UL>

<P><STRONG><a name="[188]"></a>__rt_entry_postli_1</STRONG> (Thumb, 0 bytes, Stack size unknown bytes, __rtentry2.o(.ARM.Collect$$rtentry$$0000000C))

<P><STRONG><a name="[73]"></a>__rt_exit</STRONG> (Thumb, 0 bytes, Stack size unknown bytes, rtexit.o(.ARM.Collect$$rtexit$$00000000))
<BR><BR>[Called By]<UL><LI><a href="#[6a]">&gt;&gt;</a>&nbsp;&nbsp;&nbsp;exit
</UL>

<P><STRONG><a name="[6b]"></a>__rt_exit_ls</STRONG> (Thumb, 0 bytes, Stack size unknown bytes, rtexit2.o(.ARM.Collect$$rtexit$$00000003))
<BR><BR>[Calls]<UL><LI><a href="#[6c]">&gt;&gt;</a>&nbsp;&nbsp;&nbsp;__rt_lib_shutdown
</UL>

<P><STRONG><a name="[189]"></a>__rt_exit_prels_1</STRONG> (Thumb, 0 bytes, Stack size unknown bytes, rtexit2.o(.ARM.Collect$$rtexit$$00000002))

<P><STRONG><a name="[6d]"></a>__rt_exit_exit</STRONG> (Thumb, 0 bytes, Stack size unknown bytes, rtexit2.o(.ARM.Collect$$rtexit$$00000004))
<BR><BR>[Calls]<UL><LI><a href="#[6e]">&gt;&gt;</a>&nbsp;&nbsp;&nbsp;_sys_exit
</UL>

<P><STRONG><a name="[16]"></a>Reset_Handler</STRONG> (Thumb, 8 bytes, Stack size 0 bytes, startup_stm32f302x8.o(.text))
<BR>[Address Reference Count : 1]<UL><LI> startup_stm32f302x8.o(RESET)
</UL>
<P><STRONG><a name="[17]"></a>NMI_Handler</STRONG> (Thumb, 2 bytes, Stack size 0 bytes, startup_stm32f302x8.o(.text))
<BR><BR>[Calls]<UL><LI><a href="#[17]">&gt;&gt;</a>&nbsp;&nbsp;&nbsp;NMI_Handler
</UL>
<BR>[Called By]<UL><LI><a href="#[17]">&gt;&gt;</a>&nbsp;&nbsp;&nbsp;NMI_Handler
</UL>
<BR>[Address Reference Count : 1]<UL><LI> startup_stm32f302x8.o(RESET)
</UL>
<P><STRONG><a name="[19]"></a>MemManage_Handler</STRONG> (Thumb, 2 bytes, Stack size 0 bytes, startup_stm32f302x8.o(.text))
<BR><BR>[Calls]<UL><LI><a href="#[19]">&gt;&gt;</a>&nbsp;&nbsp;&nbsp;MemManage_Handler
</UL>
<BR>[Called By]<UL><LI><a href="#[19]">&gt;&gt;</a>&nbsp;&nbsp;&nbsp;MemManage_Handler
</UL>
<BR>[Address Reference Count : 1]<UL><LI> startup_stm32f302x8.o(RESET)
</UL>
<P><STRONG><a name="[1a]"></a>BusFault_Handler</STRONG> (Thumb, 2 bytes, Stack size 0 bytes, startup_stm32f302x8.o(.text))
<BR><BR>[Calls]<UL><LI><a href="#[1a]">&gt;&gt;</a>&nbsp;&nbsp;&nbsp;BusFault_Handler
</UL>
<BR>[Called By]<UL><LI><a href="#[1a]">&gt;&gt;</a>&nbsp;&nbsp;&nbsp;BusFault_Handler
</UL>
<BR>[Address Reference Count : 1]<UL><LI> startup_stm32f302x8.o(RESET)
</UL>
<P><STRONG><a name="[1b]"></a>UsageFault_Handler</STRONG> (Thumb, 2 bytes, Stack size 0 bytes, startup_stm32f302x8.o(.text))
<BR><BR>[Calls]<UL><LI><a href="#[1b]">&gt;&gt;</a>&nbsp;&nbsp;&nbsp;UsageFault_Handler
</UL>
<BR>[Called By]<UL><LI><a href="#[1b]">&gt;&gt;</a>&nbsp;&nbsp;&nbsp;UsageFault_Handler
</UL>
<BR>[Address Reference Count : 1]<UL><LI> startup_stm32f302x8.o(RESET)
</UL>
<P><STRONG><a name="[1c]"></a>SVC_Handler</STRONG> (Thumb, 2 bytes, Stack size 0 bytes, startup_stm32f302x8.o(.text))
<BR><BR>[Calls]<UL><LI><a href="#[1c]">&gt;&gt;</a>&nbsp;&nbsp;&nbsp;SVC_Handler
</UL>
<BR>[Called By]<UL><LI><a href="#[1c]">&gt;&gt;</a>&nbsp;&nbsp;&nbsp;SVC_Handler
</UL>
<BR>[Address Reference Count : 1]<UL><LI> startup_stm32f302x8.o(RESET)
</UL>
<P><STRONG><a name="[1d]"></a>DebugMon_Handler</STRONG> (Thumb, 2 bytes, Stack size 0 bytes, startup_stm32f302x8.o(.text))
<BR><BR>[Calls]<UL><LI><a href="#[1d]">&gt;&gt;</a>&nbsp;&nbsp;&nbsp;DebugMon_Handler
</UL>
<BR>[Called By]<UL><LI><a href="#[1d]">&gt;&gt;</a>&nbsp;&nbsp;&nbsp;DebugMon_Handler
</UL>
<BR>[Address Reference Count : 1]<UL><LI> startup_stm32f302x8.o(RESET)
</UL>
<P><STRONG><a name="[1e]"></a>PendSV_Handler</STRONG> (Thumb, 2 bytes, Stack size 0 bytes, startup_stm32f302x8.o(.text))
<BR><BR>[Calls]<UL><LI><a href="#[1e]">&gt;&gt;</a>&nbsp;&nbsp;&nbsp;PendSV_Handler
</UL>
<BR>[Called By]<UL><LI><a href="#[1e]">&gt;&gt;</a>&nbsp;&nbsp;&nbsp;PendSV_Handler
</UL>
<BR>[Address Reference Count : 1]<UL><LI> startup_stm32f302x8.o(RESET)
</UL>
<P><STRONG><a name="[35]"></a>CAN_RX1_IRQHandler</STRONG> (Thumb, 0 bytes, Stack size 0 bytes, startup_stm32f302x8.o(.text))
<BR><BR>[Calls]<UL><LI><a href="#[35]">&gt;&gt;</a>&nbsp;&nbsp;&nbsp;CAN_RX1_IRQHandler
</UL>
<BR>[Called By]<UL><LI><a href="#[35]">&gt;&gt;</a>&nbsp;&nbsp;&nbsp;CAN_RX1_IRQHandler
</UL>
<BR>[Address Reference Count : 1]<UL><LI> startup_stm32f302x8.o(RESET)
</UL>
<P><STRONG><a name="[36]"></a>CAN_SCE_IRQHandler</STRONG> (Thumb, 0 bytes, Stack size 0 bytes, startup_stm32f302x8.o(.text))
<BR>[Address Reference Count : 1]<UL><LI> startup_stm32f302x8.o(RESET)
</UL>
<P><STRONG><a name="[4a]"></a>COMP2_IRQHandler</STRONG> (Thumb, 0 bytes, Stack size 0 bytes, startup_stm32f302x8.o(.text))
<BR>[Address Reference Count : 1]<UL><LI> startup_stm32f302x8.o(RESET)
</UL>
<P><STRONG><a name="[4b]"></a>COMP4_6_IRQHandler</STRONG> (Thumb, 0 bytes, Stack size 0 bytes, startup_stm32f302x8.o(.text))
<BR>[Address Reference Count : 1]<UL><LI> startup_stm32f302x8.o(RESET)
</UL>
<P><STRONG><a name="[2b]"></a>DMA1_Channel1_IRQHandler</STRONG> (Thumb, 0 bytes, Stack size 0 bytes, startup_stm32f302x8.o(.text))
<BR>[Address Reference Count : 1]<UL><LI> startup_stm32f302x8.o(RESET)
</UL>
<P><STRONG><a name="[2c]"></a>DMA1_Channel2_IRQHandler</STRONG> (Thumb, 0 bytes, Stack size 0 bytes, startup_stm32f302x8.o(.text))
<BR>[Address Reference Count : 1]<UL><LI> startup_stm32f302x8.o(RESET)
</UL>
<P><STRONG><a name="[2d]"></a>DMA1_Channel3_IRQHandler</STRONG> (Thumb, 0 bytes, Stack size 0 bytes, startup_stm32f302x8.o(.text))
<BR>[Address Reference Count : 1]<UL><LI> startup_stm32f302x8.o(RESET)
</UL>
<P><STRONG><a name="[2e]"></a>DMA1_Channel4_IRQHandler</STRONG> (Thumb, 0 bytes, Stack size 0 bytes, startup_stm32f302x8.o(.text))
<BR>[Address Reference Count : 1]<UL><LI> startup_stm32f302x8.o(RESET)
</UL>
<P><STRONG><a name="[2f]"></a>DMA1_Channel5_IRQHandler</STRONG> (Thumb, 0 bytes, Stack size 0 bytes, startup_stm32f302x8.o(.text))
<BR>[Address Reference Count : 1]<UL><LI> startup_stm32f302x8.o(RESET)
</UL>
<P><STRONG><a name="[30]"></a>DMA1_Channel6_IRQHandler</STRONG> (Thumb, 0 bytes, Stack size 0 bytes, startup_stm32f302x8.o(.text))
<BR>[Address Reference Count : 1]<UL><LI> startup_stm32f302x8.o(RESET)
</UL>
<P><STRONG><a name="[31]"></a>DMA1_Channel7_IRQHandler</STRONG> (Thumb, 0 bytes, Stack size 0 bytes, startup_stm32f302x8.o(.text))
<BR>[Address Reference Count : 1]<UL><LI> startup_stm32f302x8.o(RESET)
</UL>
<P><STRONG><a name="[26]"></a>EXTI0_IRQHandler</STRONG> (Thumb, 0 bytes, Stack size 0 bytes, startup_stm32f302x8.o(.text))
<BR>[Address Reference Count : 1]<UL><LI> startup_stm32f302x8.o(RESET)
</UL>
<P><STRONG><a name="[27]"></a>EXTI1_IRQHandler</STRONG> (Thumb, 0 bytes, Stack size 0 bytes, startup_stm32f302x8.o(.text))
<BR>[Address Reference Count : 1]<UL><LI> startup_stm32f302x8.o(RESET)
</UL>
<P><STRONG><a name="[28]"></a>EXTI2_TSC_IRQHandler</STRONG> (Thumb, 0 bytes, Stack size 0 bytes, startup_stm32f302x8.o(.text))
<BR>[Address Reference Count : 1]<UL><LI> startup_stm32f302x8.o(RESET)
</UL>
<P><STRONG><a name="[29]"></a>EXTI3_IRQHandler</STRONG> (Thumb, 0 bytes, Stack size 0 bytes, startup_stm32f302x8.o(.text))
<BR>[Address Reference Count : 1]<UL><LI> startup_stm32f302x8.o(RESET)
</UL>
<P><STRONG><a name="[2a]"></a>EXTI4_IRQHandler</STRONG> (Thumb, 0 bytes, Stack size 0 bytes, startup_stm32f302x8.o(.text))
<BR>[Address Reference Count : 1]<UL><LI> startup_stm32f302x8.o(RESET)
</UL>
<P><STRONG><a name="[37]"></a>EXTI9_5_IRQHandler</STRONG> (Thumb, 0 bytes, Stack size 0 bytes, startup_stm32f302x8.o(.text))
<BR>[Address Reference Count : 1]<UL><LI> startup_stm32f302x8.o(RESET)
</UL>
<P><STRONG><a name="[24]"></a>FLASH_IRQHandler</STRONG> (Thumb, 0 bytes, Stack size 0 bytes, startup_stm32f302x8.o(.text))
<BR>[Address Reference Count : 1]<UL><LI> startup_stm32f302x8.o(RESET)
</UL>
<P><STRONG><a name="[51]"></a>FPU_IRQHandler</STRONG> (Thumb, 0 bytes, Stack size 0 bytes, startup_stm32f302x8.o(.text))
<BR>[Address Reference Count : 1]<UL><LI> startup_stm32f302x8.o(RESET)
</UL>
<P><STRONG><a name="[3e]"></a>I2C1_ER_IRQHandler</STRONG> (Thumb, 0 bytes, Stack size 0 bytes, startup_stm32f302x8.o(.text))
<BR>[Address Reference Count : 1]<UL><LI> startup_stm32f302x8.o(RESET)
</UL>
<P><STRONG><a name="[3d]"></a>I2C1_EV_IRQHandler</STRONG> (Thumb, 0 bytes, Stack size 0 bytes, startup_stm32f302x8.o(.text))
<BR>[Address Reference Count : 1]<UL><LI> startup_stm32f302x8.o(RESET)
</UL>
<P><STRONG><a name="[40]"></a>I2C2_ER_IRQHandler</STRONG> (Thumb, 0 bytes, Stack size 0 bytes, startup_stm32f302x8.o(.text))
<BR>[Address Reference Count : 1]<UL><LI> startup_stm32f302x8.o(RESET)
</UL>
<P><STRONG><a name="[3f]"></a>I2C2_EV_IRQHandler</STRONG> (Thumb, 0 bytes, Stack size 0 bytes, startup_stm32f302x8.o(.text))
<BR>[Address Reference Count : 1]<UL><LI> startup_stm32f302x8.o(RESET)
</UL>
<P><STRONG><a name="[4d]"></a>I2C3_ER_IRQHandler</STRONG> (Thumb, 0 bytes, Stack size 0 bytes, startup_stm32f302x8.o(.text))
<BR>[Address Reference Count : 1]<UL><LI> startup_stm32f302x8.o(RESET)
</UL>
<P><STRONG><a name="[4c]"></a>I2C3_EV_IRQHandler</STRONG> (Thumb, 0 bytes, Stack size 0 bytes, startup_stm32f302x8.o(.text))
<BR>[Address Reference Count : 1]<UL><LI> startup_stm32f302x8.o(RESET)
</UL>
<P><STRONG><a name="[21]"></a>PVD_IRQHandler</STRONG> (Thumb, 0 bytes, Stack size 0 bytes, startup_stm32f302x8.o(.text))
<BR>[Address Reference Count : 1]<UL><LI> startup_stm32f302x8.o(RESET)
</UL>
<P><STRONG><a name="[25]"></a>RCC_IRQHandler</STRONG> (Thumb, 0 bytes, Stack size 0 bytes, startup_stm32f302x8.o(.text))
<BR>[Address Reference Count : 1]<UL><LI> startup_stm32f302x8.o(RESET)
</UL>
<P><STRONG><a name="[46]"></a>RTC_Alarm_IRQHandler</STRONG> (Thumb, 0 bytes, Stack size 0 bytes, startup_stm32f302x8.o(.text))
<BR>[Address Reference Count : 1]<UL><LI> startup_stm32f302x8.o(RESET)
</UL>
<P><STRONG><a name="[23]"></a>RTC_WKUP_IRQHandler</STRONG> (Thumb, 0 bytes, Stack size 0 bytes, startup_stm32f302x8.o(.text))
<BR>[Address Reference Count : 1]<UL><LI> startup_stm32f302x8.o(RESET)
</UL>
<P><STRONG><a name="[41]"></a>SPI2_IRQHandler</STRONG> (Thumb, 0 bytes, Stack size 0 bytes, startup_stm32f302x8.o(.text))
<BR>[Address Reference Count : 1]<UL><LI> startup_stm32f302x8.o(RESET)
</UL>
<P><STRONG><a name="[48]"></a>SPI3_IRQHandler</STRONG> (Thumb, 0 bytes, Stack size 0 bytes, startup_stm32f302x8.o(.text))
<BR>[Address Reference Count : 1]<UL><LI> startup_stm32f302x8.o(RESET)
</UL>
<P><STRONG><a name="[22]"></a>TAMP_STAMP_IRQHandler</STRONG> (Thumb, 0 bytes, Stack size 0 bytes, startup_stm32f302x8.o(.text))
<BR>[Address Reference Count : 1]<UL><LI> startup_stm32f302x8.o(RESET)
</UL>
<P><STRONG><a name="[3b]"></a>TIM1_CC_IRQHandler</STRONG> (Thumb, 0 bytes, Stack size 0 bytes, startup_stm32f302x8.o(.text))
<BR>[Address Reference Count : 1]<UL><LI> startup_stm32f302x8.o(RESET)
</UL>
<P><STRONG><a name="[3a]"></a>TIM1_TRG_COM_TIM17_IRQHandler</STRONG> (Thumb, 0 bytes, Stack size 0 bytes, startup_stm32f302x8.o(.text))
<BR>[Address Reference Count : 1]<UL><LI> startup_stm32f302x8.o(RESET)
</UL>
<P><STRONG><a name="[49]"></a>TIM6_DAC_IRQHandler</STRONG> (Thumb, 0 bytes, Stack size 0 bytes, startup_stm32f302x8.o(.text))
<BR>[Address Reference Count : 1]<UL><LI> startup_stm32f302x8.o(RESET)
</UL>
<P><STRONG><a name="[42]"></a>USART1_IRQHandler</STRONG> (Thumb, 0 bytes, Stack size 0 bytes, startup_stm32f302x8.o(.text))
<BR>[Address Reference Count : 1]<UL><LI> startup_stm32f302x8.o(RESET)
</UL>
<P><STRONG><a name="[44]"></a>USART3_IRQHandler</STRONG> (Thumb, 0 bytes, Stack size 0 bytes, startup_stm32f302x8.o(.text))
<BR>[Address Reference Count : 1]<UL><LI> startup_stm32f302x8.o(RESET)
</UL>
<P><STRONG><a name="[47]"></a>USBWakeUp_IRQHandler</STRONG> (Thumb, 0 bytes, Stack size 0 bytes, startup_stm32f302x8.o(.text))
<BR>[Address Reference Count : 1]<UL><LI> startup_stm32f302x8.o(RESET)
</UL>
<P><STRONG><a name="[50]"></a>USBWakeUp_RMP_IRQHandler</STRONG> (Thumb, 0 bytes, Stack size 0 bytes, startup_stm32f302x8.o(.text))
<BR>[Address Reference Count : 1]<UL><LI> startup_stm32f302x8.o(RESET)
</UL>
<P><STRONG><a name="[33]"></a>USB_HP_CAN_TX_IRQHandler</STRONG> (Thumb, 0 bytes, Stack size 0 bytes, startup_stm32f302x8.o(.text))
<BR>[Address Reference Count : 1]<UL><LI> startup_stm32f302x8.o(RESET)
</UL>
<P><STRONG><a name="[4e]"></a>USB_HP_IRQHandler</STRONG> (Thumb, 0 bytes, Stack size 0 bytes, startup_stm32f302x8.o(.text))
<BR>[Address Reference Count : 1]<UL><LI> startup_stm32f302x8.o(RESET)
</UL>
<P><STRONG><a name="[34]"></a>USB_LP_CAN_RX0_IRQHandler</STRONG> (Thumb, 0 bytes, Stack size 0 bytes, startup_stm32f302x8.o(.text))
<BR>[Address Reference Count : 1]<UL><LI> startup_stm32f302x8.o(RESET)
</UL>
<P><STRONG><a name="[4f]"></a>USB_LP_IRQHandler</STRONG> (Thumb, 0 bytes, Stack size 0 bytes, startup_stm32f302x8.o(.text))
<BR>[Address Reference Count : 1]<UL><LI> startup_stm32f302x8.o(RESET)
</UL>
<P><STRONG><a name="[20]"></a>WWDG_IRQHandler</STRONG> (Thumb, 0 bytes, Stack size 0 bytes, startup_stm32f302x8.o(.text))
<BR>[Address Reference Count : 1]<UL><LI> startup_stm32f302x8.o(RESET)
</UL>
<P><STRONG><a name="[72]"></a>__user_initial_stackheap</STRONG> (Thumb, 0 bytes, Stack size unknown bytes, startup_stm32f302x8.o(.text))
<BR><BR>[Called By]<UL><LI><a href="#[65]">&gt;&gt;</a>&nbsp;&nbsp;&nbsp;__user_setup_stackheap
</UL>

<P><STRONG><a name="[b3]"></a>__aeabi_uldivmod</STRONG> (Thumb, 0 bytes, Stack size 48 bytes, lludivv7m.o(.text))
<BR><BR>[Stack]<UL><LI>Max Depth = 48<LI>Call Chain = __aeabi_uldivmod
</UL>
<BR>[Called By]<UL><LI><a href="#[b2]">&gt;&gt;</a>&nbsp;&nbsp;&nbsp;HAL_RCC_GetSysClockFreq
</UL>

<P><STRONG><a name="[18a]"></a>_ll_udiv</STRONG> (Thumb, 238 bytes, Stack size 48 bytes, lludivv7m.o(.text), UNUSED)

<P><STRONG><a name="[e3]"></a>__aeabi_memcpy</STRONG> (Thumb, 0 bytes, Stack size 0 bytes, rt_memcpy_v6.o(.text))
<BR><BR>[Called By]<UL><LI><a href="#[e2]">&gt;&gt;</a>&nbsp;&nbsp;&nbsp;MCPA_dataLog
<LI><a href="#[5d]">&gt;&gt;</a>&nbsp;&nbsp;&nbsp;RI_GetRegisterMotor1
</UL>

<P><STRONG><a name="[6f]"></a>__rt_memcpy</STRONG> (Thumb, 138 bytes, Stack size 0 bytes, rt_memcpy_v6.o(.text), UNUSED)
<BR><BR>[Calls]<UL><LI><a href="#[70]">&gt;&gt;</a>&nbsp;&nbsp;&nbsp;__aeabi_memcpy4
</UL>

<P><STRONG><a name="[18b]"></a>_memcpy_lastbytes</STRONG> (Thumb, 0 bytes, Stack size unknown bytes, rt_memcpy_v6.o(.text), UNUSED)

<P><STRONG><a name="[70]"></a>__aeabi_memcpy4</STRONG> (Thumb, 0 bytes, Stack size 8 bytes, rt_memcpy_w.o(.text))
<BR><BR>[Stack]<UL><LI>Max Depth = 8<LI>Call Chain = __aeabi_memcpy4
</UL>
<BR>[Called By]<UL><LI><a href="#[e2]">&gt;&gt;</a>&nbsp;&nbsp;&nbsp;MCPA_dataLog
<LI><a href="#[6f]">&gt;&gt;</a>&nbsp;&nbsp;&nbsp;__rt_memcpy
</UL>

<P><STRONG><a name="[18c]"></a>__aeabi_memcpy8</STRONG> (Thumb, 0 bytes, Stack size 8 bytes, rt_memcpy_w.o(.text), UNUSED)

<P><STRONG><a name="[18d]"></a>__rt_memcpy_w</STRONG> (Thumb, 100 bytes, Stack size 8 bytes, rt_memcpy_w.o(.text), UNUSED)

<P><STRONG><a name="[18e]"></a>_memcpy_lastbytes_aligned</STRONG> (Thumb, 0 bytes, Stack size unknown bytes, rt_memcpy_w.o(.text), UNUSED)

<P><STRONG><a name="[a5]"></a>__aeabi_memclr4</STRONG> (Thumb, 0 bytes, Stack size 4 bytes, rt_memclr_w.o(.text))
<BR><BR>[Stack]<UL><LI>Max Depth = 4<LI>Call Chain = __aeabi_memclr4
</UL>
<BR>[Called By]<UL><LI><a href="#[ba]">&gt;&gt;</a>&nbsp;&nbsp;&nbsp;HAL_TIM_MspPostInit
<LI><a href="#[144]">&gt;&gt;</a>&nbsp;&nbsp;&nbsp;SystemClock_Config
<LI><a href="#[108]">&gt;&gt;</a>&nbsp;&nbsp;&nbsp;MX_TIM2_Init
<LI><a href="#[105]">&gt;&gt;</a>&nbsp;&nbsp;&nbsp;MX_TIM1_Init
<LI><a href="#[fe]">&gt;&gt;</a>&nbsp;&nbsp;&nbsp;MX_GPIO_Init
<LI><a href="#[fb]">&gt;&gt;</a>&nbsp;&nbsp;&nbsp;MX_ADC1_Init
<LI><a href="#[c5]">&gt;&gt;</a>&nbsp;&nbsp;&nbsp;HAL_UART_MspInit
<LI><a href="#[c3]">&gt;&gt;</a>&nbsp;&nbsp;&nbsp;HAL_TIM_PWM_MspInit
<LI><a href="#[b8]">&gt;&gt;</a>&nbsp;&nbsp;&nbsp;HAL_TIM_Encoder_MspInit
<LI><a href="#[a4]">&gt;&gt;</a>&nbsp;&nbsp;&nbsp;HAL_ADC_MspInit
</UL>

<P><STRONG><a name="[18f]"></a>__aeabi_memclr8</STRONG> (Thumb, 0 bytes, Stack size 4 bytes, rt_memclr_w.o(.text), UNUSED)

<P><STRONG><a name="[190]"></a>__rt_memclr_w</STRONG> (Thumb, 78 bytes, Stack size 4 bytes, rt_memclr_w.o(.text), UNUSED)

<P><STRONG><a name="[191]"></a>_memset_w</STRONG> (Thumb, 0 bytes, Stack size unknown bytes, rt_memclr_w.o(.text), UNUSED)

<P><STRONG><a name="[192]"></a>__use_two_region_memory</STRONG> (Thumb, 2 bytes, Stack size 0 bytes, heapauxi.o(.text), UNUSED)

<P><STRONG><a name="[193]"></a>__rt_heap_escrow$2region</STRONG> (Thumb, 2 bytes, Stack size 0 bytes, heapauxi.o(.text), UNUSED)

<P><STRONG><a name="[194]"></a>__rt_heap_expand$2region</STRONG> (Thumb, 2 bytes, Stack size 0 bytes, heapauxi.o(.text), UNUSED)

<P><STRONG><a name="[65]"></a>__user_setup_stackheap</STRONG> (Thumb, 74 bytes, Stack size 8 bytes, sys_stackheap_outer.o(.text))
<BR><BR>[Stack]<UL><LI>Max Depth = 8 + Unknown Stack Size
<LI>Call Chain = __user_setup_stackheap
</UL>
<BR>[Calls]<UL><LI><a href="#[72]">&gt;&gt;</a>&nbsp;&nbsp;&nbsp;__user_initial_stackheap
<LI><a href="#[71]">&gt;&gt;</a>&nbsp;&nbsp;&nbsp;__user_perproc_libspace
</UL>
<BR>[Called By]<UL><LI><a href="#[64]">&gt;&gt;</a>&nbsp;&nbsp;&nbsp;__rt_entry_sh
</UL>

<P><STRONG><a name="[6a]"></a>exit</STRONG> (Thumb, 18 bytes, Stack size 8 bytes, exit.o(.text))
<BR><BR>[Stack]<UL><LI>Max Depth = 8 + Unknown Stack Size
<LI>Call Chain = exit
</UL>
<BR>[Calls]<UL><LI><a href="#[73]">&gt;&gt;</a>&nbsp;&nbsp;&nbsp;__rt_exit
</UL>
<BR>[Called By]<UL><LI><a href="#[68]">&gt;&gt;</a>&nbsp;&nbsp;&nbsp;__rt_entry_main
</UL>

<P><STRONG><a name="[195]"></a>__user_libspace</STRONG> (Thumb, 8 bytes, Stack size 0 bytes, libspace.o(.text), UNUSED)

<P><STRONG><a name="[71]"></a>__user_perproc_libspace</STRONG> (Thumb, 0 bytes, Stack size 0 bytes, libspace.o(.text))
<BR><BR>[Called By]<UL><LI><a href="#[65]">&gt;&gt;</a>&nbsp;&nbsp;&nbsp;__user_setup_stackheap
</UL>

<P><STRONG><a name="[196]"></a>__user_perthread_libspace</STRONG> (Thumb, 0 bytes, Stack size 0 bytes, libspace.o(.text), UNUSED)

<P><STRONG><a name="[6e]"></a>_sys_exit</STRONG> (Thumb, 8 bytes, Stack size 0 bytes, sys_exit.o(.text))
<BR><BR>[Called By]<UL><LI><a href="#[6d]">&gt;&gt;</a>&nbsp;&nbsp;&nbsp;__rt_exit_exit
</UL>

<P><STRONG><a name="[197]"></a>__I$use$semihosting</STRONG> (Thumb, 0 bytes, Stack size 0 bytes, use_no_semi.o(.text), UNUSED)

<P><STRONG><a name="[198]"></a>__use_no_semihosting_swi</STRONG> (Thumb, 2 bytes, Stack size 0 bytes, use_no_semi.o(.text), UNUSED)

<P><STRONG><a name="[32]"></a>ADC1_IRQHandler</STRONG> (Thumb, 12 bytes, Stack size 0 bytes, stm32f30x_mc_it.o(i.ADC1_IRQHandler))
<BR><BR>[Stack]<UL><LI>Max Depth = 88<LI>Call Chain = ADC1_IRQHandler &rArr; TSK_HighFrequencyTask &rArr; FOC_HighFrequencyTask &rArr; FOC_CurrControllerM1 &rArr; MCM_Park &rArr; MCM_Trig_Functions
</UL>
<BR>[Calls]<UL><LI><a href="#[74]">&gt;&gt;</a>&nbsp;&nbsp;&nbsp;TSK_HighFrequencyTask
</UL>
<BR>[Address Reference Count : 1]<UL><LI> startup_stm32f302x8.o(RESET)
</UL>
<P><STRONG><a name="[199]"></a>__semihosting_library_function</STRONG> (Thumb, 0 bytes, Stack size 0 bytes, indicate_semi.o(.text), UNUSED)

<P><STRONG><a name="[142]"></a>ASPEP_HWDataReceivedIT</STRONG> (Thumb, 140 bytes, Stack size 16 bytes, aspep.o(i.ASPEP_HWDataReceivedIT))
<BR><BR>[Stack]<UL><LI>Max Depth = 16<LI>Call Chain = ASPEP_HWDataReceivedIT
</UL>
<BR>[Called By]<UL><LI><a href="#[1f]">&gt;&gt;</a>&nbsp;&nbsp;&nbsp;SysTick_Handler
</UL>

<P><STRONG><a name="[162]"></a>ASPEP_HWDataTransmittedIT</STRONG> (Thumb, 148 bytes, Stack size 16 bytes, aspep.o(i.ASPEP_HWDataTransmittedIT))
<BR><BR>[Stack]<UL><LI>Max Depth = 16<LI>Call Chain = ASPEP_HWDataTransmittedIT
</UL>
<BR>[Called By]<UL><LI><a href="#[43]">&gt;&gt;</a>&nbsp;&nbsp;&nbsp;USART2_IRQHandler
</UL>

<P><STRONG><a name="[163]"></a>ASPEP_HWReset</STRONG> (Thumb, 24 bytes, Stack size 8 bytes, aspep.o(i.ASPEP_HWReset))
<BR><BR>[Stack]<UL><LI>Max Depth = 8<LI>Call Chain = ASPEP_HWReset
</UL>
<BR>[Called By]<UL><LI><a href="#[43]">&gt;&gt;</a>&nbsp;&nbsp;&nbsp;USART2_IRQHandler
</UL>

<P><STRONG><a name="[11]"></a>ASPEP_RXframeProcess</STRONG> (Thumb, 292 bytes, Stack size 24 bytes, aspep.o(i.ASPEP_RXframeProcess))
<BR><BR>[Stack]<UL><LI>Max Depth = 64<LI>Call Chain = ASPEP_RXframeProcess &rArr; ASPEP_sendPing &rArr; ASPEP_TXframeProcess
</UL>
<BR>[Calls]<UL><LI><a href="#[78]">&gt;&gt;</a>&nbsp;&nbsp;&nbsp;ASPEP_sendPing
<LI><a href="#[79]">&gt;&gt;</a>&nbsp;&nbsp;&nbsp;ASPEP_sendBeacon
<LI><a href="#[7a]">&gt;&gt;</a>&nbsp;&nbsp;&nbsp;ASPEP_TXframeProcess
<LI><a href="#[77]">&gt;&gt;</a>&nbsp;&nbsp;&nbsp;ASPEP_CheckBeacon
</UL>
<BR>[Address Reference Count : 1]<UL><LI> mcp_config.o(.data)
</UL>
<P><STRONG><a name="[f]"></a>ASPEP_getBuffer</STRONG> (Thumb, 84 bytes, Stack size 8 bytes, aspep.o(i.ASPEP_getBuffer))
<BR><BR>[Stack]<UL><LI>Max Depth = 8<LI>Call Chain = ASPEP_getBuffer
</UL>
<BR>[Address Reference Count : 1]<UL><LI> mcp_config.o(.data)
</UL>
<P><STRONG><a name="[79]"></a>ASPEP_sendBeacon</STRONG> (Thumb, 50 bytes, Stack size 8 bytes, aspep.o(i.ASPEP_sendBeacon))
<BR><BR>[Stack]<UL><LI>Max Depth = 32<LI>Call Chain = ASPEP_sendBeacon &rArr; ASPEP_TXframeProcess
</UL>
<BR>[Calls]<UL><LI><a href="#[7a]">&gt;&gt;</a>&nbsp;&nbsp;&nbsp;ASPEP_TXframeProcess
</UL>
<BR>[Called By]<UL><LI><a href="#[11]">&gt;&gt;</a>&nbsp;&nbsp;&nbsp;ASPEP_RXframeProcess
</UL>

<P><STRONG><a name="[10]"></a>ASPEP_sendPacket</STRONG> (Thumb, 78 bytes, Stack size 8 bytes, aspep.o(i.ASPEP_sendPacket))
<BR><BR>[Stack]<UL><LI>Max Depth = 32<LI>Call Chain = ASPEP_sendPacket &rArr; ASPEP_TXframeProcess
</UL>
<BR>[Calls]<UL><LI><a href="#[7a]">&gt;&gt;</a>&nbsp;&nbsp;&nbsp;ASPEP_TXframeProcess
</UL>
<BR>[Address Reference Count : 1]<UL><LI> mcp_config.o(.data)
</UL>
<P><STRONG><a name="[78]"></a>ASPEP_sendPing</STRONG> (Thumb, 62 bytes, Stack size 16 bytes, aspep.o(i.ASPEP_sendPing))
<BR><BR>[Stack]<UL><LI>Max Depth = 40<LI>Call Chain = ASPEP_sendPing &rArr; ASPEP_TXframeProcess
</UL>
<BR>[Calls]<UL><LI><a href="#[7a]">&gt;&gt;</a>&nbsp;&nbsp;&nbsp;ASPEP_TXframeProcess
</UL>
<BR>[Called By]<UL><LI><a href="#[11]">&gt;&gt;</a>&nbsp;&nbsp;&nbsp;ASPEP_RXframeProcess
</UL>

<P><STRONG><a name="[f6]"></a>ASPEP_start</STRONG> (Thumb, 40 bytes, Stack size 8 bytes, aspep.o(i.ASPEP_start))
<BR><BR>[Stack]<UL><LI>Max Depth = 8<LI>Call Chain = ASPEP_start
</UL>
<BR>[Called By]<UL><LI><a href="#[f5]">&gt;&gt;</a>&nbsp;&nbsp;&nbsp;MCboot
</UL>

<P><STRONG><a name="[7b]"></a>Circle_Limitation</STRONG> (Thumb, 88 bytes, Stack size 24 bytes, circle_limitation.o(i.Circle_Limitation))
<BR><BR>[Stack]<UL><LI>Max Depth = 24<LI>Call Chain = Circle_Limitation
</UL>
<BR>[Calls]<UL><LI><a href="#[7c]">&gt;&gt;</a>&nbsp;&nbsp;&nbsp;MCM_Sqrt
</UL>
<BR>[Called By]<UL><LI><a href="#[8d]">&gt;&gt;</a>&nbsp;&nbsp;&nbsp;FOC_CurrControllerM1
</UL>

<P><STRONG><a name="[7d]"></a>EAC_Exec</STRONG> (Thumb, 50 bytes, Stack size 16 bytes, enc_align_ctrl.o(i.EAC_Exec))
<BR><BR>[Stack]<UL><LI>Max Depth = 16<LI>Call Chain = EAC_Exec
</UL>
<BR>[Calls]<UL><LI><a href="#[7e]">&gt;&gt;</a>&nbsp;&nbsp;&nbsp;ENC_SetMecAngle
</UL>
<BR>[Called By]<UL><LI><a href="#[f1]">&gt;&gt;</a>&nbsp;&nbsp;&nbsp;TSK_MediumFrequencyTaskM1
</UL>

<P><STRONG><a name="[9b]"></a>EAC_Init</STRONG> (Thumb, 12 bytes, Stack size 0 bytes, enc_align_ctrl.o(i.EAC_Init))
<BR><BR>[Called By]<UL><LI><a href="#[98]">&gt;&gt;</a>&nbsp;&nbsp;&nbsp;FOC_Init
</UL>

<P><STRONG><a name="[7f]"></a>EAC_StartAlignment</STRONG> (Thumb, 82 bytes, Stack size 8 bytes, enc_align_ctrl.o(i.EAC_StartAlignment))
<BR><BR>[Stack]<UL><LI>Max Depth = 28<LI>Call Chain = EAC_StartAlignment &rArr; VSS_SetMecAcceleration
</UL>
<BR>[Calls]<UL><LI><a href="#[81]">&gt;&gt;</a>&nbsp;&nbsp;&nbsp;STC_SetControlMode
<LI><a href="#[82]">&gt;&gt;</a>&nbsp;&nbsp;&nbsp;STC_ExecRamp
<LI><a href="#[80]">&gt;&gt;</a>&nbsp;&nbsp;&nbsp;VSS_SetMecAcceleration
</UL>
<BR>[Called By]<UL><LI><a href="#[f1]">&gt;&gt;</a>&nbsp;&nbsp;&nbsp;TSK_MediumFrequencyTaskM1
</UL>

<P><STRONG><a name="[96]"></a>ENC_CalcAngle</STRONG> (Thumb, 42 bytes, Stack size 0 bytes, encoder_speed_pos_fdbk.o(i.ENC_CalcAngle))
<BR><BR>[Called By]<UL><LI><a href="#[93]">&gt;&gt;</a>&nbsp;&nbsp;&nbsp;FOC_HighFrequencyTask
</UL>

<P><STRONG><a name="[83]"></a>ENC_CalcAvrgMecSpeedUnit</STRONG> (Thumb, 272 bytes, Stack size 32 bytes, encoder_speed_pos_fdbk.o(i.ENC_CalcAvrgMecSpeedUnit))
<BR><BR>[Stack]<UL><LI>Max Depth = 48<LI>Call Chain = ENC_CalcAvrgMecSpeedUnit &rArr; SPD_IsMecSpeedReliable
</UL>
<BR>[Calls]<UL><LI><a href="#[84]">&gt;&gt;</a>&nbsp;&nbsp;&nbsp;SPD_IsMecSpeedReliable
</UL>
<BR>[Called By]<UL><LI><a href="#[f1]">&gt;&gt;</a>&nbsp;&nbsp;&nbsp;TSK_MediumFrequencyTaskM1
</UL>

<P><STRONG><a name="[150]"></a>ENC_Clear</STRONG> (Thumb, 34 bytes, Stack size 0 bytes, encoder_speed_pos_fdbk.o(i.ENC_Clear))
<BR><BR>[Called By]<UL><LI><a href="#[f1]">&gt;&gt;</a>&nbsp;&nbsp;&nbsp;TSK_MediumFrequencyTaskM1
</UL>

<P><STRONG><a name="[14b]"></a>ENC_IRQHandler</STRONG> (Thumb, 12 bytes, Stack size 0 bytes, encoder_speed_pos_fdbk.o(i.ENC_IRQHandler))
<BR><BR>[Called By]<UL><LI><a href="#[3c]">&gt;&gt;</a>&nbsp;&nbsp;&nbsp;TIM2_IRQHandler
</UL>

<P><STRONG><a name="[85]"></a>ENC_Init</STRONG> (Thumb, 116 bytes, Stack size 16 bytes, encoder_speed_pos_fdbk.o(i.ENC_Init))
<BR><BR>[Stack]<UL><LI>Max Depth = 24<LI>Call Chain = ENC_Init &rArr; LL_TIM_IC_SetFilter
</UL>
<BR>[Calls]<UL><LI><a href="#[86]">&gt;&gt;</a>&nbsp;&nbsp;&nbsp;LL_TIM_IC_SetFilter
</UL>
<BR>[Called By]<UL><LI><a href="#[98]">&gt;&gt;</a>&nbsp;&nbsp;&nbsp;FOC_Init
</UL>

<P><STRONG><a name="[7e]"></a>ENC_SetMecAngle</STRONG> (Thumb, 42 bytes, Stack size 0 bytes, encoder_speed_pos_fdbk.o(i.ENC_SetMecAngle))
<BR><BR>[Called By]<UL><LI><a href="#[7d]">&gt;&gt;</a>&nbsp;&nbsp;&nbsp;EAC_Exec
</UL>

<P><STRONG><a name="[45]"></a>EXTI15_10_IRQHandler</STRONG> (Thumb, 22 bytes, Stack size 0 bytes, stm32_mc_common_it.o(i.EXTI15_10_IRQHandler))
<BR><BR>[Stack]<UL><LI>Max Depth = 24<LI>Call Chain = EXTI15_10_IRQHandler &rArr; UI_HandleStartStopButton_cb &rArr; MC_StopMotor1 &rArr; MCI_StopMotor
</UL>
<BR>[Calls]<UL><LI><a href="#[87]">&gt;&gt;</a>&nbsp;&nbsp;&nbsp;UI_HandleStartStopButton_cb
</UL>
<BR>[Address Reference Count : 1]<UL><LI> startup_stm32f302x8.o(RESET)
</UL>
<P><STRONG><a name="[c9]"></a>Error_Handler</STRONG> (Thumb, 4 bytes, Stack size 0 bytes, main.o(i.Error_Handler))
<BR><BR>[Called By]<UL><LI><a href="#[c5]">&gt;&gt;</a>&nbsp;&nbsp;&nbsp;HAL_UART_MspInit
</UL>

<P><STRONG><a name="[88]"></a>FOC_CalcCurrRef</STRONG> (Thumb, 48 bytes, Stack size 16 bytes, mc_tasks_foc.o(i.FOC_CalcCurrRef))
<BR><BR>[Stack]<UL><LI>Max Depth = 52<LI>Call Chain = FOC_CalcCurrRef &rArr; STC_CalcTorqueReference &rArr; PI_Controller
</UL>
<BR>[Calls]<UL><LI><a href="#[89]">&gt;&gt;</a>&nbsp;&nbsp;&nbsp;STC_CalcTorqueReference
</UL>
<BR>[Called By]<UL><LI><a href="#[f1]">&gt;&gt;</a>&nbsp;&nbsp;&nbsp;TSK_MediumFrequencyTaskM1
</UL>

<P><STRONG><a name="[8a]"></a>FOC_Clear</STRONG> (Thumb, 72 bytes, Stack size 8 bytes, mc_tasks_foc.o(i.FOC_Clear))
<BR><BR>[Stack]<UL><LI>Max Depth = 8<LI>Call Chain = FOC_Clear
</UL>
<BR>[Calls]<UL><LI><a href="#[8b]">&gt;&gt;</a>&nbsp;&nbsp;&nbsp;PID_SetIntegralTerm
<LI><a href="#[8c]">&gt;&gt;</a>&nbsp;&nbsp;&nbsp;PWMC_SwitchOffPWM
</UL>
<BR>[Called By]<UL><LI><a href="#[14c]">&gt;&gt;</a>&nbsp;&nbsp;&nbsp;TSK_MF_StopProcessing
<LI><a href="#[156]">&gt;&gt;</a>&nbsp;&nbsp;&nbsp;TSK_SafetyTask_PWMOFF
<LI><a href="#[ca]">&gt;&gt;</a>&nbsp;&nbsp;&nbsp;TSK_HardwareFaultTask
<LI><a href="#[f1]">&gt;&gt;</a>&nbsp;&nbsp;&nbsp;TSK_MediumFrequencyTaskM1
<LI><a href="#[98]">&gt;&gt;</a>&nbsp;&nbsp;&nbsp;FOC_Init
</UL>

<P><STRONG><a name="[93]"></a>FOC_HighFrequencyTask</STRONG> (Thumb, 40 bytes, Stack size 8 bytes, mc_tasks_foc.o(i.FOC_HighFrequencyTask))
<BR><BR>[Stack]<UL><LI>Max Depth = 80<LI>Call Chain = FOC_HighFrequencyTask &rArr; FOC_CurrControllerM1 &rArr; MCM_Park &rArr; MCM_Trig_Functions
</UL>
<BR>[Calls]<UL><LI><a href="#[94]">&gt;&gt;</a>&nbsp;&nbsp;&nbsp;RCM_ReadOngoingConv
<LI><a href="#[95]">&gt;&gt;</a>&nbsp;&nbsp;&nbsp;RCM_ExecNextConv
<LI><a href="#[96]">&gt;&gt;</a>&nbsp;&nbsp;&nbsp;ENC_CalcAngle
<LI><a href="#[8d]">&gt;&gt;</a>&nbsp;&nbsp;&nbsp;FOC_CurrControllerM1
<LI><a href="#[97]">&gt;&gt;</a>&nbsp;&nbsp;&nbsp;MCI_FaultProcessing
</UL>
<BR>[Called By]<UL><LI><a href="#[74]">&gt;&gt;</a>&nbsp;&nbsp;&nbsp;TSK_HighFrequencyTask
</UL>

<P><STRONG><a name="[98]"></a>FOC_Init</STRONG> (Thumb, 162 bytes, Stack size 16 bytes, mc_tasks_foc.o(i.FOC_Init))
<BR><BR>[Stack]<UL><LI>Max Depth = 72<LI>Call Chain = FOC_Init &rArr; R3_1_Init &rArr; R3_1_TIMxInit
</UL>
<BR>[Calls]<UL><LI><a href="#[9d]">&gt;&gt;</a>&nbsp;&nbsp;&nbsp;STC_Init
<LI><a href="#[a1]">&gt;&gt;</a>&nbsp;&nbsp;&nbsp;STC_GetMecSpeedRefUnitDefault
<LI><a href="#[a0]">&gt;&gt;</a>&nbsp;&nbsp;&nbsp;STC_GetDefaultIqdref
<LI><a href="#[9f]">&gt;&gt;</a>&nbsp;&nbsp;&nbsp;STC_Clear
<LI><a href="#[9c]">&gt;&gt;</a>&nbsp;&nbsp;&nbsp;TC_Init
<LI><a href="#[9e]">&gt;&gt;</a>&nbsp;&nbsp;&nbsp;REMNG_Init
<LI><a href="#[99]">&gt;&gt;</a>&nbsp;&nbsp;&nbsp;R3_1_Init
<LI><a href="#[85]">&gt;&gt;</a>&nbsp;&nbsp;&nbsp;ENC_Init
<LI><a href="#[9b]">&gt;&gt;</a>&nbsp;&nbsp;&nbsp;EAC_Init
<LI><a href="#[9a]">&gt;&gt;</a>&nbsp;&nbsp;&nbsp;PID_HandleInit
<LI><a href="#[8a]">&gt;&gt;</a>&nbsp;&nbsp;&nbsp;FOC_Clear
<LI><a href="#[a2]">&gt;&gt;</a>&nbsp;&nbsp;&nbsp;MCI_ExecSpeedRamp
</UL>
<BR>[Called By]<UL><LI><a href="#[f5]">&gt;&gt;</a>&nbsp;&nbsp;&nbsp;MCboot
</UL>

<P><STRONG><a name="[151]"></a>FOC_InitAdditionalMethods</STRONG> (Thumb, 2 bytes, Stack size 0 bytes, mc_tasks_foc.o(i.FOC_InitAdditionalMethods))
<BR><BR>[Called By]<UL><LI><a href="#[f1]">&gt;&gt;</a>&nbsp;&nbsp;&nbsp;TSK_MediumFrequencyTaskM1
</UL>

<P><STRONG><a name="[fc]"></a>HAL_ADCEx_InjectedConfigChannel</STRONG> (Thumb, 950 bytes, Stack size 100 bytes, stm32f3xx_hal_adc_ex.o(i.HAL_ADCEx_InjectedConfigChannel))
<BR><BR>[Stack]<UL><LI>Max Depth = 100<LI>Call Chain = HAL_ADCEx_InjectedConfigChannel
</UL>
<BR>[Called By]<UL><LI><a href="#[fb]">&gt;&gt;</a>&nbsp;&nbsp;&nbsp;MX_ADC1_Init
</UL>

<P><STRONG><a name="[fd]"></a>HAL_ADC_ConfigChannel</STRONG> (Thumb, 794 bytes, Stack size 100 bytes, stm32f3xx_hal_adc_ex.o(i.HAL_ADC_ConfigChannel))
<BR><BR>[Stack]<UL><LI>Max Depth = 100<LI>Call Chain = HAL_ADC_ConfigChannel
</UL>
<BR>[Called By]<UL><LI><a href="#[fb]">&gt;&gt;</a>&nbsp;&nbsp;&nbsp;MX_ADC1_Init
</UL>

<P><STRONG><a name="[a3]"></a>HAL_ADC_Init</STRONG> (Thumb, 426 bytes, Stack size 104 bytes, stm32f3xx_hal_adc_ex.o(i.HAL_ADC_Init))
<BR><BR>[Stack]<UL><LI>Max Depth = 200<LI>Call Chain = HAL_ADC_Init &rArr; HAL_ADC_MspInit &rArr; HAL_GPIO_Init
</UL>
<BR>[Calls]<UL><LI><a href="#[75]">&gt;&gt;</a>&nbsp;&nbsp;&nbsp;ADC_Disable
<LI><a href="#[a4]">&gt;&gt;</a>&nbsp;&nbsp;&nbsp;HAL_ADC_MspInit
</UL>
<BR>[Called By]<UL><LI><a href="#[fb]">&gt;&gt;</a>&nbsp;&nbsp;&nbsp;MX_ADC1_Init
</UL>

<P><STRONG><a name="[a4]"></a>HAL_ADC_MspInit</STRONG> (Thumb, 140 bytes, Stack size 40 bytes, stm32f3xx_hal_msp.o(i.HAL_ADC_MspInit))
<BR><BR>[Stack]<UL><LI>Max Depth = 96<LI>Call Chain = HAL_ADC_MspInit &rArr; HAL_GPIO_Init
</UL>
<BR>[Calls]<UL><LI><a href="#[a6]">&gt;&gt;</a>&nbsp;&nbsp;&nbsp;HAL_GPIO_Init
<LI><a href="#[a5]">&gt;&gt;</a>&nbsp;&nbsp;&nbsp;__aeabi_memclr4
</UL>
<BR>[Called By]<UL><LI><a href="#[a3]">&gt;&gt;</a>&nbsp;&nbsp;&nbsp;HAL_ADC_Init
</UL>

<P><STRONG><a name="[a7]"></a>HAL_DMA_Init</STRONG> (Thumb, 78 bytes, Stack size 16 bytes, stm32f3xx_hal_dma.o(i.HAL_DMA_Init))
<BR><BR>[Stack]<UL><LI>Max Depth = 16<LI>Call Chain = HAL_DMA_Init
</UL>
<BR>[Calls]<UL><LI><a href="#[a8]">&gt;&gt;</a>&nbsp;&nbsp;&nbsp;DMA_CalcBaseAndBitshift
</UL>
<BR>[Called By]<UL><LI><a href="#[c5]">&gt;&gt;</a>&nbsp;&nbsp;&nbsp;HAL_UART_MspInit
</UL>

<P><STRONG><a name="[a6]"></a>HAL_GPIO_Init</STRONG> (Thumb, 518 bytes, Stack size 56 bytes, stm32f3xx_hal_gpio.o(i.HAL_GPIO_Init))
<BR><BR>[Stack]<UL><LI>Max Depth = 56<LI>Call Chain = HAL_GPIO_Init
</UL>
<BR>[Called By]<UL><LI><a href="#[ba]">&gt;&gt;</a>&nbsp;&nbsp;&nbsp;HAL_TIM_MspPostInit
<LI><a href="#[fe]">&gt;&gt;</a>&nbsp;&nbsp;&nbsp;MX_GPIO_Init
<LI><a href="#[c5]">&gt;&gt;</a>&nbsp;&nbsp;&nbsp;HAL_UART_MspInit
<LI><a href="#[c3]">&gt;&gt;</a>&nbsp;&nbsp;&nbsp;HAL_TIM_PWM_MspInit
<LI><a href="#[b8]">&gt;&gt;</a>&nbsp;&nbsp;&nbsp;HAL_TIM_Encoder_MspInit
<LI><a href="#[a4]">&gt;&gt;</a>&nbsp;&nbsp;&nbsp;HAL_ADC_MspInit
</UL>

<P><STRONG><a name="[ff]"></a>HAL_GPIO_WritePin</STRONG> (Thumb, 10 bytes, Stack size 0 bytes, stm32f3xx_hal_gpio.o(i.HAL_GPIO_WritePin))
<BR><BR>[Called By]<UL><LI><a href="#[fe]">&gt;&gt;</a>&nbsp;&nbsp;&nbsp;MX_GPIO_Init
</UL>

<P><STRONG><a name="[76]"></a>HAL_GetTick</STRONG> (Thumb, 6 bytes, Stack size 0 bytes, stm32f3xx_hal.o(i.HAL_GetTick))
<BR><BR>[Called By]<UL><LI><a href="#[b4]">&gt;&gt;</a>&nbsp;&nbsp;&nbsp;HAL_RCC_OscConfig
<LI><a href="#[b1]">&gt;&gt;</a>&nbsp;&nbsp;&nbsp;HAL_RCC_ClockConfig
<LI><a href="#[b0]">&gt;&gt;</a>&nbsp;&nbsp;&nbsp;HAL_RCCEx_PeriphCLKConfig
<LI><a href="#[75]">&gt;&gt;</a>&nbsp;&nbsp;&nbsp;ADC_Disable
<LI><a href="#[15a]">&gt;&gt;</a>&nbsp;&nbsp;&nbsp;UART_WaitOnFlagUntilTimeout
<LI><a href="#[c8]">&gt;&gt;</a>&nbsp;&nbsp;&nbsp;UART_CheckIdleState
</UL>

<P><STRONG><a name="[140]"></a>HAL_IncTick</STRONG> (Thumb, 12 bytes, Stack size 0 bytes, stm32f3xx_hal.o(i.HAL_IncTick))
<BR><BR>[Called By]<UL><LI><a href="#[1f]">&gt;&gt;</a>&nbsp;&nbsp;&nbsp;SysTick_Handler
</UL>

<P><STRONG><a name="[a9]"></a>HAL_Init</STRONG> (Thumb, 32 bytes, Stack size 8 bytes, stm32f3xx_hal.o(i.HAL_Init))
<BR><BR>[Stack]<UL><LI>Max Depth = 40<LI>Call Chain = HAL_Init &rArr; HAL_InitTick &rArr; HAL_NVIC_SetPriority
</UL>
<BR>[Calls]<UL><LI><a href="#[aa]">&gt;&gt;</a>&nbsp;&nbsp;&nbsp;HAL_NVIC_SetPriorityGrouping
<LI><a href="#[ac]">&gt;&gt;</a>&nbsp;&nbsp;&nbsp;HAL_MspInit
<LI><a href="#[ab]">&gt;&gt;</a>&nbsp;&nbsp;&nbsp;HAL_InitTick
</UL>
<BR>[Called By]<UL><LI><a href="#[69]">&gt;&gt;</a>&nbsp;&nbsp;&nbsp;main
</UL>

<P><STRONG><a name="[ab]"></a>HAL_InitTick</STRONG> (Thumb, 54 bytes, Stack size 16 bytes, stm32f3xx_hal.o(i.HAL_InitTick))
<BR><BR>[Stack]<UL><LI>Max Depth = 32<LI>Call Chain = HAL_InitTick &rArr; HAL_NVIC_SetPriority
</UL>
<BR>[Calls]<UL><LI><a href="#[ad]">&gt;&gt;</a>&nbsp;&nbsp;&nbsp;HAL_SYSTICK_Config
<LI><a href="#[ae]">&gt;&gt;</a>&nbsp;&nbsp;&nbsp;HAL_NVIC_SetPriority
</UL>
<BR>[Called By]<UL><LI><a href="#[b1]">&gt;&gt;</a>&nbsp;&nbsp;&nbsp;HAL_RCC_ClockConfig
<LI><a href="#[a9]">&gt;&gt;</a>&nbsp;&nbsp;&nbsp;HAL_Init
</UL>

<P><STRONG><a name="[ac]"></a>HAL_MspInit</STRONG> (Thumb, 44 bytes, Stack size 8 bytes, stm32f3xx_hal_msp.o(i.HAL_MspInit))
<BR><BR>[Stack]<UL><LI>Max Depth = 8<LI>Call Chain = HAL_MspInit
</UL>
<BR>[Calls]<UL><LI><a href="#[aa]">&gt;&gt;</a>&nbsp;&nbsp;&nbsp;HAL_NVIC_SetPriorityGrouping
</UL>
<BR>[Called By]<UL><LI><a href="#[a9]">&gt;&gt;</a>&nbsp;&nbsp;&nbsp;HAL_Init
</UL>

<P><STRONG><a name="[104]"></a>HAL_NVIC_EnableIRQ</STRONG> (Thumb, 26 bytes, Stack size 0 bytes, stm32f3xx_hal_cortex.o(i.HAL_NVIC_EnableIRQ))
<BR><BR>[Called By]<UL><LI><a href="#[103]">&gt;&gt;</a>&nbsp;&nbsp;&nbsp;MX_NVIC_Init
</UL>

<P><STRONG><a name="[ae]"></a>HAL_NVIC_SetPriority</STRONG> (Thumb, 60 bytes, Stack size 16 bytes, stm32f3xx_hal_cortex.o(i.HAL_NVIC_SetPriority))
<BR><BR>[Stack]<UL><LI>Max Depth = 16<LI>Call Chain = HAL_NVIC_SetPriority
</UL>
<BR>[Calls]<UL><LI><a href="#[af]">&gt;&gt;</a>&nbsp;&nbsp;&nbsp;__NVIC_SetPriority
</UL>
<BR>[Called By]<UL><LI><a href="#[100]">&gt;&gt;</a>&nbsp;&nbsp;&nbsp;MX_MotorControl_Init
<LI><a href="#[103]">&gt;&gt;</a>&nbsp;&nbsp;&nbsp;MX_NVIC_Init
<LI><a href="#[ab]">&gt;&gt;</a>&nbsp;&nbsp;&nbsp;HAL_InitTick
</UL>

<P><STRONG><a name="[aa]"></a>HAL_NVIC_SetPriorityGrouping</STRONG> (Thumb, 26 bytes, Stack size 0 bytes, stm32f3xx_hal_cortex.o(i.HAL_NVIC_SetPriorityGrouping))
<BR><BR>[Called By]<UL><LI><a href="#[a9]">&gt;&gt;</a>&nbsp;&nbsp;&nbsp;HAL_Init
<LI><a href="#[ac]">&gt;&gt;</a>&nbsp;&nbsp;&nbsp;HAL_MspInit
</UL>

<P><STRONG><a name="[e7]"></a>HAL_NVIC_SystemReset</STRONG> (Thumb, 26 bytes, Stack size 0 bytes, stm32f3xx_hal_cortex.o(i.HAL_NVIC_SystemReset))
<BR><BR>[Called By]<UL><LI><a href="#[e4]">&gt;&gt;</a>&nbsp;&nbsp;&nbsp;MCP_ReceivedPacket
</UL>

<P><STRONG><a name="[b0]"></a>HAL_RCCEx_PeriphCLKConfig</STRONG> (Thumb, 486 bytes, Stack size 40 bytes, stm32f3xx_hal_rcc_ex.o(i.HAL_RCCEx_PeriphCLKConfig))
<BR><BR>[Stack]<UL><LI>Max Depth = 40<LI>Call Chain = HAL_RCCEx_PeriphCLKConfig
</UL>
<BR>[Calls]<UL><LI><a href="#[76]">&gt;&gt;</a>&nbsp;&nbsp;&nbsp;HAL_GetTick
</UL>
<BR>[Called By]<UL><LI><a href="#[144]">&gt;&gt;</a>&nbsp;&nbsp;&nbsp;SystemClock_Config
</UL>

<P><STRONG><a name="[b1]"></a>HAL_RCC_ClockConfig</STRONG> (Thumb, 308 bytes, Stack size 32 bytes, stm32f3xx_hal_rcc.o(i.HAL_RCC_ClockConfig))
<BR><BR>[Stack]<UL><LI>Max Depth = 88<LI>Call Chain = HAL_RCC_ClockConfig &rArr; HAL_RCC_GetSysClockFreq &rArr; __aeabi_uldivmod
</UL>
<BR>[Calls]<UL><LI><a href="#[76]">&gt;&gt;</a>&nbsp;&nbsp;&nbsp;HAL_GetTick
<LI><a href="#[b2]">&gt;&gt;</a>&nbsp;&nbsp;&nbsp;HAL_RCC_GetSysClockFreq
<LI><a href="#[ab]">&gt;&gt;</a>&nbsp;&nbsp;&nbsp;HAL_InitTick
</UL>
<BR>[Called By]<UL><LI><a href="#[144]">&gt;&gt;</a>&nbsp;&nbsp;&nbsp;SystemClock_Config
</UL>

<P><STRONG><a name="[145]"></a>HAL_RCC_EnableCSS</STRONG> (Thumb, 20 bytes, Stack size 0 bytes, stm32f3xx_hal_rcc.o(i.HAL_RCC_EnableCSS))
<BR><BR>[Called By]<UL><LI><a href="#[144]">&gt;&gt;</a>&nbsp;&nbsp;&nbsp;SystemClock_Config
</UL>

<P><STRONG><a name="[101]"></a>HAL_RCC_GetHCLKFreq</STRONG> (Thumb, 6 bytes, Stack size 0 bytes, stm32f3xx_hal_rcc.o(i.HAL_RCC_GetHCLKFreq))
<BR><BR>[Called By]<UL><LI><a href="#[100]">&gt;&gt;</a>&nbsp;&nbsp;&nbsp;MX_MotorControl_Init
</UL>

<P><STRONG><a name="[15c]"></a>HAL_RCC_GetPCLK1Freq</STRONG> (Thumb, 34 bytes, Stack size 0 bytes, stm32f3xx_hal_rcc.o(i.HAL_RCC_GetPCLK1Freq))
<BR><BR>[Called By]<UL><LI><a href="#[c7]">&gt;&gt;</a>&nbsp;&nbsp;&nbsp;UART_SetConfig
</UL>

<P><STRONG><a name="[15d]"></a>HAL_RCC_GetPCLK2Freq</STRONG> (Thumb, 34 bytes, Stack size 0 bytes, stm32f3xx_hal_rcc.o(i.HAL_RCC_GetPCLK2Freq))
<BR><BR>[Called By]<UL><LI><a href="#[c7]">&gt;&gt;</a>&nbsp;&nbsp;&nbsp;UART_SetConfig
</UL>

<P><STRONG><a name="[b2]"></a>HAL_RCC_GetSysClockFreq</STRONG> (Thumb, 64 bytes, Stack size 8 bytes, stm32f3xx_hal_rcc.o(i.HAL_RCC_GetSysClockFreq))
<BR><BR>[Stack]<UL><LI>Max Depth = 56<LI>Call Chain = HAL_RCC_GetSysClockFreq &rArr; __aeabi_uldivmod
</UL>
<BR>[Calls]<UL><LI><a href="#[b3]">&gt;&gt;</a>&nbsp;&nbsp;&nbsp;__aeabi_uldivmod
</UL>
<BR>[Called By]<UL><LI><a href="#[b1]">&gt;&gt;</a>&nbsp;&nbsp;&nbsp;HAL_RCC_ClockConfig
<LI><a href="#[c7]">&gt;&gt;</a>&nbsp;&nbsp;&nbsp;UART_SetConfig
</UL>

<P><STRONG><a name="[b4]"></a>HAL_RCC_OscConfig</STRONG> (Thumb, 1480 bytes, Stack size 40 bytes, stm32f3xx_hal_rcc.o(i.HAL_RCC_OscConfig))
<BR><BR>[Stack]<UL><LI>Max Depth = 40<LI>Call Chain = HAL_RCC_OscConfig
</UL>
<BR>[Calls]<UL><LI><a href="#[76]">&gt;&gt;</a>&nbsp;&nbsp;&nbsp;HAL_GetTick
</UL>
<BR>[Called By]<UL><LI><a href="#[144]">&gt;&gt;</a>&nbsp;&nbsp;&nbsp;SystemClock_Config
</UL>

<P><STRONG><a name="[b6]"></a>HAL_SYSTICK_Callback</STRONG> (Thumb, 2 bytes, Stack size 0 bytes, stm32f3xx_hal_cortex.o(i.HAL_SYSTICK_Callback))
<BR><BR>[Called By]<UL><LI><a href="#[b5]">&gt;&gt;</a>&nbsp;&nbsp;&nbsp;HAL_SYSTICK_IRQHandler
</UL>

<P><STRONG><a name="[ad]"></a>HAL_SYSTICK_Config</STRONG> (Thumb, 40 bytes, Stack size 8 bytes, stm32f3xx_hal_cortex.o(i.HAL_SYSTICK_Config))
<BR><BR>[Stack]<UL><LI>Max Depth = 8<LI>Call Chain = HAL_SYSTICK_Config
</UL>
<BR>[Calls]<UL><LI><a href="#[af]">&gt;&gt;</a>&nbsp;&nbsp;&nbsp;__NVIC_SetPriority
</UL>
<BR>[Called By]<UL><LI><a href="#[100]">&gt;&gt;</a>&nbsp;&nbsp;&nbsp;MX_MotorControl_Init
<LI><a href="#[ab]">&gt;&gt;</a>&nbsp;&nbsp;&nbsp;HAL_InitTick
</UL>

<P><STRONG><a name="[b5]"></a>HAL_SYSTICK_IRQHandler</STRONG> (Thumb, 8 bytes, Stack size 8 bytes, stm32f3xx_hal_cortex.o(i.HAL_SYSTICK_IRQHandler))
<BR><BR>[Stack]<UL><LI>Max Depth = 8<LI>Call Chain = HAL_SYSTICK_IRQHandler
</UL>
<BR>[Calls]<UL><LI><a href="#[b6]">&gt;&gt;</a>&nbsp;&nbsp;&nbsp;HAL_SYSTICK_Callback
</UL>
<BR>[Called By]<UL><LI><a href="#[1f]">&gt;&gt;</a>&nbsp;&nbsp;&nbsp;SysTick_Handler
</UL>

<P><STRONG><a name="[107]"></a>HAL_TIMEx_ConfigBreakDeadTime</STRONG> (Thumb, 126 bytes, Stack size 12 bytes, stm32f3xx_hal_tim_ex.o(i.HAL_TIMEx_ConfigBreakDeadTime))
<BR><BR>[Stack]<UL><LI>Max Depth = 12<LI>Call Chain = HAL_TIMEx_ConfigBreakDeadTime
</UL>
<BR>[Called By]<UL><LI><a href="#[105]">&gt;&gt;</a>&nbsp;&nbsp;&nbsp;MX_TIM1_Init
</UL>

<P><STRONG><a name="[106]"></a>HAL_TIMEx_MasterConfigSynchronization</STRONG> (Thumb, 98 bytes, Stack size 20 bytes, stm32f3xx_hal_tim_ex.o(i.HAL_TIMEx_MasterConfigSynchronization))
<BR><BR>[Stack]<UL><LI>Max Depth = 20<LI>Call Chain = HAL_TIMEx_MasterConfigSynchronization
</UL>
<BR>[Called By]<UL><LI><a href="#[108]">&gt;&gt;</a>&nbsp;&nbsp;&nbsp;MX_TIM2_Init
<LI><a href="#[105]">&gt;&gt;</a>&nbsp;&nbsp;&nbsp;MX_TIM1_Init
</UL>

<P><STRONG><a name="[b7]"></a>HAL_TIM_Encoder_Init</STRONG> (Thumb, 162 bytes, Stack size 24 bytes, stm32f3xx_hal_tim.o(i.HAL_TIM_Encoder_Init))
<BR><BR>[Stack]<UL><LI>Max Depth = 120<LI>Call Chain = HAL_TIM_Encoder_Init &rArr; HAL_TIM_Encoder_MspInit &rArr; HAL_GPIO_Init
</UL>
<BR>[Calls]<UL><LI><a href="#[b8]">&gt;&gt;</a>&nbsp;&nbsp;&nbsp;HAL_TIM_Encoder_MspInit
<LI><a href="#[b9]">&gt;&gt;</a>&nbsp;&nbsp;&nbsp;TIM_Base_SetConfig
</UL>
<BR>[Called By]<UL><LI><a href="#[108]">&gt;&gt;</a>&nbsp;&nbsp;&nbsp;MX_TIM2_Init
</UL>

<P><STRONG><a name="[b8]"></a>HAL_TIM_Encoder_MspInit</STRONG> (Thumb, 126 bytes, Stack size 40 bytes, stm32f3xx_hal_msp.o(i.HAL_TIM_Encoder_MspInit))
<BR><BR>[Stack]<UL><LI>Max Depth = 96<LI>Call Chain = HAL_TIM_Encoder_MspInit &rArr; HAL_GPIO_Init
</UL>
<BR>[Calls]<UL><LI><a href="#[a6]">&gt;&gt;</a>&nbsp;&nbsp;&nbsp;HAL_GPIO_Init
<LI><a href="#[a5]">&gt;&gt;</a>&nbsp;&nbsp;&nbsp;__aeabi_memclr4
</UL>
<BR>[Called By]<UL><LI><a href="#[b7]">&gt;&gt;</a>&nbsp;&nbsp;&nbsp;HAL_TIM_Encoder_Init
</UL>

<P><STRONG><a name="[ba]"></a>HAL_TIM_MspPostInit</STRONG> (Thumb, 74 bytes, Stack size 32 bytes, stm32f3xx_hal_msp.o(i.HAL_TIM_MspPostInit))
<BR><BR>[Stack]<UL><LI>Max Depth = 88<LI>Call Chain = HAL_TIM_MspPostInit &rArr; HAL_GPIO_Init
</UL>
<BR>[Calls]<UL><LI><a href="#[a6]">&gt;&gt;</a>&nbsp;&nbsp;&nbsp;HAL_GPIO_Init
<LI><a href="#[a5]">&gt;&gt;</a>&nbsp;&nbsp;&nbsp;__aeabi_memclr4
</UL>
<BR>[Called By]<UL><LI><a href="#[105]">&gt;&gt;</a>&nbsp;&nbsp;&nbsp;MX_TIM1_Init
</UL>

<P><STRONG><a name="[bb]"></a>HAL_TIM_PWM_ConfigChannel</STRONG> (Thumb, 292 bytes, Stack size 16 bytes, stm32f3xx_hal_tim.o(i.HAL_TIM_PWM_ConfigChannel))
<BR><BR>[Stack]<UL><LI>Max Depth = 36<LI>Call Chain = HAL_TIM_PWM_ConfigChannel &rArr; TIM_OC1_SetConfig
</UL>
<BR>[Calls]<UL><LI><a href="#[c1]">&gt;&gt;</a>&nbsp;&nbsp;&nbsp;TIM_OC6_SetConfig
<LI><a href="#[c0]">&gt;&gt;</a>&nbsp;&nbsp;&nbsp;TIM_OC5_SetConfig
<LI><a href="#[bf]">&gt;&gt;</a>&nbsp;&nbsp;&nbsp;TIM_OC4_SetConfig
<LI><a href="#[be]">&gt;&gt;</a>&nbsp;&nbsp;&nbsp;TIM_OC3_SetConfig
<LI><a href="#[bc]">&gt;&gt;</a>&nbsp;&nbsp;&nbsp;TIM_OC1_SetConfig
<LI><a href="#[bd]">&gt;&gt;</a>&nbsp;&nbsp;&nbsp;TIM_OC2_SetConfig
</UL>
<BR>[Called By]<UL><LI><a href="#[105]">&gt;&gt;</a>&nbsp;&nbsp;&nbsp;MX_TIM1_Init
</UL>

<P><STRONG><a name="[c2]"></a>HAL_TIM_PWM_Init</STRONG> (Thumb, 98 bytes, Stack size 8 bytes, stm32f3xx_hal_tim.o(i.HAL_TIM_PWM_Init))
<BR><BR>[Stack]<UL><LI>Max Depth = 96<LI>Call Chain = HAL_TIM_PWM_Init &rArr; HAL_TIM_PWM_MspInit &rArr; HAL_GPIO_Init
</UL>
<BR>[Calls]<UL><LI><a href="#[c3]">&gt;&gt;</a>&nbsp;&nbsp;&nbsp;HAL_TIM_PWM_MspInit
<LI><a href="#[b9]">&gt;&gt;</a>&nbsp;&nbsp;&nbsp;TIM_Base_SetConfig
</UL>
<BR>[Called By]<UL><LI><a href="#[105]">&gt;&gt;</a>&nbsp;&nbsp;&nbsp;MX_TIM1_Init
</UL>

<P><STRONG><a name="[c3]"></a>HAL_TIM_PWM_MspInit</STRONG> (Thumb, 92 bytes, Stack size 32 bytes, stm32f3xx_hal_msp.o(i.HAL_TIM_PWM_MspInit))
<BR><BR>[Stack]<UL><LI>Max Depth = 88<LI>Call Chain = HAL_TIM_PWM_MspInit &rArr; HAL_GPIO_Init
</UL>
<BR>[Calls]<UL><LI><a href="#[a6]">&gt;&gt;</a>&nbsp;&nbsp;&nbsp;HAL_GPIO_Init
<LI><a href="#[a5]">&gt;&gt;</a>&nbsp;&nbsp;&nbsp;__aeabi_memclr4
</UL>
<BR>[Called By]<UL><LI><a href="#[c2]">&gt;&gt;</a>&nbsp;&nbsp;&nbsp;HAL_TIM_PWM_Init
</UL>

<P><STRONG><a name="[c4]"></a>HAL_UART_Init</STRONG> (Thumb, 102 bytes, Stack size 8 bytes, stm32f3xx_hal_uart.o(i.HAL_UART_Init))
<BR><BR>[Stack]<UL><LI>Max Depth = 112<LI>Call Chain = HAL_UART_Init &rArr; HAL_UART_MspInit &rArr; HAL_GPIO_Init
</UL>
<BR>[Calls]<UL><LI><a href="#[c5]">&gt;&gt;</a>&nbsp;&nbsp;&nbsp;HAL_UART_MspInit
<LI><a href="#[c7]">&gt;&gt;</a>&nbsp;&nbsp;&nbsp;UART_SetConfig
<LI><a href="#[c8]">&gt;&gt;</a>&nbsp;&nbsp;&nbsp;UART_CheckIdleState
<LI><a href="#[c6]">&gt;&gt;</a>&nbsp;&nbsp;&nbsp;UART_AdvFeatureConfig
</UL>
<BR>[Called By]<UL><LI><a href="#[109]">&gt;&gt;</a>&nbsp;&nbsp;&nbsp;MX_USART2_UART_Init
</UL>

<P><STRONG><a name="[c5]"></a>HAL_UART_MspInit</STRONG> (Thumb, 164 bytes, Stack size 48 bytes, stm32f3xx_hal_msp.o(i.HAL_UART_MspInit))
<BR><BR>[Stack]<UL><LI>Max Depth = 104<LI>Call Chain = HAL_UART_MspInit &rArr; HAL_GPIO_Init
</UL>
<BR>[Calls]<UL><LI><a href="#[a6]">&gt;&gt;</a>&nbsp;&nbsp;&nbsp;HAL_GPIO_Init
<LI><a href="#[c9]">&gt;&gt;</a>&nbsp;&nbsp;&nbsp;Error_Handler
<LI><a href="#[a7]">&gt;&gt;</a>&nbsp;&nbsp;&nbsp;HAL_DMA_Init
<LI><a href="#[a5]">&gt;&gt;</a>&nbsp;&nbsp;&nbsp;__aeabi_memclr4
</UL>
<BR>[Called By]<UL><LI><a href="#[c4]">&gt;&gt;</a>&nbsp;&nbsp;&nbsp;HAL_UART_Init
</UL>

<P><STRONG><a name="[e0]"></a>HF_GetIDSize</STRONG> (Thumb, 34 bytes, Stack size 0 bytes, hf_registers.o(i.HF_GetIDSize))
<BR><BR>[Called By]<UL><LI><a href="#[de]">&gt;&gt;</a>&nbsp;&nbsp;&nbsp;MCPA_cfgLog
</UL>

<P><STRONG><a name="[df]"></a>HF_GetPtrReg</STRONG> (Thumb, 196 bytes, Stack size 8 bytes, hf_registers.o(i.HF_GetPtrReg))
<BR><BR>[Stack]<UL><LI>Max Depth = 8<LI>Call Chain = HF_GetPtrReg
</UL>
<BR>[Called By]<UL><LI><a href="#[de]">&gt;&gt;</a>&nbsp;&nbsp;&nbsp;MCPA_cfgLog
</UL>

<P><STRONG><a name="[18]"></a>HardFault_Handler</STRONG> (Thumb, 6 bytes, Stack size 0 bytes, stm32_mc_common_it.o(i.HardFault_Handler))
<BR><BR>[Stack]<UL><LI>Max Depth = 16<LI>Call Chain = HardFault_Handler &rArr; TSK_HardwareFaultTask &rArr; FOC_Clear
</UL>
<BR>[Calls]<UL><LI><a href="#[ca]">&gt;&gt;</a>&nbsp;&nbsp;&nbsp;TSK_HardwareFaultTask
</UL>
<BR>[Address Reference Count : 1]<UL><LI> startup_stm32f302x8.o(RESET)
</UL>
<P><STRONG><a name="[cb]"></a>MCI_Clear_Iqdref</STRONG> (Thumb, 16 bytes, Stack size 8 bytes, mc_interface.o(i.MCI_Clear_Iqdref))
<BR><BR>[Stack]<UL><LI>Max Depth = 8<LI>Call Chain = MCI_Clear_Iqdref
</UL>
<BR>[Calls]<UL><LI><a href="#[a0]">&gt;&gt;</a>&nbsp;&nbsp;&nbsp;STC_GetDefaultIqdref
</UL>
<BR>[Called By]<UL><LI><a href="#[e4]">&gt;&gt;</a>&nbsp;&nbsp;&nbsp;MCP_ReceivedPacket
</UL>

<P><STRONG><a name="[cc]"></a>MCI_ExecBufferedCommands</STRONG> (Thumb, 104 bytes, Stack size 8 bytes, mc_interface.o(i.MCI_ExecBufferedCommands))
<BR><BR>[Stack]<UL><LI>Max Depth = 24<LI>Call Chain = MCI_ExecBufferedCommands &rArr; STC_ExecRamp
</UL>
<BR>[Calls]<UL><LI><a href="#[81]">&gt;&gt;</a>&nbsp;&nbsp;&nbsp;STC_SetControlMode
<LI><a href="#[82]">&gt;&gt;</a>&nbsp;&nbsp;&nbsp;STC_ExecRamp
</UL>
<BR>[Called By]<UL><LI><a href="#[f1]">&gt;&gt;</a>&nbsp;&nbsp;&nbsp;TSK_MediumFrequencyTaskM1
</UL>

<P><STRONG><a name="[cd]"></a>MCI_ExecPositionCommand</STRONG> (Thumb, 94 bytes, Stack size 16 bytes, mc_interface.o(i.MCI_ExecPositionCommand))
<BR><BR>[Stack]<UL><LI>Max Depth = 16<LI>Call Chain = MCI_ExecPositionCommand
</UL>
<BR>[Calls]<UL><LI><a href="#[cf]">&gt;&gt;</a>&nbsp;&nbsp;&nbsp;TC_MoveCommand
<LI><a href="#[d0]">&gt;&gt;</a>&nbsp;&nbsp;&nbsp;TC_FollowCommand
<LI><a href="#[ce]">&gt;&gt;</a>&nbsp;&nbsp;&nbsp;SPD_GetMecAngle
</UL>
<BR>[Called By]<UL><LI><a href="#[5b]">&gt;&gt;</a>&nbsp;&nbsp;&nbsp;RI_SetRegisterMotor1
</UL>

<P><STRONG><a name="[a2]"></a>MCI_ExecSpeedRamp</STRONG> (Thumb, 16 bytes, Stack size 0 bytes, mc_interface.o(i.MCI_ExecSpeedRamp))
<BR><BR>[Called By]<UL><LI><a href="#[98]">&gt;&gt;</a>&nbsp;&nbsp;&nbsp;FOC_Init
<LI><a href="#[5b]">&gt;&gt;</a>&nbsp;&nbsp;&nbsp;RI_SetRegisterMotor1
</UL>

<P><STRONG><a name="[137]"></a>MCI_ExecTorqueRamp</STRONG> (Thumb, 18 bytes, Stack size 0 bytes, mc_interface.o(i.MCI_ExecTorqueRamp))
<BR><BR>[Called By]<UL><LI><a href="#[5b]">&gt;&gt;</a>&nbsp;&nbsp;&nbsp;RI_SetRegisterMotor1
</UL>

<P><STRONG><a name="[d1]"></a>MCI_FaultAcknowledged</STRONG> (Thumb, 36 bytes, Stack size 16 bytes, mc_interface.o(i.MCI_FaultAcknowledged))
<BR><BR>[Stack]<UL><LI>Max Depth = 16<LI>Call Chain = MCI_FaultAcknowledged
</UL>
<BR>[Calls]<UL><LI><a href="#[d2]">&gt;&gt;</a>&nbsp;&nbsp;&nbsp;MCI_GetSTMState
<LI><a href="#[d3]">&gt;&gt;</a>&nbsp;&nbsp;&nbsp;MCI_GetCurrentFaults
</UL>
<BR>[Called By]<UL><LI><a href="#[e4]">&gt;&gt;</a>&nbsp;&nbsp;&nbsp;MCP_ReceivedPacket
</UL>

<P><STRONG><a name="[97]"></a>MCI_FaultProcessing</STRONG> (Thumb, 16 bytes, Stack size 0 bytes, mc_interface.o(i.MCI_FaultProcessing))
<BR><BR>[Called By]<UL><LI><a href="#[156]">&gt;&gt;</a>&nbsp;&nbsp;&nbsp;TSK_SafetyTask_PWMOFF
<LI><a href="#[ca]">&gt;&gt;</a>&nbsp;&nbsp;&nbsp;TSK_HardwareFaultTask
<LI><a href="#[93]">&gt;&gt;</a>&nbsp;&nbsp;&nbsp;FOC_HighFrequencyTask
</UL>

<P><STRONG><a name="[d4]"></a>MCI_GetAvrgMecSpeedUnit</STRONG> (Thumb, 8 bytes, Stack size 0 bytes, mc_interface.o(i.MCI_GetAvrgMecSpeedUnit))
<BR><BR>[Calls]<UL><LI><a href="#[d5]">&gt;&gt;</a>&nbsp;&nbsp;&nbsp;SPD_GetAvrgMecSpeedUnit
</UL>
<BR>[Called By]<UL><LI><a href="#[5d]">&gt;&gt;</a>&nbsp;&nbsp;&nbsp;RI_GetRegisterMotor1
</UL>

<P><STRONG><a name="[11f]"></a>MCI_GetControlMode</STRONG> (Thumb, 4 bytes, Stack size 0 bytes, mc_interface.o(i.MCI_GetControlMode))
<BR><BR>[Called By]<UL><LI><a href="#[5d]">&gt;&gt;</a>&nbsp;&nbsp;&nbsp;RI_GetRegisterMotor1
</UL>

<P><STRONG><a name="[d3]"></a>MCI_GetCurrentFaults</STRONG> (Thumb, 4 bytes, Stack size 0 bytes, mc_interface.o(i.MCI_GetCurrentFaults))
<BR><BR>[Called By]<UL><LI><a href="#[f1]">&gt;&gt;</a>&nbsp;&nbsp;&nbsp;TSK_MediumFrequencyTaskM1
<LI><a href="#[dc]">&gt;&gt;</a>&nbsp;&nbsp;&nbsp;MCI_StopMotor
<LI><a href="#[da]">&gt;&gt;</a>&nbsp;&nbsp;&nbsp;MCI_StartMotor
<LI><a href="#[d1]">&gt;&gt;</a>&nbsp;&nbsp;&nbsp;MCI_FaultAcknowledged
</UL>

<P><STRONG><a name="[d6]"></a>MCI_GetCurrentPosition</STRONG> (Thumb, 6 bytes, Stack size 0 bytes, mc_interface.o(i.MCI_GetCurrentPosition))
<BR><BR>[Stack]<UL><LI>Max Depth = 8<LI>Call Chain = MCI_GetCurrentPosition &rArr; TC_GetCurrentPosition
</UL>
<BR>[Calls]<UL><LI><a href="#[d7]">&gt;&gt;</a>&nbsp;&nbsp;&nbsp;TC_GetCurrentPosition
</UL>
<BR>[Called By]<UL><LI><a href="#[5d]">&gt;&gt;</a>&nbsp;&nbsp;&nbsp;RI_GetRegisterMotor1
</UL>

<P><STRONG><a name="[130]"></a>MCI_GetFaultState</STRONG> (Thumb, 10 bytes, Stack size 0 bytes, mc_interface.o(i.MCI_GetFaultState))
<BR><BR>[Called By]<UL><LI><a href="#[156]">&gt;&gt;</a>&nbsp;&nbsp;&nbsp;TSK_SafetyTask_PWMOFF
<LI><a href="#[5d]">&gt;&gt;</a>&nbsp;&nbsp;&nbsp;RI_GetRegisterMotor1
</UL>

<P><STRONG><a name="[123]"></a>MCI_GetIab</STRONG> (Thumb, 6 bytes, Stack size 0 bytes, mc_interface.o(i.MCI_GetIab))
<BR><BR>[Called By]<UL><LI><a href="#[5d]">&gt;&gt;</a>&nbsp;&nbsp;&nbsp;RI_GetRegisterMotor1
</UL>

<P><STRONG><a name="[124]"></a>MCI_GetIalphabeta</STRONG> (Thumb, 6 bytes, Stack size 0 bytes, mc_interface.o(i.MCI_GetIalphabeta))
<BR><BR>[Called By]<UL><LI><a href="#[5d]">&gt;&gt;</a>&nbsp;&nbsp;&nbsp;RI_GetRegisterMotor1
</UL>

<P><STRONG><a name="[125]"></a>MCI_GetIqd</STRONG> (Thumb, 6 bytes, Stack size 0 bytes, mc_interface.o(i.MCI_GetIqd))
<BR><BR>[Called By]<UL><LI><a href="#[5d]">&gt;&gt;</a>&nbsp;&nbsp;&nbsp;RI_GetRegisterMotor1
</UL>

<P><STRONG><a name="[126]"></a>MCI_GetIqdref</STRONG> (Thumb, 6 bytes, Stack size 0 bytes, mc_interface.o(i.MCI_GetIqdref))
<BR><BR>[Called By]<UL><LI><a href="#[5b]">&gt;&gt;</a>&nbsp;&nbsp;&nbsp;RI_SetRegisterMotor1
<LI><a href="#[5d]">&gt;&gt;</a>&nbsp;&nbsp;&nbsp;RI_GetRegisterMotor1
</UL>

<P><STRONG><a name="[132]"></a>MCI_GetLastRampFinalDuration</STRONG> (Thumb, 4 bytes, Stack size 0 bytes, mc_interface.o(i.MCI_GetLastRampFinalDuration))
<BR><BR>[Called By]<UL><LI><a href="#[5d]">&gt;&gt;</a>&nbsp;&nbsp;&nbsp;RI_GetRegisterMotor1
</UL>

<P><STRONG><a name="[131]"></a>MCI_GetLastRampFinalSpeed</STRONG> (Thumb, 6 bytes, Stack size 0 bytes, mc_interface.o(i.MCI_GetLastRampFinalSpeed))
<BR><BR>[Called By]<UL><LI><a href="#[5d]">&gt;&gt;</a>&nbsp;&nbsp;&nbsp;RI_GetRegisterMotor1
</UL>

<P><STRONG><a name="[133]"></a>MCI_GetLastRampFinalTorque</STRONG> (Thumb, 6 bytes, Stack size 0 bytes, mc_interface.o(i.MCI_GetLastRampFinalTorque))
<BR><BR>[Called By]<UL><LI><a href="#[5d]">&gt;&gt;</a>&nbsp;&nbsp;&nbsp;RI_GetRegisterMotor1
</UL>

<P><STRONG><a name="[d8]"></a>MCI_GetMecSpeedRefUnit</STRONG> (Thumb, 6 bytes, Stack size 0 bytes, mc_interface.o(i.MCI_GetMecSpeedRefUnit))
<BR><BR>[Calls]<UL><LI><a href="#[d9]">&gt;&gt;</a>&nbsp;&nbsp;&nbsp;STC_GetMecSpeedRefUnit
</UL>
<BR>[Called By]<UL><LI><a href="#[5b]">&gt;&gt;</a>&nbsp;&nbsp;&nbsp;RI_SetRegisterMotor1
<LI><a href="#[5d]">&gt;&gt;</a>&nbsp;&nbsp;&nbsp;RI_GetRegisterMotor1
</UL>

<P><STRONG><a name="[db]"></a>MCI_GetOccurredFaults</STRONG> (Thumb, 4 bytes, Stack size 0 bytes, mc_interface.o(i.MCI_GetOccurredFaults))
<BR><BR>[Called By]<UL><LI><a href="#[f1]">&gt;&gt;</a>&nbsp;&nbsp;&nbsp;TSK_MediumFrequencyTaskM1
<LI><a href="#[dc]">&gt;&gt;</a>&nbsp;&nbsp;&nbsp;MCI_StopMotor
<LI><a href="#[da]">&gt;&gt;</a>&nbsp;&nbsp;&nbsp;MCI_StartMotor
</UL>

<P><STRONG><a name="[d2]"></a>MCI_GetSTMState</STRONG> (Thumb, 4 bytes, Stack size 0 bytes, mc_interface.o(i.MCI_GetSTMState))
<BR><BR>[Called By]<UL><LI><a href="#[e4]">&gt;&gt;</a>&nbsp;&nbsp;&nbsp;MCP_ReceivedPacket
<LI><a href="#[ef]">&gt;&gt;</a>&nbsp;&nbsp;&nbsp;MC_GetSTMStateMotor1
<LI><a href="#[dc]">&gt;&gt;</a>&nbsp;&nbsp;&nbsp;MCI_StopMotor
<LI><a href="#[da]">&gt;&gt;</a>&nbsp;&nbsp;&nbsp;MCI_StartMotor
<LI><a href="#[d1]">&gt;&gt;</a>&nbsp;&nbsp;&nbsp;MCI_FaultAcknowledged
<LI><a href="#[5d]">&gt;&gt;</a>&nbsp;&nbsp;&nbsp;RI_GetRegisterMotor1
<LI><a href="#[ee]">&gt;&gt;</a>&nbsp;&nbsp;&nbsp;SPDPOT_Run
</UL>

<P><STRONG><a name="[136]"></a>MCI_GetTeref</STRONG> (Thumb, 8 bytes, Stack size 0 bytes, mc_interface.o(i.MCI_GetTeref))
<BR><BR>[Called By]<UL><LI><a href="#[5b]">&gt;&gt;</a>&nbsp;&nbsp;&nbsp;RI_SetRegisterMotor1
</UL>

<P><STRONG><a name="[128]"></a>MCI_GetValphabeta</STRONG> (Thumb, 8 bytes, Stack size 0 bytes, mc_interface.o(i.MCI_GetValphabeta))
<BR><BR>[Called By]<UL><LI><a href="#[5d]">&gt;&gt;</a>&nbsp;&nbsp;&nbsp;RI_GetRegisterMotor1
</UL>

<P><STRONG><a name="[127]"></a>MCI_GetVqd</STRONG> (Thumb, 8 bytes, Stack size 0 bytes, mc_interface.o(i.MCI_GetVqd))
<BR><BR>[Called By]<UL><LI><a href="#[5d]">&gt;&gt;</a>&nbsp;&nbsp;&nbsp;RI_GetRegisterMotor1
</UL>

<P><STRONG><a name="[13b]"></a>MCI_SetCurrentReferences</STRONG> (Thumb, 20 bytes, Stack size 0 bytes, mc_interface.o(i.MCI_SetCurrentReferences))
<BR><BR>[Called By]<UL><LI><a href="#[5b]">&gt;&gt;</a>&nbsp;&nbsp;&nbsp;RI_SetRegisterMotor1
</UL>

<P><STRONG><a name="[da]"></a>MCI_StartMotor</STRONG> (Thumb, 40 bytes, Stack size 16 bytes, mc_interface.o(i.MCI_StartMotor))
<BR><BR>[Stack]<UL><LI>Max Depth = 16<LI>Call Chain = MCI_StartMotor
</UL>
<BR>[Calls]<UL><LI><a href="#[d2]">&gt;&gt;</a>&nbsp;&nbsp;&nbsp;MCI_GetSTMState
<LI><a href="#[db]">&gt;&gt;</a>&nbsp;&nbsp;&nbsp;MCI_GetOccurredFaults
<LI><a href="#[d3]">&gt;&gt;</a>&nbsp;&nbsp;&nbsp;MCI_GetCurrentFaults
</UL>
<BR>[Called By]<UL><LI><a href="#[e4]">&gt;&gt;</a>&nbsp;&nbsp;&nbsp;MCP_ReceivedPacket
<LI><a href="#[f3]">&gt;&gt;</a>&nbsp;&nbsp;&nbsp;MC_StartMotor1
</UL>

<P><STRONG><a name="[dc]"></a>MCI_StopMotor</STRONG> (Thumb, 52 bytes, Stack size 16 bytes, mc_interface.o(i.MCI_StopMotor))
<BR><BR>[Stack]<UL><LI>Max Depth = 16<LI>Call Chain = MCI_StopMotor
</UL>
<BR>[Calls]<UL><LI><a href="#[d2]">&gt;&gt;</a>&nbsp;&nbsp;&nbsp;MCI_GetSTMState
<LI><a href="#[db]">&gt;&gt;</a>&nbsp;&nbsp;&nbsp;MCI_GetOccurredFaults
<LI><a href="#[d3]">&gt;&gt;</a>&nbsp;&nbsp;&nbsp;MCI_GetCurrentFaults
</UL>
<BR>[Called By]<UL><LI><a href="#[e4]">&gt;&gt;</a>&nbsp;&nbsp;&nbsp;MCP_ReceivedPacket
<LI><a href="#[f4]">&gt;&gt;</a>&nbsp;&nbsp;&nbsp;MC_StopMotor1
</UL>

<P><STRONG><a name="[e8]"></a>MCI_StopRamp</STRONG> (Thumb, 10 bytes, Stack size 0 bytes, mc_interface.o(i.MCI_StopRamp))
<BR><BR>[Called By]<UL><LI><a href="#[e4]">&gt;&gt;</a>&nbsp;&nbsp;&nbsp;MCP_ReceivedPacket
</UL>

<P><STRONG><a name="[8e]"></a>MCM_Clarke</STRONG> (Thumb, 68 bytes, Stack size 0 bytes, mc_math.o(i.MCM_Clarke))
<BR><BR>[Called By]<UL><LI><a href="#[8d]">&gt;&gt;</a>&nbsp;&nbsp;&nbsp;FOC_CurrControllerM1
</UL>

<P><STRONG><a name="[8f]"></a>MCM_Park</STRONG> (Thumb, 120 bytes, Stack size 24 bytes, mc_math.o(i.MCM_Park))
<BR><BR>[Stack]<UL><LI>Max Depth = 32<LI>Call Chain = MCM_Park &rArr; MCM_Trig_Functions
</UL>
<BR>[Calls]<UL><LI><a href="#[dd]">&gt;&gt;</a>&nbsp;&nbsp;&nbsp;MCM_Trig_Functions
</UL>
<BR>[Called By]<UL><LI><a href="#[8d]">&gt;&gt;</a>&nbsp;&nbsp;&nbsp;FOC_CurrControllerM1
</UL>

<P><STRONG><a name="[90]"></a>MCM_Rev_Park</STRONG> (Thumb, 52 bytes, Stack size 16 bytes, mc_math.o(i.MCM_Rev_Park))
[...]
</UL>

<P><STRONG><a name="[43]"></a>USART2_IRQHandler</STRONG> (Thumb, 236 bytes, Stack size 16 bytes, stm32_mc_common_it.o(i.USART2_IRQHandler))
<BR><BR>[Stack]<UL><LI>Max Depth = 32<LI>Call Chain = USART2_IRQHandler &rArr; ASPEP_HWDataTransmittedIT
</UL>
<BR>[Calls]<UL><LI><a href="#[163]">&gt;&gt;</a>&nbsp;&nbsp;&nbsp;ASPEP_HWReset
<LI><a href="#[162]">&gt;&gt;</a>&nbsp;&nbsp;&nbsp;ASPEP_HWDataTransmittedIT
<LI><a href="#[141]">&gt;&gt;</a>&nbsp;&nbsp;&nbsp;LL_DMA_ClearFlag_TC
</UL>
<BR>[Address Reference Count : 1]<UL><LI> startup_stm32f302x8.o(RESET)
</UL>
<P><STRONG><a name="[111]"></a>VBS_GetAvBusVoltage_V</STRONG> (Thumb, 10 bytes, Stack size 0 bytes, bus_voltage_sensor.o(i.VBS_GetAvBusVoltage_V))
<BR><BR>[Called By]<UL><LI><a href="#[110]">&gt;&gt;</a>&nbsp;&nbsp;&nbsp;PQD_GetAvrgElMotorPowerW
<LI><a href="#[5d]">&gt;&gt;</a>&nbsp;&nbsp;&nbsp;RI_GetRegisterMotor1
</UL>

<P><STRONG><a name="[164]"></a>VSS_Clear</STRONG> (Thumb, 44 bytes, Stack size 0 bytes, virtual_speed_sensor.o(i.VSS_Clear))
<BR><BR>[Called By]<UL><LI><a href="#[f7]">&gt;&gt;</a>&nbsp;&nbsp;&nbsp;VSS_Init
</UL>

<P><STRONG><a name="[f7]"></a>VSS_Init</STRONG> (Thumb, 8 bytes, Stack size 8 bytes, virtual_speed_sensor.o(i.VSS_Init))
<BR><BR>[Stack]<UL><LI>Max Depth = 8<LI>Call Chain = VSS_Init
</UL>
<BR>[Calls]<UL><LI><a href="#[164]">&gt;&gt;</a>&nbsp;&nbsp;&nbsp;VSS_Clear
</UL>
<BR>[Called By]<UL><LI><a href="#[f5]">&gt;&gt;</a>&nbsp;&nbsp;&nbsp;MCboot
</UL>

<P><STRONG><a name="[80]"></a>VSS_SetMecAcceleration</STRONG> (Thumb, 122 bytes, Stack size 20 bytes, virtual_speed_sensor.o(i.VSS_SetMecAcceleration))
<BR><BR>[Stack]<UL><LI>Max Depth = 20<LI>Call Chain = VSS_SetMecAcceleration
</UL>
<BR>[Called By]<UL><LI><a href="#[7f]">&gt;&gt;</a>&nbsp;&nbsp;&nbsp;EAC_StartAlignment
</UL>

<P><STRONG><a name="[69]"></a>main</STRONG> (Thumb, 58 bytes, Stack size 8 bytes, main.o(i.main))
<BR><BR>[Stack]<UL><LI>Max Depth = 304<LI>Call Chain = main &rArr; MX_ADC1_Init &rArr; HAL_ADC_Init &rArr; HAL_ADC_MspInit &rArr; HAL_GPIO_Init
</UL>
<BR>[Calls]<UL><LI><a href="#[100]">&gt;&gt;</a>&nbsp;&nbsp;&nbsp;MX_MotorControl_Init
<LI><a href="#[a9]">&gt;&gt;</a>&nbsp;&nbsp;&nbsp;HAL_Init
<LI><a href="#[144]">&gt;&gt;</a>&nbsp;&nbsp;&nbsp;SystemClock_Config
<LI><a href="#[109]">&gt;&gt;</a>&nbsp;&nbsp;&nbsp;MX_USART2_UART_Init
<LI><a href="#[108]">&gt;&gt;</a>&nbsp;&nbsp;&nbsp;MX_TIM2_Init
<LI><a href="#[105]">&gt;&gt;</a>&nbsp;&nbsp;&nbsp;MX_TIM1_Init
<LI><a href="#[103]">&gt;&gt;</a>&nbsp;&nbsp;&nbsp;MX_NVIC_Init
<LI><a href="#[fe]">&gt;&gt;</a>&nbsp;&nbsp;&nbsp;MX_GPIO_Init
<LI><a href="#[fb]">&gt;&gt;</a>&nbsp;&nbsp;&nbsp;MX_ADC1_Init
</UL>
<BR>[Called By]<UL><LI><a href="#[68]">&gt;&gt;</a>&nbsp;&nbsp;&nbsp;__rt_entry_main
</UL>

<P><STRONG><a name="[102]"></a>mc_lock_pins</STRONG> (Thumb, 148 bytes, Stack size 24 bytes, mc_tasks.o(i.mc_lock_pins))
<BR><BR>[Stack]<UL><LI>Max Depth = 32<LI>Call Chain = mc_lock_pins &rArr; LL_GPIO_LockPin
</UL>
<BR>[Calls]<UL><LI><a href="#[165]">&gt;&gt;</a>&nbsp;&nbsp;&nbsp;LL_GPIO_LockPin
</UL>
<BR>[Called By]<UL><LI><a href="#[100]">&gt;&gt;</a>&nbsp;&nbsp;&nbsp;MX_MotorControl_Init
</UL>

<P><STRONG><a name="[fa]"></a>startTimers</STRONG> (Thumb, 114 bytes, Stack size 8 bytes, pwm_common.o(i.startTimers))
<BR><BR>[Stack]<UL><LI>Max Depth = 8<LI>Call Chain = startTimers
</UL>
<BR>[Called By]<UL><LI><a href="#[f5]">&gt;&gt;</a>&nbsp;&nbsp;&nbsp;MCboot
</UL>

<P><STRONG><a name="[114]"></a>waitForPolarizationEnd</STRONG> (Thumb, 56 bytes, Stack size 16 bytes, pwm_common.o(i.waitForPolarizationEnd))
<BR><BR>[Stack]<UL><LI>Max Depth = 16<LI>Call Chain = waitForPolarizationEnd
</UL>
<BR>[Called By]<UL><LI><a href="#[6]">&gt;&gt;</a>&nbsp;&nbsp;&nbsp;R3_1_CurrentReadingPolarization
</UL>

<P><STRONG><a name="[63]"></a>_fp_init</STRONG> (Thumb, 10 bytes, Stack size 0 bytes, fpinit.o(x$fpl$fpinit))
<BR><BR>[Called By]<UL><LI><a href="#[62]">&gt;&gt;</a>&nbsp;&nbsp;&nbsp;__rt_lib_init_fp_1
</UL>

<P><STRONG><a name="[19a]"></a>__fplib_config_fpu_vfp</STRONG> (Thumb, 0 bytes, Stack size unknown bytes, fpinit.o(x$fpl$fpinit), UNUSED)

<P><STRONG><a name="[19b]"></a>__fplib_config_pureend_doubles</STRONG> (Thumb, 0 bytes, Stack size unknown bytes, fpinit.o(x$fpl$fpinit), UNUSED)
<P>
<H3>
Local Symbols
</H3>
<P><STRONG><a name="[fb]"></a>MX_ADC1_Init</STRONG> (Thumb, 250 bytes, Stack size 96 bytes, main.o(i.MX_ADC1_Init))
<BR><BR>[Stack]<UL><LI>Max Depth = 296<LI>Call Chain = MX_ADC1_Init &rArr; HAL_ADC_Init &rArr; HAL_ADC_MspInit &rArr; HAL_GPIO_Init
</UL>
<BR>[Calls]<UL><LI><a href="#[fc]">&gt;&gt;</a>&nbsp;&nbsp;&nbsp;HAL_ADCEx_InjectedConfigChannel
<LI><a href="#[a3]">&gt;&gt;</a>&nbsp;&nbsp;&nbsp;HAL_ADC_Init
<LI><a href="#[fd]">&gt;&gt;</a>&nbsp;&nbsp;&nbsp;HAL_ADC_ConfigChannel
<LI><a href="#[a5]">&gt;&gt;</a>&nbsp;&nbsp;&nbsp;__aeabi_memclr4
</UL>
<BR>[Called By]<UL><LI><a href="#[69]">&gt;&gt;</a>&nbsp;&nbsp;&nbsp;main
</UL>

<P><STRONG><a name="[fe]"></a>MX_GPIO_Init</STRONG> (Thumb, 144 bytes, Stack size 40 bytes, main.o(i.MX_GPIO_Init))
<BR><BR>[Stack]<UL><LI>Max Depth = 96<LI>Call Chain = MX_GPIO_Init &rArr; HAL_GPIO_Init
</UL>
<BR>[Calls]<UL><LI><a href="#[ff]">&gt;&gt;</a>&nbsp;&nbsp;&nbsp;HAL_GPIO_WritePin
<LI><a href="#[a6]">&gt;&gt;</a>&nbsp;&nbsp;&nbsp;HAL_GPIO_Init
<LI><a href="#[a5]">&gt;&gt;</a>&nbsp;&nbsp;&nbsp;__aeabi_memclr4
</UL>
<BR>[Called By]<UL><LI><a href="#[69]">&gt;&gt;</a>&nbsp;&nbsp;&nbsp;main
</UL>

<P><STRONG><a name="[103]"></a>MX_NVIC_Init</STRONG> (Thumb, 118 bytes, Stack size 8 bytes, main.o(i.MX_NVIC_Init))
<BR><BR>[Stack]<UL><LI>Max Depth = 24<LI>Call Chain = MX_NVIC_Init &rArr; HAL_NVIC_SetPriority
</UL>
<BR>[Calls]<UL><LI><a href="#[ae]">&gt;&gt;</a>&nbsp;&nbsp;&nbsp;HAL_NVIC_SetPriority
<LI><a href="#[104]">&gt;&gt;</a>&nbsp;&nbsp;&nbsp;HAL_NVIC_EnableIRQ
</UL>
<BR>[Called By]<UL><LI><a href="#[69]">&gt;&gt;</a>&nbsp;&nbsp;&nbsp;main
</UL>

<P><STRONG><a name="[105]"></a>MX_TIM1_Init</STRONG> (Thumb, 238 bytes, Stack size 96 bytes, main.o(i.MX_TIM1_Init))
<BR><BR>[Stack]<UL><LI>Max Depth = 192<LI>Call Chain = MX_TIM1_Init &rArr; HAL_TIM_PWM_Init &rArr; HAL_TIM_PWM_MspInit &rArr; HAL_GPIO_Init
</UL>
<BR>[Calls]<UL><LI><a href="#[c2]">&gt;&gt;</a>&nbsp;&nbsp;&nbsp;HAL_TIM_PWM_Init
<LI><a href="#[bb]">&gt;&gt;</a>&nbsp;&nbsp;&nbsp;HAL_TIM_PWM_ConfigChannel
<LI><a href="#[ba]">&gt;&gt;</a>&nbsp;&nbsp;&nbsp;HAL_TIM_MspPostInit
<LI><a href="#[106]">&gt;&gt;</a>&nbsp;&nbsp;&nbsp;HAL_TIMEx_MasterConfigSynchronization
<LI><a href="#[107]">&gt;&gt;</a>&nbsp;&nbsp;&nbsp;HAL_TIMEx_ConfigBreakDeadTime
<LI><a href="#[a5]">&gt;&gt;</a>&nbsp;&nbsp;&nbsp;__aeabi_memclr4
</UL>
<BR>[Called By]<UL><LI><a href="#[69]">&gt;&gt;</a>&nbsp;&nbsp;&nbsp;main
</UL>

<P><STRONG><a name="[108]"></a>MX_TIM2_Init</STRONG> (Thumb, 104 bytes, Stack size 56 bytes, main.o(i.MX_TIM2_Init))
<BR><BR>[Stack]<UL><LI>Max Depth = 176<LI>Call Chain = MX_TIM2_Init &rArr; HAL_TIM_Encoder_Init &rArr; HAL_TIM_Encoder_MspInit &rArr; HAL_GPIO_Init
</UL>
<BR>[Calls]<UL><LI><a href="#[b7]">&gt;&gt;</a>&nbsp;&nbsp;&nbsp;HAL_TIM_Encoder_Init
<LI><a href="#[106]">&gt;&gt;</a>&nbsp;&nbsp;&nbsp;HAL_TIMEx_MasterConfigSynchronization
<LI><a href="#[a5]">&gt;&gt;</a>&nbsp;&nbsp;&nbsp;__aeabi_memclr4
</UL>
<BR>[Called By]<UL><LI><a href="#[69]">&gt;&gt;</a>&nbsp;&nbsp;&nbsp;main
</UL>

<P><STRONG><a name="[109]"></a>MX_USART2_UART_Init</STRONG> (Thumb, 48 bytes, Stack size 8 bytes, main.o(i.MX_USART2_UART_Init))
<BR><BR>[Stack]<UL><LI>Max Depth = 120<LI>Call Chain = MX_USART2_UART_Init &rArr; HAL_UART_Init &rArr; HAL_UART_MspInit &rArr; HAL_GPIO_Init
</UL>
<BR>[Calls]<UL><LI><a href="#[c4]">&gt;&gt;</a>&nbsp;&nbsp;&nbsp;HAL_UART_Init
</UL>
<BR>[Called By]<UL><LI><a href="#[69]">&gt;&gt;</a>&nbsp;&nbsp;&nbsp;main
</UL>

<P><STRONG><a name="[165]"></a>LL_GPIO_LockPin</STRONG> (Thumb, 18 bytes, Stack size 8 bytes, mc_tasks.o(i.LL_GPIO_LockPin))
<BR><BR>[Stack]<UL><LI>Max Depth = 8<LI>Call Chain = LL_GPIO_LockPin
</UL>
<BR>[Called By]<UL><LI><a href="#[102]">&gt;&gt;</a>&nbsp;&nbsp;&nbsp;mc_lock_pins
</UL>

<P><STRONG><a name="[8d]"></a>FOC_CurrControllerM1</STRONG> (Thumb, 180 bytes, Stack size 40 bytes, mc_tasks_foc.o(i.FOC_CurrControllerM1))
<BR><BR>[Stack]<UL><LI>Max Depth = 72<LI>Call Chain = FOC_CurrControllerM1 &rArr; MCM_Park &rArr; MCM_Trig_Functions
</UL>
<BR>[Calls]<UL><LI><a href="#[91]">&gt;&gt;</a>&nbsp;&nbsp;&nbsp;PI_Controller
<LI><a href="#[92]">&gt;&gt;</a>&nbsp;&nbsp;&nbsp;PWMC_SetPhaseVoltage
<LI><a href="#[90]">&gt;&gt;</a>&nbsp;&nbsp;&nbsp;MCM_Rev_Park
<LI><a href="#[8f]">&gt;&gt;</a>&nbsp;&nbsp;&nbsp;MCM_Park
<LI><a href="#[8e]">&gt;&gt;</a>&nbsp;&nbsp;&nbsp;MCM_Clarke
<LI><a href="#[7b]">&gt;&gt;</a>&nbsp;&nbsp;&nbsp;Circle_Limitation
</UL>
<BR>[Called By]<UL><LI><a href="#[93]">&gt;&gt;</a>&nbsp;&nbsp;&nbsp;FOC_HighFrequencyTask
</UL>

<P><STRONG><a name="[11d]"></a>LL_ADC_REG_ReadConversionData12L</STRONG> (Thumb, 10 bytes, Stack size 0 bytes, regular_conversion_manager.o(i.LL_ADC_REG_ReadConversionData12L))
<BR><BR>[Called By]<UL><LI><a href="#[94]">&gt;&gt;</a>&nbsp;&nbsp;&nbsp;RCM_ReadOngoingConv
</UL>

<P><STRONG><a name="[11c]"></a>LL_ADC_REG_SetSequencerRanks</STRONG> (Thumb, 48 bytes, Stack size 8 bytes, regular_conversion_manager.o(i.LL_ADC_REG_SetSequencerRanks))
<BR><BR>[Stack]<UL><LI>Max Depth = 8<LI>Call Chain = LL_ADC_REG_SetSequencerRanks
</UL>
<BR>[Called By]<UL><LI><a href="#[95]">&gt;&gt;</a>&nbsp;&nbsp;&nbsp;RCM_ExecNextConv
</UL>

<P><STRONG><a name="[141]"></a>LL_DMA_ClearFlag_TC</STRONG> (Thumb, 16 bytes, Stack size 0 bytes, stm32_mc_common_it.o(i.LL_DMA_ClearFlag_TC))
<BR><BR>[Called By]<UL><LI><a href="#[43]">&gt;&gt;</a>&nbsp;&nbsp;&nbsp;USART2_IRQHandler
<LI><a href="#[1f]">&gt;&gt;</a>&nbsp;&nbsp;&nbsp;SysTick_Handler
</UL>

<P><STRONG><a name="[15f]"></a>LL_DMA_EnableChannel</STRONG> (Thumb, 18 bytes, Stack size 0 bytes, usart_aspep_driver.o(i.LL_DMA_EnableChannel))
<BR><BR>[Called By]<UL><LI><a href="#[15]">&gt;&gt;</a>&nbsp;&nbsp;&nbsp;UASPEP_CFG_TRANSMISSION
<LI><a href="#[14]">&gt;&gt;</a>&nbsp;&nbsp;&nbsp;UASPEP_CFG_RECEPTION
</UL>

<P><STRONG><a name="[15e]"></a>LL_DMA_SetDataLength</STRONG> (Thumb, 22 bytes, Stack size 0 bytes, usart_aspep_driver.o(i.LL_DMA_SetDataLength))
<BR><BR>[Called By]<UL><LI><a href="#[15]">&gt;&gt;</a>&nbsp;&nbsp;&nbsp;UASPEP_CFG_TRANSMISSION
<LI><a href="#[14]">&gt;&gt;</a>&nbsp;&nbsp;&nbsp;UASPEP_CFG_RECEPTION
</UL>

<P><STRONG><a name="[77]"></a>ASPEP_CheckBeacon</STRONG> (Thumb, 122 bytes, Stack size 28 bytes, aspep.o(i.ASPEP_CheckBeacon))
<BR><BR>[Stack]<UL><LI>Max Depth = 28<LI>Call Chain = ASPEP_CheckBeacon
</UL>
<BR>[Called By]<UL><LI><a href="#[11]">&gt;&gt;</a>&nbsp;&nbsp;&nbsp;ASPEP_RXframeProcess
</UL>

<P><STRONG><a name="[7a]"></a>ASPEP_TXframeProcess</STRONG> (Thumb, 200 bytes, Stack size 24 bytes, aspep.o(i.ASPEP_TXframeProcess))
<BR><BR>[Stack]<UL><LI>Max Depth = 24<LI>Call Chain = ASPEP_TXframeProcess
</UL>
<BR>[Called By]<UL><LI><a href="#[10]">&gt;&gt;</a>&nbsp;&nbsp;&nbsp;ASPEP_sendPacket
<LI><a href="#[11]">&gt;&gt;</a>&nbsp;&nbsp;&nbsp;ASPEP_RXframeProcess
<LI><a href="#[78]">&gt;&gt;</a>&nbsp;&nbsp;&nbsp;ASPEP_sendPing
<LI><a href="#[79]">&gt;&gt;</a>&nbsp;&nbsp;&nbsp;ASPEP_sendBeacon
</UL>

<P><STRONG><a name="[75]"></a>ADC_Disable</STRONG> (Thumb, 106 bytes, Stack size 16 bytes, stm32f3xx_hal_adc_ex.o(i.ADC_Disable))
<BR><BR>[Stack]<UL><LI>Max Depth = 16<LI>Call Chain = ADC_Disable
</UL>
<BR>[Calls]<UL><LI><a href="#[76]">&gt;&gt;</a>&nbsp;&nbsp;&nbsp;HAL_GetTick
</UL>
<BR>[Called By]<UL><LI><a href="#[a3]">&gt;&gt;</a>&nbsp;&nbsp;&nbsp;HAL_ADC_Init
</UL>

<P><STRONG><a name="[a8]"></a>DMA_CalcBaseAndBitshift</STRONG> (Thumb, 22 bytes, Stack size 0 bytes, stm32f3xx_hal_dma.o(i.DMA_CalcBaseAndBitshift))
<BR><BR>[Called By]<UL><LI><a href="#[a7]">&gt;&gt;</a>&nbsp;&nbsp;&nbsp;HAL_DMA_Init
</UL>

<P><STRONG><a name="[af]"></a>__NVIC_SetPriority</STRONG> (Thumb, 32 bytes, Stack size 0 bytes, stm32f3xx_hal_cortex.o(i.__NVIC_SetPriority))
<BR><BR>[Called By]<UL><LI><a href="#[ad]">&gt;&gt;</a>&nbsp;&nbsp;&nbsp;HAL_SYSTICK_Config
<LI><a href="#[ae]">&gt;&gt;</a>&nbsp;&nbsp;&nbsp;HAL_NVIC_SetPriority
</UL>

<P><STRONG><a name="[bc]"></a>TIM_OC1_SetConfig</STRONG> (Thumb, 116 bytes, Stack size 20 bytes, stm32f3xx_hal_tim.o(i.TIM_OC1_SetConfig))
<BR><BR>[Stack]<UL><LI>Max Depth = 20<LI>Call Chain = TIM_OC1_SetConfig
</UL>
<BR>[Called By]<UL><LI><a href="#[bb]">&gt;&gt;</a>&nbsp;&nbsp;&nbsp;HAL_TIM_PWM_ConfigChannel
</UL>

<P><STRONG><a name="[be]"></a>TIM_OC3_SetConfig</STRONG> (Thumb, 106 bytes, Stack size 12 bytes, stm32f3xx_hal_tim.o(i.TIM_OC3_SetConfig))
<BR><BR>[Stack]<UL><LI>Max Depth = 12<LI>Call Chain = TIM_OC3_SetConfig
</UL>
<BR>[Called By]<UL><LI><a href="#[bb]">&gt;&gt;</a>&nbsp;&nbsp;&nbsp;HAL_TIM_PWM_ConfigChannel
</UL>

<P><STRONG><a name="[bf]"></a>TIM_OC4_SetConfig</STRONG> (Thumb, 86 bytes, Stack size 12 bytes, stm32f3xx_hal_tim.o(i.TIM_OC4_SetConfig))
<BR><BR>[Stack]<UL><LI>Max Depth = 12<LI>Call Chain = TIM_OC4_SetConfig
</UL>
<BR>[Called By]<UL><LI><a href="#[bb]">&gt;&gt;</a>&nbsp;&nbsp;&nbsp;HAL_TIM_PWM_ConfigChannel
</UL>

<P><STRONG><a name="[c0]"></a>TIM_OC5_SetConfig</STRONG> (Thumb, 80 bytes, Stack size 12 bytes, stm32f3xx_hal_tim.o(i.TIM_OC5_SetConfig))
<BR><BR>[Stack]<UL><LI>Max Depth = 12<LI>Call Chain = TIM_OC5_SetConfig
</UL>
<BR>[Called By]<UL><LI><a href="#[bb]">&gt;&gt;</a>&nbsp;&nbsp;&nbsp;HAL_TIM_PWM_ConfigChannel
</UL>

<P><STRONG><a name="[c1]"></a>TIM_OC6_SetConfig</STRONG> (Thumb, 82 bytes, Stack size 12 bytes, stm32f3xx_hal_tim.o(i.TIM_OC6_SetConfig))
<BR><BR>[Stack]<UL><LI>Max Depth = 12<LI>Call Chain = TIM_OC6_SetConfig
</UL>
<BR>[Called By]<UL><LI><a href="#[bb]">&gt;&gt;</a>&nbsp;&nbsp;&nbsp;HAL_TIM_PWM_ConfigChannel
</UL>

<P><STRONG><a name="[15b]"></a>UART_EndRxTransfer</STRONG> (Thumb, 76 bytes, Stack size 0 bytes, stm32f3xx_hal_uart.o(i.UART_EndRxTransfer))
<BR><BR>[Calls]<UL><LI><a href="#[15b]">&gt;&gt;</a>&nbsp;&nbsp;&nbsp;UART_EndRxTransfer
</UL>
<BR>[Called By]<UL><LI><a href="#[15a]">&gt;&gt;</a>&nbsp;&nbsp;&nbsp;UART_WaitOnFlagUntilTimeout
<LI><a href="#[15b]">&gt;&gt;</a>&nbsp;&nbsp;&nbsp;UART_EndRxTransfer
</UL>

<P><STRONG><a name="[86]"></a>LL_TIM_IC_SetFilter</STRONG> (Thumb, 108 bytes, Stack size 8 bytes, encoder_speed_pos_fdbk.o(i.LL_TIM_IC_SetFilter))
<BR><BR>[Stack]<UL><LI>Max Depth = 8<LI>Call Chain = LL_TIM_IC_SetFilter
</UL>
<BR>[Called By]<UL><LI><a href="#[85]">&gt;&gt;</a>&nbsp;&nbsp;&nbsp;ENC_Init
</UL>

<P><STRONG><a name="[115]"></a>LL_TIM_OC_DisablePreload</STRONG> (Thumb, 100 bytes, Stack size 0 bytes, r3_1_f30x_pwm_curr_fdbk.o(i.LL_TIM_OC_DisablePreload))
<BR><BR>[Called By]<UL><LI><a href="#[7]">&gt;&gt;</a>&nbsp;&nbsp;&nbsp;R3_1_TurnOnLowSides
<LI><a href="#[5]">&gt;&gt;</a>&nbsp;&nbsp;&nbsp;R3_1_SwitchOnPWM
<LI><a href="#[c]">&gt;&gt;</a>&nbsp;&nbsp;&nbsp;R3_1_RLTurnOnLowSidesAndStart
<LI><a href="#[6]">&gt;&gt;</a>&nbsp;&nbsp;&nbsp;R3_1_CurrentReadingPolarization
<LI><a href="#[58]">&gt;&gt;</a>&nbsp;&nbsp;&nbsp;R3_1_RLTurnOnLowSides
<LI><a href="#[59]">&gt;&gt;</a>&nbsp;&nbsp;&nbsp;R3_1_RLSwitchOnPWM
</UL>

<P><STRONG><a name="[116]"></a>LL_TIM_OC_EnablePreload</STRONG> (Thumb, 100 bytes, Stack size 0 bytes, r3_1_f30x_pwm_curr_fdbk.o(i.LL_TIM_OC_EnablePreload))
<BR><BR>[Called By]<UL><LI><a href="#[7]">&gt;&gt;</a>&nbsp;&nbsp;&nbsp;R3_1_TurnOnLowSides
<LI><a href="#[5]">&gt;&gt;</a>&nbsp;&nbsp;&nbsp;R3_1_SwitchOnPWM
<LI><a href="#[c]">&gt;&gt;</a>&nbsp;&nbsp;&nbsp;R3_1_RLTurnOnLowSidesAndStart
<LI><a href="#[6]">&gt;&gt;</a>&nbsp;&nbsp;&nbsp;R3_1_CurrentReadingPolarization
<LI><a href="#[119]">&gt;&gt;</a>&nbsp;&nbsp;&nbsp;R3_1_TIMxInit
<LI><a href="#[58]">&gt;&gt;</a>&nbsp;&nbsp;&nbsp;R3_1_RLTurnOnLowSides
<LI><a href="#[59]">&gt;&gt;</a>&nbsp;&nbsp;&nbsp;R3_1_RLSwitchOnPWM
</UL>

<P><STRONG><a name="[11a]"></a>LL_TIM_OC_SetMode</STRONG> (Thumb, 106 bytes, Stack size 8 bytes, r3_1_f30x_pwm_curr_fdbk.o(i.LL_TIM_OC_SetMode))
<BR><BR>[Stack]<UL><LI>Max Depth = 8<LI>Call Chain = LL_TIM_OC_SetMode
</UL>
<BR>[Called By]<UL><LI><a href="#[9]">&gt;&gt;</a>&nbsp;&nbsp;&nbsp;R3_1_RLDetectionModeEnable
<LI><a href="#[a]">&gt;&gt;</a>&nbsp;&nbsp;&nbsp;R3_1_RLDetectionModeDisable
</UL>

<P><STRONG><a name="[118]"></a>R3_1_ADCxInit</STRONG> (Thumb, 148 bytes, Stack size 8 bytes, r3_1_f30x_pwm_curr_fdbk.o(i.R3_1_ADCxInit))
<BR><BR>[Stack]<UL><LI>Max Depth = 8<LI>Call Chain = R3_1_ADCxInit
</UL>
<BR>[Called By]<UL><LI><a href="#[99]">&gt;&gt;</a>&nbsp;&nbsp;&nbsp;R3_1_Init
</UL>

<P><STRONG><a name="[54]"></a>R3_1_HFCurrentsPolarizationAB</STRONG> (Thumb, 60 bytes, Stack size 12 bytes, r3_1_f30x_pwm_curr_fdbk.o(i.R3_1_HFCurrentsPolarizationAB))
<BR><BR>[Stack]<UL><LI>Max Depth = 12<LI>Call Chain = R3_1_HFCurrentsPolarizationAB
</UL>
<BR>[Address Reference Count : 1]<UL><LI> r3_1_f30x_pwm_curr_fdbk.o(i.R3_1_CurrentReadingPolarization)
</UL>
<P><STRONG><a name="[56]"></a>R3_1_HFCurrentsPolarizationC</STRONG> (Thumb, 52 bytes, Stack size 8 bytes, r3_1_f30x_pwm_curr_fdbk.o(i.R3_1_HFCurrentsPolarizationC))
<BR><BR>[Stack]<UL><LI>Max Depth = 8<LI>Call Chain = R3_1_HFCurrentsPolarizationC
</UL>
<BR>[Address Reference Count : 1]<UL><LI> r3_1_f30x_pwm_curr_fdbk.o(i.R3_1_CurrentReadingPolarization)
</UL>
<P><STRONG><a name="[57]"></a>R3_1_RLGetPhaseCurrents</STRONG> (Thumb, 48 bytes, Stack size 8 bytes, r3_1_f30x_pwm_curr_fdbk.o(i.R3_1_RLGetPhaseCurrents))
<BR><BR>[Stack]<UL><LI>Max Depth = 8<LI>Call Chain = R3_1_RLGetPhaseCurrents
</UL>
<BR>[Address Reference Count : 1]<UL><LI> r3_1_f30x_pwm_curr_fdbk.o(i.R3_1_RLDetectionModeEnable)
</UL>
<P><STRONG><a name="[59]"></a>R3_1_RLSwitchOnPWM</STRONG> (Thumb, 154 bytes, Stack size 16 bytes, r3_1_f30x_pwm_curr_fdbk.o(i.R3_1_RLSwitchOnPWM))
<BR><BR>[Stack]<UL><LI>Max Depth = 16<LI>Call Chain = R3_1_RLSwitchOnPWM
</UL>
<BR>[Calls]<UL><LI><a href="#[116]">&gt;&gt;</a>&nbsp;&nbsp;&nbsp;LL_TIM_OC_EnablePreload
<LI><a href="#[115]">&gt;&gt;</a>&nbsp;&nbsp;&nbsp;LL_TIM_OC_DisablePreload
</UL>
<BR>[Address Reference Count : 1]<UL><LI> r3_1_f30x_pwm_curr_fdbk.o(i.R3_1_RLDetectionModeEnable)
</UL>
<P><STRONG><a name="[58]"></a>R3_1_RLTurnOnLowSides</STRONG> (Thumb, 68 bytes, Stack size 16 bytes, r3_1_f30x_pwm_curr_fdbk.o(i.R3_1_RLTurnOnLowSides))
<BR><BR>[Stack]<UL><LI>Max Depth = 16<LI>Call Chain = R3_1_RLTurnOnLowSides
</UL>
<BR>[Calls]<UL><LI><a href="#[116]">&gt;&gt;</a>&nbsp;&nbsp;&nbsp;LL_TIM_OC_EnablePreload
<LI><a href="#[115]">&gt;&gt;</a>&nbsp;&nbsp;&nbsp;LL_TIM_OC_DisablePreload
</UL>
<BR>[Address Reference Count : 1]<UL><LI> r3_1_f30x_pwm_curr_fdbk.o(i.R3_1_RLDetectionModeEnable)
</UL>
<P><STRONG><a name="[117]"></a>R3_1_SetAOReferenceVoltage</STRONG> (Thumb, 116 bytes, Stack size 12 bytes, r3_1_f30x_pwm_curr_fdbk.o(i.R3_1_SetAOReferenceVoltage))
<BR><BR>[Stack]<UL><LI>Max Depth = 12<LI>Call Chain = R3_1_SetAOReferenceVoltage
</UL>
<BR>[Called By]<UL><LI><a href="#[99]">&gt;&gt;</a>&nbsp;&nbsp;&nbsp;R3_1_Init
</UL>

<P><STRONG><a name="[119]"></a>R3_1_TIMxInit</STRONG> (Thumb, 238 bytes, Stack size 16 bytes, r3_1_f30x_pwm_curr_fdbk.o(i.R3_1_TIMxInit))
<BR><BR>[Stack]<UL><LI>Max Depth = 16<LI>Call Chain = R3_1_TIMxInit
</UL>
<BR>[Calls]<UL><LI><a href="#[116]">&gt;&gt;</a>&nbsp;&nbsp;&nbsp;LL_TIM_OC_EnablePreload
</UL>
<BR>[Called By]<UL><LI><a href="#[99]">&gt;&gt;</a>&nbsp;&nbsp;&nbsp;R3_1_Init
</UL>

<P><STRONG><a name="[11b]"></a>R3_1_WriteTIMRegisters</STRONG> (Thumb, 34 bytes, Stack size 0 bytes, r3_1_f30x_pwm_curr_fdbk.o(i.R3_1_WriteTIMRegisters))
<BR><BR>[Called By]<UL><LI><a href="#[8]">&gt;&gt;</a>&nbsp;&nbsp;&nbsp;R3_1_SetADCSampPointSectX
<LI><a href="#[55]">&gt;&gt;</a>&nbsp;&nbsp;&nbsp;R3_1_SetADCSampPointPolarization
</UL>

<P><STRONG><a name="[e1]"></a>MCPA_stopDataLog</STRONG> (Thumb, 52 bytes, Stack size 16 bytes, mcpa.o(i.MCPA_stopDataLog))
<BR><BR>[Stack]<UL><LI>Max Depth = 16<LI>Call Chain = MCPA_stopDataLog
</UL>
<BR>[Called By]<UL><LI><a href="#[de]">&gt;&gt;</a>&nbsp;&nbsp;&nbsp;MCPA_cfgLog
</UL>
<P>
<H3>
Undefined Global Symbols
</H3><HR></body></html>
